../Middlewares/ST/touchgfx/framework/include/mvp/Presenter.hpp:40:18:virtual void touchgfx::Presenter::activate()	16	static
../Middlewares/ST/touchgfx/framework/include/mvp/Presenter.hpp:50:18:virtual void touchgfx::Presenter::deactivate()	16	static
../Middlewares/ST/touchgfx/framework/include/mvp/Presenter.hpp:55:13:touchgfx::Presenter::~Presenter()	16	static
../Middlewares/ST/touchgfx/framework/include/mvp/Presenter.hpp:55:13:virtual touchgfx::Presenter::~Presenter()	16	static
../Middlewares/ST/touchgfx/framework/include/mvp/Presenter.hpp:61:5:touchgfx::Presenter::Presenter()	16	static
../TouchGFX/gui/include/gui/model/ModelListener.hpp:9:5:ModelListener::ModelListener()	16	static
../TouchGFX/gui/include/gui/model/ModelListener.hpp:11:13:ModelListener::~ModelListener()	16	static
../TouchGFX/gui/include/gui/model/ModelListener.hpp:11:13:virtual ModelListener::~ModelListener()	16	static
../TouchGFX/gui/include/gui/screensettings_screen/ScreenSettingsPresenter.hpp:28:13:ScreenSettingsPresenter::~ScreenSettingsPresenter()	16	static
../TouchGFX/gui/include/gui/screensettings_screen/ScreenSettingsPresenter.hpp:28:13:virtual ScreenSettingsPresenter::~ScreenSettingsPresenter()	16	static
../TouchGFX/gui/src/screensettings_screen/ScreenSettingsPresenter.cpp:4:1:ScreenSettingsPresenter::ScreenSettingsPresenter(ScreenSettingsView&)	16	static
../TouchGFX/gui/src/screensettings_screen/ScreenSettingsPresenter.cpp:10:6:virtual void ScreenSettingsPresenter::activate()	16	static
../TouchGFX/gui/src/screensettings_screen/ScreenSettingsPresenter.cpp:15:6:virtual void ScreenSettingsPresenter::deactivate()	16	static
