Archive member included to satisfy reference by file (symbol)

d:/stm32cubeide_1.6.1/stm32cubeide/plugins/com.st.stm32cube.ide.mcu.externaltools.gnu-tools-for-stm32.9-2020-q2-update.win32_1.5.0.202011040924/tools/bin/../lib/gcc/arm-none-eabi/9.3.1/../../../../arm-none-eabi/lib/thumb/v7e-m+dp/hard\libc_nano.a(lib_a-errno.o)
                              Core/Src/syscalls.o (__errno)
d:/stm32cubeide_1.6.1/stm32cubeide/plugins/com.st.stm32cube.ide.mcu.externaltools.gnu-tools-for-stm32.9-2020-q2-update.win32_1.5.0.202011040924/tools/bin/../lib/gcc/arm-none-eabi/9.3.1/../../../../arm-none-eabi/lib/thumb/v7e-m+dp/hard\libc_nano.a(lib_a-exit.o)
                              d:/stm32cubeide_1.6.1/stm32cubeide/plugins/com.st.stm32cube.ide.mcu.externaltools.gnu-tools-for-stm32.9-2020-q2-update.win32_1.5.0.202011040924/tools/bin/../lib/gcc/arm-none-eabi/9.3.1/../../../../arm-none-eabi/lib/thumb/v7e-m+dp/hard/crt0.o (exit)
d:/stm32cubeide_1.6.1/stm32cubeide/plugins/com.st.stm32cube.ide.mcu.externaltools.gnu-tools-for-stm32.9-2020-q2-update.win32_1.5.0.202011040924/tools/bin/../lib/gcc/arm-none-eabi/9.3.1/../../../../arm-none-eabi/lib/thumb/v7e-m+dp/hard\libc_nano.a(lib_a-impure.o)
                              d:/stm32cubeide_1.6.1/stm32cubeide/plugins/com.st.stm32cube.ide.mcu.externaltools.gnu-tools-for-stm32.9-2020-q2-update.win32_1.5.0.202011040924/tools/bin/../lib/gcc/arm-none-eabi/9.3.1/../../../../arm-none-eabi/lib/thumb/v7e-m+dp/hard\libc_nano.a(lib_a-exit.o) (_global_impure_ptr)
d:/stm32cubeide_1.6.1/stm32cubeide/plugins/com.st.stm32cube.ide.mcu.externaltools.gnu-tools-for-stm32.9-2020-q2-update.win32_1.5.0.202011040924/tools/bin/../lib/gcc/arm-none-eabi/9.3.1/../../../../arm-none-eabi/lib/thumb/v7e-m+dp/hard\libc_nano.a(lib_a-init.o)
                              d:/stm32cubeide_1.6.1/stm32cubeide/plugins/com.st.stm32cube.ide.mcu.externaltools.gnu-tools-for-stm32.9-2020-q2-update.win32_1.5.0.202011040924/tools/bin/../lib/gcc/arm-none-eabi/9.3.1/../../../../arm-none-eabi/lib/thumb/v7e-m+dp/hard/crt0.o (__libc_init_array)
d:/stm32cubeide_1.6.1/stm32cubeide/plugins/com.st.stm32cube.ide.mcu.externaltools.gnu-tools-for-stm32.9-2020-q2-update.win32_1.5.0.202011040924/tools/bin/../lib/gcc/arm-none-eabi/9.3.1/../../../../arm-none-eabi/lib/thumb/v7e-m+dp/hard\libc_nano.a(lib_a-memcpy-stub.o)
                              Middlewares/Third_Party/FreeRTOS/Source/CMSIS_RTOS_V2/cmsis_os2.o (memcpy)
d:/stm32cubeide_1.6.1/stm32cubeide/plugins/com.st.stm32cube.ide.mcu.externaltools.gnu-tools-for-stm32.9-2020-q2-update.win32_1.5.0.202011040924/tools/bin/../lib/gcc/arm-none-eabi/9.3.1/../../../../arm-none-eabi/lib/thumb/v7e-m+dp/hard\libc_nano.a(lib_a-memset.o)
                              d:/stm32cubeide_1.6.1/stm32cubeide/plugins/com.st.stm32cube.ide.mcu.externaltools.gnu-tools-for-stm32.9-2020-q2-update.win32_1.5.0.202011040924/tools/bin/../lib/gcc/arm-none-eabi/9.3.1/../../../../arm-none-eabi/lib/thumb/v7e-m+dp/hard/crt0.o (memset)
d:/stm32cubeide_1.6.1/stm32cubeide/plugins/com.st.stm32cube.ide.mcu.externaltools.gnu-tools-for-stm32.9-2020-q2-update.win32_1.5.0.202011040924/tools/bin/../lib/gcc/arm-none-eabi/9.3.1/../../../../arm-none-eabi/lib/thumb/v7e-m+dp/hard\libc_nano.a(lib_a-sprintf.o)
                              Core/Src/main.o (sprintf)
d:/stm32cubeide_1.6.1/stm32cubeide/plugins/com.st.stm32cube.ide.mcu.externaltools.gnu-tools-for-stm32.9-2020-q2-update.win32_1.5.0.202011040924/tools/bin/../lib/gcc/arm-none-eabi/9.3.1/../../../../arm-none-eabi/lib/thumb/v7e-m+dp/hard\libc_nano.a(lib_a-nano-svfprintf.o)
                              d:/stm32cubeide_1.6.1/stm32cubeide/plugins/com.st.stm32cube.ide.mcu.externaltools.gnu-tools-for-stm32.9-2020-q2-update.win32_1.5.0.202011040924/tools/bin/../lib/gcc/arm-none-eabi/9.3.1/../../../../arm-none-eabi/lib/thumb/v7e-m+dp/hard\libc_nano.a(lib_a-sprintf.o) (_svfprintf_r)
d:/stm32cubeide_1.6.1/stm32cubeide/plugins/com.st.stm32cube.ide.mcu.externaltools.gnu-tools-for-stm32.9-2020-q2-update.win32_1.5.0.202011040924/tools/bin/../lib/gcc/arm-none-eabi/9.3.1/../../../../arm-none-eabi/lib/thumb/v7e-m+dp/hard\libc_nano.a(lib_a-nano-vfprintf_i.o)
                              d:/stm32cubeide_1.6.1/stm32cubeide/plugins/com.st.stm32cube.ide.mcu.externaltools.gnu-tools-for-stm32.9-2020-q2-update.win32_1.5.0.202011040924/tools/bin/../lib/gcc/arm-none-eabi/9.3.1/../../../../arm-none-eabi/lib/thumb/v7e-m+dp/hard\libc_nano.a(lib_a-nano-svfprintf.o) (_printf_i)
d:/stm32cubeide_1.6.1/stm32cubeide/plugins/com.st.stm32cube.ide.mcu.externaltools.gnu-tools-for-stm32.9-2020-q2-update.win32_1.5.0.202011040924/tools/bin/../lib/gcc/arm-none-eabi/9.3.1/../../../../arm-none-eabi/lib/thumb/v7e-m+dp/hard\libc_nano.a(lib_a-memchr.o)
[...]
Memory Configuration

Name             Origin             Length             Attributes
FLASH            0x0000000008000000 0x0000000000200000 xr
RAM              0x0000000020000000 0x0000000000020000 xrw
RAM_D1           0x0000000024000000 0x0000000000080000 xrw
RAM_D2           0x0000000030000000 0x0000000000048000 xrw
RAM_D3           0x0000000038000000 0x0000000000010000 xrw
ITCMRAM          0x0000000000000000 0x0000000000010000 xrw
*default*        0x0000000000000000 0xffffffffffffffff

Linker script and memory map

LOAD d:/stm32cubeide_1.6.1/stm32cubeide/plugins/com.st.stm32cube.ide.mcu.externaltools.gnu-tools-for-stm32.9-2020-q2-update.win32_1.5.0.202011040924/tools/bin/../lib/gcc/arm-none-eabi/9.3.1/thumb/v7e-m+dp/hard/crti.o
LOAD d:/stm32cubeide_1.6.1/stm32cubeide/plugins/com.st.stm32cube.ide.mcu.externaltools.gnu-tools-for-stm32.9-2020-q2-update.win32_1.5.0.202011040924/tools/bin/../lib/gcc/arm-none-eabi/9.3.1/thumb/v7e-m+dp/hard/crtbegin.o
LOAD d:/stm32cubeide_1.6.1/stm32cubeide/plugins/com.st.stm32cube.ide.mcu.externaltools.gnu-tools-for-stm32.9-2020-q2-update.win32_1.5.0.202011040924/tools/bin/../lib/gcc/arm-none-eabi/9.3.1/../../../../arm-none-eabi/lib/thumb/v7e-m+dp/hard/crt0.o
LOAD Core/Src/adc.o
LOAD Core/Src/freertos.o
LOAD Core/Src/gpio.o
LOAD Core/Src/l6474.o
LOAD Core/Src/main.o
LOAD Core/Src/motorcontrol.o
LOAD Core/Src/spi.o
LOAD Core/Src/stm32h7xx_hal_msp.o
LOAD Core/Src/stm32h7xx_hal_timebase_tim.o
LOAD Core/Src/stm32h7xx_it.o
LOAD Core/Src/syscalls.o
LOAD Core/Src/sysmem.o
LOAD Core/Src/system_stm32h7xx.o
LOAD Core/Src/usart.o
LOAD Core/Src/x_nucleo_ihm01a1_stm32f4xx.o
LOAD Core/Startup/startup_stm32h743iitx.o
LOAD Drivers/STM32H7xx_HAL_Driver/Src/stm32h7xx_hal.o
LOAD Drivers/STM32H7xx_HAL_Driver/Src/stm32h7xx_hal_adc.o
LOAD Drivers/STM32H7xx_HAL_Driver/Src/stm32h7xx_hal_adc_ex.o
LOAD Drivers/STM32H7xx_HAL_Driver/Src/stm32h7xx_hal_cortex.o
LOAD Drivers/STM32H7xx_HAL_Driver/Src/stm32h7xx_hal_dma.o
LOAD Drivers/STM32H7xx_HAL_Driver/Src/stm32h7xx_hal_dma_ex.o
LOAD Drivers/STM32H7xx_HAL_Driver/Src/stm32h7xx_hal_exti.o
LOAD Drivers/STM32H7xx_HAL_Driver/Src/stm32h7xx_hal_flash.o
LOAD Drivers/STM32H7xx_HAL_Driver/Src/stm32h7xx_hal_flash_ex.o
LOAD Drivers/STM32H7xx_HAL_Driver/Src/stm32h7xx_hal_gpio.o
LOAD Drivers/STM32H7xx_HAL_Driver/Src/stm32h7xx_hal_hsem.o
LOAD Drivers/STM32H7xx_HAL_Driver/Src/stm32h7xx_hal_i2c.o
LOAD Drivers/STM32H7xx_HAL_Driver/Src/stm32h7xx_hal_i2c_ex.o
LOAD Drivers/STM32H7xx_HAL_Driver/Src/stm32h7xx_hal_mdma.o
LOAD Drivers/STM32H7xx_HAL_Driver/Src/stm32h7xx_hal_pwr.o
LOAD Drivers/STM32H7xx_HAL_Driver/Src/stm32h7xx_hal_pwr_ex.o
LOAD Drivers/STM32H7xx_HAL_Driver/Src/stm32h7xx_hal_rcc.o
LOAD Drivers/STM32H7xx_HAL_Driver/Src/stm32h7xx_hal_rcc_ex.o
LOAD Drivers/STM32H7xx_HAL_Driver/Src/stm32h7xx_hal_spi.o
LOAD Drivers/STM32H7xx_HAL_Driver/Src/stm32h7xx_hal_spi_ex.o
LOAD Drivers/STM32H7xx_HAL_Driver/Src/stm32h7xx_hal_tim.o
LOAD Drivers/STM32H7xx_HAL_Driver/Src/stm32h7xx_hal_tim_ex.o
LOAD Drivers/STM32H7xx_HAL_Driver/Src/stm32h7xx_hal_uart.o
LOAD Drivers/STM32H7xx_HAL_Driver/Src/stm32h7xx_hal_uart_ex.o
LOAD Middlewares/Third_Party/FreeRTOS/Source/CMSIS_RTOS_V2/cmsis_os2.o
LOAD Middlewares/Third_Party/FreeRTOS/Source/croutine.o
LOAD Middlewares/Third_Party/FreeRTOS/Source/event_groups.o
LOAD Middlewares/Third_Party/FreeRTOS/Source/list.o
LOAD Middlewares/Third_Party/FreeRTOS/Source/queue.o
LOAD Middlewares/Third_Party/FreeRTOS/Source/stream_buffer.o
LOAD Middlewares/Third_Party/FreeRTOS/Source/tasks.o
LOAD Middlewares/Third_Party/FreeRTOS/Source/timers.o
LOAD Middlewares/Third_Party/FreeRTOS/Source/portable/GCC/ARM_CM4F/port.o
LOAD Middlewares/Third_Party/FreeRTOS/Source/portable/MemMang/heap_4.o
START GROUP
LOAD d:/stm32cubeide_1.6.1/stm32cubeide/plugins/com.st.stm32cube.ide.mcu.externaltools.gnu-tools-for-stm32.9-2020-q2-update.win32_1.5.0.202011040924/tools/bin/../lib/gcc/arm-none-eabi/9.3.1/../../../../arm-none-eabi/lib/thumb/v7e-m+dp/hard\libc_nano.a
LOAD d:/stm32cubeide_1.6.1/stm32cubeide/plugins/com.st.stm32cube.ide.mcu.externaltools.gnu-tools-for-stm32.9-2020-q2-update.win32_1.5.0.202011040924/tools/bin/../lib/gcc/arm-none-eabi/9.3.1/../../../../arm-none-eabi/lib/thumb/v7e-m+dp/hard\libm.a
END GROUP
START GROUP
LOAD d:/stm32cubeide_1.6.1/stm32cubeide/plugins/com.st.stm32cube.ide.mcu.externaltools.gnu-tools-for-stm32.9-2020-q2-update.win32_1.5.0.202011040924/tools/bin/../lib/gcc/arm-none-eabi/9.3.1/thumb/v7e-m+dp/hard\libgcc.a
LOAD d:/stm32cubeide_1.6.1/stm32cubeide/plugins/com.st.stm32cube.ide.mcu.externaltools.gnu-tools-for-stm32.9-2020-q2-update.win32_1.5.0.202011040924/tools/bin/../lib/gcc/arm-none-eabi/9.3.1/../../../../arm-none-eabi/lib/thumb/v7e-m+dp/hard\libc_nano.a
END GROUP
START GROUP
LOAD d:/stm32cubeide_1.6.1/stm32cubeide/plugins/com.st.stm32cube.ide.mcu.externaltools.gnu-tools-for-stm32.9-2020-q2-update.win32_1.5.0.202011040924/tools/bin/../lib/gcc/arm-none-eabi/9.3.1/thumb/v7e-m+dp/hard\libgcc.a
LOAD d:/stm32cubeide_1.6.1/stm32cubeide/plugins/com.st.stm32cube.ide.mcu.externaltools.gnu-tools-for-stm32.9-2020-q2-update.win32_1.5.0.202011040924/tools/bin/../lib/gcc/arm-none-eabi/9.3.1/../../../../arm-none-eabi/lib/thumb/v7e-m+dp/hard\libc_nano.a
LOAD d:/stm32cubeide_1.6.1/stm32cubeide/plugins/com.st.stm32cube.ide.mcu.externaltools.gnu-tools-for-stm32.9-2020-q2-update.win32_1.5.0.202011040924/tools/bin/../lib/gcc/arm-none-eabi/9.3.1/../../../../arm-none-eabi/lib/thumb/v7e-m+dp/hard\libnosys.a
END GROUP
START GROUP
LOAD d:/stm32cubeide_1.6.1/stm32cubeide/plugins/com.st.stm32cube.ide.mcu.externaltools.gnu-tools-for-stm32.9-2020-q2-update.win32_1.5.0.202011040924/tools/bin/../lib/gcc/arm-none-eabi/9.3.1/thumb/v7e-m+dp/hard\libgcc.a
LOAD d:/stm32cubeide_1.6.1/stm32cubeide/plugins/com.st.stm32cube.ide.mcu.externaltools.gnu-tools-for-stm32.9-2020-q2-update.win32_1.5.0.202011040924/tools/bin/../lib/gcc/arm-none-eabi/9.3.1/../../../../arm-none-eabi/lib/thumb/v7e-m+dp/hard\libc_nano.a
LOAD d:/stm32cubeide_1.6.1/stm32cubeide/plugins/com.st.stm32cube.ide.mcu.externaltools.gnu-tools-for-stm32.9-2020-q2-update.win32_1.5.0.202011040924/tools/bin/../lib/gcc/arm-none-eabi/9.3.1/../../../../arm-none-eabi/lib/thumb/v7e-m+dp/hard\libnosys.a
END GROUP
LOAD d:/stm32cubeide_1.6.1/stm32cubeide/plugins/com.st.stm32cube.ide.mcu.externaltools.gnu-tools-for-stm32.9-2020-q2-update.win32_1.5.0.202011040924/tools/bin/../lib/gcc/arm-none-eabi/9.3.1/thumb/v7e-m+dp/hard/crtend.o
LOAD d:/stm32cubeide_1.6.1/stm32cubeide/plugins/com.st.stm32cube.ide.mcu.externaltools.gnu-tools-for-stm32.9-2020-q2-update.win32_1.5.0.202011040924/tools/bin/../lib/gcc/arm-none-eabi/9.3.1/thumb/v7e-m+dp/hard/crtn.o
                0x0000000020020000                _estack = 0x20020000
                0x0000000000000200                _Min_Heap_Size = 0x200
                0x0000000000000400                _Min_Stack_Size = 0x400

.isr_vector     0x0000000008000000      0x298
                0x0000000008000000                . = ALIGN (0x4)
 *(.isr_vector)
 .isr_vector    0x0000000008000000      0x298 Core/Startup/startup_stm32h743iitx.o
                0x0000000008000000                g_pfnVectors
                0x0000000008000298                . = ALIGN (0x4)

.text           0x00000000080002a0     0xece4
                0x00000000080002a0                . = ALIGN (0x4)
 *(.text)
 .text          0x00000000080002a0       0x40 d:/stm32cubeide_1.6.1/stm32cubeide/plugins/com.st.stm32cube.ide.mcu.externaltools.gnu-tools-for-stm32.9-2020-q2-update.win32_1.5.0.202011040924/tools/bin/../lib/gcc/arm-none-eabi/9.3.1/thumb/v7e-m+dp/hard/crtbegin.o
 .text          0x00000000080002e0       0xa0 d:/stm32cubeide_1.6.1/stm32cubeide/plugins/com.st.stm32cube.ide.mcu.externaltools.gnu-tools-for-stm32.9-2020-q2-update.win32_1.5.0.202011040924/tools/bin/../lib/gcc/arm-none-eabi/9.3.1/../../../../arm-none-eabi/lib/thumb/v7e-m+dp/hard\libc_nano.a(lib_a-memchr.o)
                0x00000000080002e0                memchr
 .text          0x0000000008000380       0x30 d:/stm32cubeide_1.6.1/stm32cubeide/plugins/com.st.stm32cube.ide.mcu.externaltools.gnu-tools-for-stm32.9-2020-q2-update.win32_1.5.0.202011040924/tools/bin/../lib/gcc/arm-none-eabi/9.3.1/thumb/v7e-m+dp/hard\libgcc.a(_aeabi_uldivmod.o)
                0x0000000008000380                __aeabi_uldivmod
 .text          0x00000000080003b0      0x2c4 d:/stm32cubeide_1.6.1/stm32cubeide/plugins/com.st.stm32cube.ide.mcu.externaltools.gnu-tools-for-stm32.9-2020-q2-update.win32_1.5.0.202011040924/tools/bin/../lib/gcc/arm-none-eabi/9.3.1/thumb/v7e-m+dp/hard\libgcc.a(_udivmoddi4.o)
                0x00000000080003b0                __udivmoddi4
 .text          0x0000000008000674        0x4 d:/stm32cubeide_1.6.1/stm32cubeide/plugins/com.st.stm32cube.ide.mcu.externaltools.gnu-tools-for-stm32.9-2020-q2-update.win32_1.5.0.202011040924/tools/bin/../lib/gcc/arm-none-eabi/9.3.1/thumb/v7e-m+dp/hard\libgcc.a(_dvmd_tls.o)
                0x0000000008000674                __aeabi_idiv0
                0x0000000008000674                __aeabi_ldiv0
 *(.text*)
 .text.MX_ADC3_Init
                0x0000000008000678       0xcc Core/Src/adc.o
                0x0000000008000678                MX_ADC3_Init
 .text.HAL_ADC_MspInit
                0x0000000008000744       0x90 Core/Src/adc.o
                0x0000000008000744                HAL_ADC_MspInit
 .text.MX_FREERTOS_Init
                0x00000000080007d4       0x94 Core/Src/freertos.o
                0x00000000080007d4                MX_FREERTOS_Init
 .text.StartDefaultTask
                0x0000000008000868       0x10 Core/Src/freertos.o
                0x0000000008000868                StartDefaultTask
 .text.Stepper_motor
                0x0000000008000878       0x46 Core/Src/freertos.o
                0x0000000008000878                Stepper_motor
 .text.Cloud_Connectivity
                0x00000000080008be       0x10 Core/Src/freertos.o
                0x00000000080008be                Cloud_Connectivity
 *fill*         0x00000000080008ce        0x2 
 .text.Sensors_measurements
                0x00000000080008d0       0x68 Core/Src/freertos.o
                0x00000000080008d0                Sensors_measurements
 .text.Interface
                0x0000000008000938       0x28 Core/Src/freertos.o
                0x0000000008000938                Interface
 .text.MX_GPIO_Init
                0x0000000008000960      0x288 Core/Src/gpio.o
                0x0000000008000960                MX_GPIO_Init
 .text.L6474_AttachErrorHandler
                0x0000000008000be8       0x20 Core/Src/l6474.o
                0x0000000008000be8                L6474_AttachErrorHandler
 .text.L6474_AttachFlagInterrupt
                0x0000000008000c08       0x20 Core/Src/l6474.o
                0x0000000008000c08                L6474_AttachFlagInterrupt
 .text.L6474_CmdDisable
                0x0000000008000c28       0x1c Core/Src/l6474.o
                0x0000000008000c28                L6474_CmdDisable
 .text.L6474_CmdEnable
                0x0000000008000c44       0x1c Core/Src/l6474.o
                0x0000000008000c44                L6474_CmdEnable
 .text.L6474_CmdGetParam
                0x0000000008000c60      0x1e4 Core/Src/l6474.o
                0x0000000008000c60                L6474_CmdGetParam
 .text.L6474_CmdGetStatus
                0x0000000008000e44      0x10c Core/Src/l6474.o
                0x0000000008000e44                L6474_CmdGetStatus
 .text.L6474_CmdNop
                0x0000000008000f50       0x1c Core/Src/l6474.o
                0x0000000008000f50                L6474_CmdNop
 .text.L6474_CmdSetParam
                0x0000000008000f6c      0x1c8 Core/Src/l6474.o
                0x0000000008000f6c                L6474_CmdSetParam
 .text.L6474_Init
                0x0000000008001134       0x98 Core/Src/l6474.o
                0x0000000008001134                L6474_Init
 .text.L6474_GetAcceleration
                0x00000000080011cc       0x30 Core/Src/l6474.o
                0x00000000080011cc                L6474_GetAcceleration
 .text.L6474_GetCurrentSpeed
                0x00000000080011fc       0x30 Core/Src/l6474.o
                0x00000000080011fc                L6474_GetCurrentSpeed
 .text.L6474_GetDeceleration
                0x000000000800122c       0x30 Core/Src/l6474.o
                0x000000000800122c                L6474_GetDeceleration
 .text.L6474_GetDeviceState
                0x000000000800125c       0x30 Core/Src/l6474.o
                0x000000000800125c                L6474_GetDeviceState
 .text.L6474_GetDirection
                0x000000000800128c       0x30 Core/Src/l6474.o
                0x000000000800128c                L6474_GetDirection
 .text.L6474_GetFwVersion
                0x00000000080012bc       0x12 Core/Src/l6474.o
                0x00000000080012bc                L6474_GetFwVersion
 *fill*         0x00000000080012ce        0x2 
 .text.L6474_GetMotorHandle
                0x00000000080012d0       0x14 Core/Src/l6474.o
                0x00000000080012d0                L6474_GetMotorHandle
 .text.L6474_GetMark
                0x00000000080012e4       0x26 Core/Src/l6474.o
                0x00000000080012e4                L6474_GetMark
 *fill*         0x000000000800130a        0x2 
 .text.L6474_GetMaxSpeed
                0x000000000800130c       0x30 Core/Src/l6474.o
                0x000000000800130c                L6474_GetMaxSpeed
 .text.L6474_GetMinSpeed
                0x000000000800133c       0x30 Core/Src/l6474.o
                0x000000000800133c                L6474_GetMinSpeed
 .text.L6474_GetNbDevices
                0x000000000800136c       0x18 Core/Src/l6474.o
                0x000000000800136c                L6474_GetNbDevices
 .text.L6474_GetPosition
                0x0000000008001384       0x26 Core/Src/l6474.o
                0x0000000008001384                L6474_GetPosition
 *fill*         0x00000000080013aa        0x2 
 .text.L6474_GetStepMode
                0x00000000080013ac       0x78 Core/Src/l6474.o
                0x00000000080013ac                L6474_GetStepMode
 .text.L6474_GetStopMode
                0x0000000008001424       0x30 Core/Src/l6474.o
                0x0000000008001424                L6474_GetStopMode
 .text.L6474_GoHome
                0x0000000008001454       0x1c Core/Src/l6474.o
                0x0000000008001454                L6474_GoHome
 .text.L6474_GoMark
                0x0000000008001470       0x34 Core/Src/l6474.o
                0x0000000008001470                L6474_GoMark
 .text.L6474_GoTo
                0x00000000080014a4       0xfc Core/Src/l6474.o
                0x00000000080014a4                L6474_GoTo
 .text.L6474_HardStop
                0x00000000080015a0       0x94 Core/Src/l6474.o
                0x00000000080015a0                L6474_HardStop
 .text.L6474_HizStop
                0x0000000008001634       0x78 Core/Src/l6474.o
                0x0000000008001634                L6474_HizStop
 .text.L6474_Move
                0x00000000080016ac       0xb0 Core/Src/l6474.o
                0x00000000080016ac                L6474_Move
 .text.L6474_ReadId
                0x000000000800175c       0x18 Core/Src/l6474.o
                0x000000000800175c                L6474_ReadId
 .text.L6474_ReadStatusRegister
                0x0000000008001774       0x20 Core/Src/l6474.o
                0x0000000008001774                L6474_ReadStatusRegister
 .text.L6474_ReleaseReset
                0x0000000008001794       0x1a Core/Src/l6474.o
                0x0000000008001794                L6474_ReleaseReset
 .text.L6474_Reset
                0x00000000080017ae       0x1a Core/Src/l6474.o
                0x00000000080017ae                L6474_Reset
 .text.L6474_ResetAllDevices
                0x00000000080017c8       0x50 Core/Src/l6474.o
                0x00000000080017c8                L6474_ResetAllDevices
 .text.L6474_Run
                0x0000000008001818       0x64 Core/Src/l6474.o
                0x0000000008001818                L6474_Run
 .text.L6474_SelectStepMode
                0x000000000800187c       0x90 Core/Src/l6474.o
                0x000000000800187c                L6474_SelectStepMode
 .text.L6474_SetAcceleration
                0x000000000800190c       0x74 Core/Src/l6474.o
                0x000000000800190c                L6474_SetAcceleration
 .text.L6474_SetAnalogValue
                0x0000000008001980      0x20c Core/Src/l6474.o
                0x0000000008001980                L6474_SetAnalogValue
 .text.L6474_SetDeceleration
                0x0000000008001b8c       0x74 Core/Src/l6474.o
                0x0000000008001b8c                L6474_SetDeceleration
 .text.L6474_SetDirection
                0x0000000008001c00       0x54 Core/Src/l6474.o
                0x0000000008001c00                L6474_SetDirection
 .text.L6474_SetHome
                0x0000000008001c54       0x56 Core/Src/l6474.o
                0x0000000008001c54                L6474_SetHome
 .text.L6474_SetMark
                0x0000000008001caa       0x3c Core/Src/l6474.o
                0x0000000008001caa                L6474_SetMark
 *fill*         0x0000000008001ce6        0x2 
 .text.L6474_SetMaxSpeed
                0x0000000008001ce8       0x98 Core/Src/l6474.o
                0x0000000008001ce8                L6474_SetMaxSpeed
 .text.L6474_SetMinSpeed
                0x0000000008001d80       0x98 Core/Src/l6474.o
                0x0000000008001d80                L6474_SetMinSpeed
 .text.L6474_SetStopMode
                0x0000000008001e18       0x34 Core/Src/l6474.o
                0x0000000008001e18                L6474_SetStopMode
 .text.L6474_SoftStop
                0x0000000008001e4c       0x50 Core/Src/l6474.o
                0x0000000008001e4c                L6474_SoftStop
 .text.L6474_WaitWhileActive
                0x0000000008001e9c       0x24 Core/Src/l6474.o
                0x0000000008001e9c                L6474_WaitWhileActive
 .text.L6474_ApplySpeed
                0x0000000008001ec0       0x80 Core/Src/l6474.o
                0x0000000008001ec0                L6474_ApplySpeed
 .text.L6474_ComputeSpeedProfile
                0x0000000008001f40      0x17c Core/Src/l6474.o
                0x0000000008001f40                L6474_ComputeSpeedProfile
 .text.L6474_ConvertPosition
                0x00000000080020bc       0x40 Core/Src/l6474.o
                0x00000000080020bc                L6474_ConvertPosition
 .text.L6474_ErrorHandler
                0x00000000080020fc       0x2c Core/Src/l6474.o
                0x00000000080020fc                L6474_ErrorHandler
 .text.L6474_FlagInterruptHandler
                0x0000000008002128       0x2c Core/Src/l6474.o
                0x0000000008002128                L6474_FlagInterruptHandler
 .text.L6474_SendCommand
                0x0000000008002154       0xa4 Core/Src/l6474.o
                0x0000000008002154                L6474_SendCommand
 .text.L6474_SetDeviceParamsToGivenValues
                0x00000000080021f8      0x148 Core/Src/l6474.o
                0x00000000080021f8                L6474_SetDeviceParamsToGivenValues
 .text.L6474_SetDeviceParamsToPredefinedValues
                0x0000000008002340      0x138 Core/Src/l6474.o
                0x0000000008002340                L6474_SetDeviceParamsToPredefinedValues
 .text.L6474_SetRegisterToGivenValues
                0x0000000008002478       0xf6 Core/Src/l6474.o
                0x0000000008002478                L6474_SetRegisterToGivenValues
 *fill*         0x000000000800256e        0x2 
 .text.L6474_SetRegisterToPredefinedValues
                0x0000000008002570      0x1f8 Core/Src/l6474.o
                0x0000000008002570                L6474_SetRegisterToPredefinedValues
 .text.L6474_StartMovement
                0x0000000008002768       0xa4 Core/Src/l6474.o
                0x0000000008002768                L6474_StartMovement
 .text.L6474_StepClockHandler
                0x000000000800280c      0x5c0 Core/Src/l6474.o
                0x000000000800280c                L6474_StepClockHandler
 .text.L6474_Ocd_Th_to_Par
                0x0000000008002dcc       0x48 Core/Src/l6474.o
                0x0000000008002dcc                L6474_Ocd_Th_to_Par
 .text.L6474_Tval_Current_to_Par
                0x0000000008002e14       0x48 Core/Src/l6474.o
                0x0000000008002e14                L6474_Tval_Current_to_Par
 .text.L6474_Tmin_Time_to_Par
                0x0000000008002e5c       0x3a Core/Src/l6474.o
                0x0000000008002e5c                L6474_Tmin_Time_to_Par
 *fill*         0x0000000008002e96        0x2 
 .text.L6474_WriteBytes
                0x0000000008002e98       0x4c Core/Src/l6474.o
                0x0000000008002e98                L6474_WriteBytes
 .text.main     0x0000000008002ee4       0x6c Core/Src/main.o
                0x0000000008002ee4                main
 .text.SystemClock_Config
                0x0000000008002f50      0x108 Core/Src/main.o
                0x0000000008002f50                SystemClock_Config
 .text.MyFlagInterruptHandler
                0x0000000008003058       0x18 Core/Src/main.o
 .text.Send     0x0000000008003070       0x50 Core/Src/main.o
                0x0000000008003070                Send
 .text.HAL_TIM_PeriodElapsedCallback
                0x00000000080030c0       0x24 Core/Src/main.o
                0x00000000080030c0                HAL_TIM_PeriodElapsedCallback
 .text.Error_Handler
                0x00000000080030e4        0xa Core/Src/main.o
                0x00000000080030e4                Error_Handler
 .text.Powerstep01_GetMotorHandle
                0x00000000080030ee       0x10 Core/Src/motorcontrol.o
                0x00000000080030ee                Powerstep01_GetMotorHandle
 .text.L6206_GetMotorHandle
                0x00000000080030fe       0x10 Core/Src/motorcontrol.o
                0x00000000080030fe                L6206_GetMotorHandle
 .text.L6208_GetMotorHandle
                0x000000000800310e       0x10 Core/Src/motorcontrol.o
                0x000000000800310e                L6208_GetMotorHandle
 *fill*         0x000000000800311e        0x2 
 .text.BSP_MotorControl_AttachFlagInterrupt
                0x0000000008003120       0x3c Core/Src/motorcontrol.o
                0x0000000008003120                BSP_MotorControl_AttachFlagInterrupt
 .text.BSP_MotorControl_ErrorHandler
                0x000000000800315c       0x3c Core/Src/motorcontrol.o
                0x000000000800315c                BSP_MotorControl_ErrorHandler
 .text.BSP_MotorControl_Init
                0x0000000008003198       0xa8 Core/Src/motorcontrol.o
                0x0000000008003198                BSP_MotorControl_Init
 .text.BSP_MotorControl_CmdGetStatus
                0x0000000008003240       0x4c Core/Src/motorcontrol.o
                0x0000000008003240                BSP_MotorControl_CmdGetStatus
 .text.MX_SPI2_Init
                0x000000000800328c       0xac Core/Src/spi.o
                0x000000000800328c                MX_SPI2_Init
 .text.HAL_SPI_MspInit
                0x0000000008003338       0xcc Core/Src/spi.o
                0x0000000008003338                HAL_SPI_MspInit
 .text.HAL_MspInit
                0x0000000008003404       0x3c Core/Src/stm32h7xx_hal_msp.o
                0x0000000008003404                HAL_MspInit
 .text.HAL_InitTick
                0x0000000008003440       0xd8 Core/Src/stm32h7xx_hal_timebase_tim.o
                0x0000000008003440                HAL_InitTick
 .text.NMI_Handler
                0x0000000008003518        0x6 Core/Src/stm32h7xx_it.o
                0x0000000008003518                NMI_Handler
 .text.HardFault_Handler
                0x000000000800351e        0x6 Core/Src/stm32h7xx_it.o
                0x000000000800351e                HardFault_Handler
 .text.MemManage_Handler
                0x0000000008003524        0x6 Core/Src/stm32h7xx_it.o
                0x0000000008003524                MemManage_Handler
 .text.BusFault_Handler
                0x000000000800352a        0x6 Core/Src/stm32h7xx_it.o
                0x000000000800352a                BusFault_Handler
 .text.UsageFault_Handler
                0x0000000008003530        0x6 Core/Src/stm32h7xx_it.o
                0x0000000008003530                UsageFault_Handler
 .text.DebugMon_Handler
                0x0000000008003536        0xe Core/Src/stm32h7xx_it.o
                0x0000000008003536                DebugMon_Handler
 .text.TIM3_IRQHandler
                0x0000000008003544       0x14 Core/Src/stm32h7xx_it.o
                0x0000000008003544                TIM3_IRQHandler
 .text._sbrk    0x0000000008003558       0x6c Core/Src/sysmem.o
                0x0000000008003558                _sbrk
 .text.SystemInit
                0x00000000080035c4      0x110 Core/Src/system_stm32h7xx.o
                0x00000000080035c4                SystemInit
 .text.MX_UART5_Init
                0x00000000080036d4       0x98 Core/Src/usart.o
                0x00000000080036d4                MX_UART5_Init
 .text.HAL_UART_MspInit
                0x000000000800376c      0x118 Core/Src/usart.o
                0x000000000800376c                HAL_UART_MspInit
 .text.L6474_Board_Delay
                0x0000000008003884       0x16 Core/Src/x_nucleo_ihm01a1_stm32f4xx.o
                0x0000000008003884                L6474_Board_Delay
 .text.L6474_Board_DisableIrq
                0x000000000800389a       0x12 Core/Src/x_nucleo_ihm01a1_stm32f4xx.o
                0x000000000800389a                L6474_Board_DisableIrq
 .text.L6474_Board_EnableIrq
                0x00000000080038ac       0x12 Core/Src/x_nucleo_ihm01a1_stm32f4xx.o
                0x00000000080038ac                L6474_Board_EnableIrq
 *fill*         0x00000000080038be        0x2 
 .text.L6474_Board_GpioInit
                0x00000000080038c0      0x170 Core/Src/x_nucleo_ihm01a1_stm32f4xx.o
                0x00000000080038c0                L6474_Board_GpioInit
 .text.L6474_Board_Pwm1SetFreq
                0x0000000008003a30       0x4c Core/Src/x_nucleo_ihm01a1_stm32f4xx.o
                0x0000000008003a30                L6474_Board_Pwm1SetFreq
 .text.L6474_Board_Pwm2SetFreq
                0x0000000008003a7c       0x4c Core/Src/x_nucleo_ihm01a1_stm32f4xx.o
                0x0000000008003a7c                L6474_Board_Pwm2SetFreq
 .text.L6474_Board_Pwm3SetFreq
                0x0000000008003ac8       0x4c Core/Src/x_nucleo_ihm01a1_stm32f4xx.o
                0x0000000008003ac8                L6474_Board_Pwm3SetFreq
 .text.L6474_Board_PwmInit
                0x0000000008003b14       0xac Core/Src/x_nucleo_ihm01a1_stm32f4xx.o
                0x0000000008003b14                L6474_Board_PwmInit
 .text.L6474_Board_PwmStop
                0x0000000008003bc0       0x54 Core/Src/x_nucleo_ihm01a1_stm32f4xx.o
                0x0000000008003bc0                L6474_Board_PwmStop
 .text.L6474_Board_ReleaseReset
                0x0000000008003c14       0x24 Core/Src/x_nucleo_ihm01a1_stm32f4xx.o
                0x0000000008003c14                L6474_Board_ReleaseReset
 .text.L6474_Board_Reset
                0x0000000008003c38       0x24 Core/Src/x_nucleo_ihm01a1_stm32f4xx.o
                0x0000000008003c38                L6474_Board_Reset
 .text.L6474_Board_SetDirectionGpio
                0x0000000008003c5c       0x60 Core/Src/x_nucleo_ihm01a1_stm32f4xx.o
                0x0000000008003c5c                L6474_Board_SetDirectionGpio
 .text.L6474_Board_SpiInit
                0x0000000008003cbc       0x74 Core/Src/x_nucleo_ihm01a1_stm32f4xx.o
                0x0000000008003cbc                L6474_Board_SpiInit
 .text.L6474_Board_SpiWriteBytes
                0x0000000008003d30       0x78 Core/Src/x_nucleo_ihm01a1_stm32f4xx.o
                0x0000000008003d30                L6474_Board_SpiWriteBytes
 .text.Reset_Handler
                0x0000000008003da8       0x50 Core/Startup/startup_stm32h743iitx.o
                0x0000000008003da8                Reset_Handler
 .text.Default_Handler
                0x0000000008003df8        0x2 Core/Startup/startup_stm32h743iitx.o
                0x0000000008003df8                RTC_Alarm_IRQHandler
                0x0000000008003df8                EXTI2_IRQHandler
                0x0000000008003df8                TIM8_CC_IRQHandler
                0x0000000008003df8                HRTIM1_Master_IRQHandler
                0x0000000008003df8                UART8_IRQHandler
                0x0000000008003df8                SPI4_IRQHandler
                0x0000000008003df8                TIM1_CC_IRQHandler
                0x0000000008003df8                BDMA_Channel6_IRQHandler
                0x0000000008003df8                DMA2_Stream5_IRQHandler
                0x0000000008003df8                HRTIM1_FLT_IRQHandler
                0x0000000008003df8                JPEG_IRQHandler
                0x0000000008003df8                DMA1_Stream5_IRQHandler
                0x0000000008003df8                BDMA_Channel1_IRQHandler
                0x0000000008003df8                HRTIM1_TIMD_IRQHandler
                0x0000000008003df8                TAMP_STAMP_IRQHandler
                0x0000000008003df8                EXTI3_IRQHandler
                0x0000000008003df8                LPTIM4_IRQHandler
                0x0000000008003df8                TIM8_TRG_COM_TIM14_IRQHandler
                0x0000000008003df8                LPTIM2_IRQHandler
                0x0000000008003df8                DFSDM1_FLT1_IRQHandler
                0x0000000008003df8                DMAMUX2_OVR_IRQHandler
                0x0000000008003df8                TIM8_UP_TIM13_IRQHandler
                0x0000000008003df8                I2C3_ER_IRQHandler
                0x0000000008003df8                DFSDM1_FLT2_IRQHandler
                0x0000000008003df8                MDMA_IRQHandler
                0x0000000008003df8                LPTIM3_IRQHandler
                0x0000000008003df8                HSEM1_IRQHandler
                0x0000000008003df8                EXTI0_IRQHandler
                0x0000000008003df8                I2C2_EV_IRQHandler
                0x0000000008003df8                DMA1_Stream2_IRQHandler
                0x0000000008003df8                FPU_IRQHandler
                0x0000000008003df8                OTG_HS_WKUP_IRQHandler
                0x0000000008003df8                FDCAN1_IT1_IRQHandler
                0x0000000008003df8                LTDC_ER_IRQHandler
                0x0000000008003df8                DMA2_Stream2_IRQHandler
                0x0000000008003df8                HRTIM1_TIME_IRQHandler
                0x0000000008003df8                SPI1_IRQHandler
                0x0000000008003df8                TIM6_DAC_IRQHandler
                0x0000000008003df8                DCMI_IRQHandler
                0x0000000008003df8                HRTIM1_TIMC_IRQHandler
                0x0000000008003df8                DMA2_Stream3_IRQHandler
                0x0000000008003df8                SAI2_IRQHandler
                0x0000000008003df8                DFSDM1_FLT3_IRQHandler
                0x0000000008003df8                USART6_IRQHandler
                0x0000000008003df8                TIM17_IRQHandler
                0x0000000008003df8                USART3_IRQHandler
                0x0000000008003df8                BDMA_Channel7_IRQHandler
                0x0000000008003df8                LPTIM5_IRQHandler
                0x0000000008003df8                UART5_IRQHandler
                0x0000000008003df8                ADC3_IRQHandler
                0x0000000008003df8                DMA2_Stream0_IRQHandler
                0x0000000008003df8                TIM4_IRQHandler
                0x0000000008003df8                BDMA_Channel2_IRQHandler
                0x0000000008003df8                QUADSPI_IRQHandler
                0x0000000008003df8                I2C1_EV_IRQHandler
                0x0000000008003df8                DMA1_Stream6_IRQHandler
                0x0000000008003df8                DMAMUX1_OVR_IRQHandler
                0x0000000008003df8                DMA1_Stream1_IRQHandler
                0x0000000008003df8                TIM16_IRQHandler
                0x0000000008003df8                UART4_IRQHandler
                0x0000000008003df8                BDMA_Channel5_IRQHandler
                0x0000000008003df8                RCC_IRQHandler
                0x0000000008003df8                TIM8_BRK_TIM12_IRQHandler
                0x0000000008003df8                TIM1_TRG_COM_IRQHandler
                0x0000000008003df8                Default_Handler
                0x0000000008003df8                ECC_IRQHandler
                0x0000000008003df8                CEC_IRQHandler
                0x0000000008003df8                EXTI15_10_IRQHandler
                0x0000000008003df8                BDMA_Channel0_IRQHandler
                0x0000000008003df8                ADC_IRQHandler
                0x0000000008003df8                DMA1_Stream7_IRQHandler
                0x0000000008003df8                HRTIM1_TIMA_IRQHandler
                0x0000000008003df8                SPI5_IRQHandler
                0x0000000008003df8                TIM7_IRQHandler
                0x0000000008003df8                SDMMC1_IRQHandler
                0x0000000008003df8                TIM5_IRQHandler
                0x0000000008003df8                DMA2_Stream7_IRQHandler
                0x0000000008003df8                TIM15_IRQHandler
                0x0000000008003df8                PVD_AVD_IRQHandler
                0x0000000008003df8                I2C3_EV_IRQHandler
                0x0000000008003df8                EXTI9_5_IRQHandler
                0x0000000008003df8                RTC_WKUP_IRQHandler
                0x0000000008003df8                LTDC_IRQHandler
                0x0000000008003df8                SAI3_IRQHandler
                0x0000000008003df8                ETH_WKUP_IRQHandler
                0x0000000008003df8                SPDIF_RX_IRQHandler
                0x0000000008003df8                SPI2_IRQHandler
                0x0000000008003df8                OTG_HS_EP1_IN_IRQHandler
                0x0000000008003df8                DMA1_Stream0_IRQHandler
                0x0000000008003df8                CRS_IRQHandler
                0x0000000008003df8                EXTI4_IRQHandler
                0x0000000008003df8                RNG_IRQHandler
                0x0000000008003df8                HRTIM1_TIMB_IRQHandler
                0x0000000008003df8                FDCAN2_IT1_IRQHandler
                0x0000000008003df8                ETH_IRQHandler
                0x0000000008003df8                TIM1_UP_IRQHandler
                0x0000000008003df8                BDMA_Channel4_IRQHandler
                0x0000000008003df8                OTG_HS_EP1_OUT_IRQHandler
                0x0000000008003df8                WWDG_IRQHandler
                0x0000000008003df8                SPI6_IRQHandler
                0x0000000008003df8                MDIOS_IRQHandler
                0x0000000008003df8                I2C4_EV_IRQHandler
                0x0000000008003df8                FDCAN2_IT0_IRQHandler
                0x0000000008003df8                LPUART1_IRQHandler
                0x0000000008003df8                FDCAN1_IT0_IRQHandler
                0x0000000008003df8                TIM2_IRQHandler
                0x0000000008003df8                OTG_FS_WKUP_IRQHandler
                0x0000000008003df8                OTG_HS_IRQHandler
                0x0000000008003df8                DMA2D_IRQHandler
                0x0000000008003df8                TIM1_BRK_IRQHandler
                0x0000000008003df8                EXTI1_IRQHandler
                0x0000000008003df8                SDMMC2_IRQHandler
                0x0000000008003df8                OTG_FS_EP1_OUT_IRQHandler
                0x0000000008003df8                BDMA_Channel3_IRQHandler
                0x0000000008003df8                UART7_IRQHandler
                0x0000000008003df8                MDIOS_WKUP_IRQHandler
                0x0000000008003df8                USART2_IRQHandler
                0x0000000008003df8                DFSDM1_FLT0_IRQHandler
                0x0000000008003df8                SAI4_IRQHandler
                0x0000000008003df8                I2C2_ER_IRQHandler
                0x0000000008003df8                DMA2_Stream1_IRQHandler
                0x0000000008003df8                FLASH_IRQHandler
                0x0000000008003df8                DMA2_Stream4_IRQHandler
                0x0000000008003df8                USART1_IRQHandler
                0x0000000008003df8                OTG_FS_IRQHandler
                0x0000000008003df8                SPI3_IRQHandler
                0x0000000008003df8                WAKEUP_PIN_IRQHandler
                0x0000000008003df8                DMA1_Stream4_IRQHandler
                0x0000000008003df8                OTG_FS_EP1_IN_IRQHandler
                0x0000000008003df8                I2C1_ER_IRQHandler
                0x0000000008003df8                FMC_IRQHandler
                0x0000000008003df8                FDCAN_CAL_IRQHandler
                0x0000000008003df8                SWPMI1_IRQHandler
                0x0000000008003df8                COMP1_IRQHandler
                0x0000000008003df8                LPTIM1_IRQHandler
                0x0000000008003df8                I2C4_ER_IRQHandler
                0x0000000008003df8                DMA2_Stream6_IRQHandler
                0x0000000008003df8                SAI1_IRQHandler
                0x0000000008003df8                DMA1_Stream3_IRQHandler
 *fill*         0x0000000008003dfa        0x2 
 .text.HAL_Init
                0x0000000008003dfc       0x78 Drivers/STM32H7xx_HAL_Driver/Src/stm32h7xx_hal.o
                0x0000000008003dfc                HAL_Init
 .text.HAL_IncTick
                0x0000000008003e74       0x28 Drivers/STM32H7xx_HAL_Driver/Src/stm32h7xx_hal.o
                0x0000000008003e74                HAL_IncTick
 .text.HAL_GetTick
                0x0000000008003e9c       0x18 Drivers/STM32H7xx_HAL_Driver/Src/stm32h7xx_hal.o
                0x0000000008003e9c                HAL_GetTick
 .text.HAL_Delay
                0x0000000008003eb4       0x48 Drivers/STM32H7xx_HAL_Driver/Src/stm32h7xx_hal.o
                0x0000000008003eb4                HAL_Delay
 .text.HAL_GetREVID
                0x0000000008003efc       0x18 Drivers/STM32H7xx_HAL_Driver/Src/stm32h7xx_hal.o
                0x0000000008003efc                HAL_GetREVID
 .text.LL_ADC_SetCommonClock
                0x0000000008003f14       0x26 Drivers/STM32H7xx_HAL_Driver/Src/stm32h7xx_hal_adc.o
 .text.LL_ADC_SetCommonPathInternalCh
                0x0000000008003f3a       0x26 Drivers/STM32H7xx_HAL_Driver/Src/stm32h7xx_hal_adc.o
 .text.LL_ADC_GetCommonPathInternalCh
                0x0000000008003f60       0x1c Drivers/STM32H7xx_HAL_Driver/Src/stm32h7xx_hal_adc.o
 .text.LL_ADC_SetOffset
                0x0000000008003f7c       0x40 Drivers/STM32H7xx_HAL_Driver/Src/stm32h7xx_hal_adc.o
 .text.LL_ADC_SetDataRightShift
                0x0000000008003fbc       0x32 Drivers/STM32H7xx_HAL_Driver/Src/stm32h7xx_hal_adc.o
 .text.LL_ADC_SetOffsetSignedSaturation
                0x0000000008003fee       0x36 Drivers/STM32H7xx_HAL_Driver/Src/stm32h7xx_hal_adc.o
 .text.LL_ADC_REG_IsTriggerSourceSWStart
                0x0000000008004024       0x26 Drivers/STM32H7xx_HAL_Driver/Src/stm32h7xx_hal_adc.o
 .text.LL_ADC_REG_SetSequencerRanks
                0x000000000800404a       0x58 Drivers/STM32H7xx_HAL_Driver/Src/stm32h7xx_hal_adc.o
 .text.LL_ADC_SetChannelSamplingTime
                0x00000000080040a2       0x56 Drivers/STM32H7xx_HAL_Driver/Src/stm32h7xx_hal_adc.o
 .text.LL_ADC_SetChannelSingleDiff
                0x00000000080040f8       0x48 Drivers/STM32H7xx_HAL_Driver/Src/stm32h7xx_hal_adc.o
 .text.LL_ADC_GetMultimode
                0x0000000008004140       0x1c Drivers/STM32H7xx_HAL_Driver/Src/stm32h7xx_hal_adc.o
 .text.LL_ADC_GetMultiDMATransfer
                0x000000000800415c       0x1c Drivers/STM32H7xx_HAL_Driver/Src/stm32h7xx_hal_adc.o
 .text.LL_ADC_DisableDeepPowerDown
                0x0000000008004178       0x24 Drivers/STM32H7xx_HAL_Driver/Src/stm32h7xx_hal_adc.o
 .text.LL_ADC_IsDeepPowerDownEnabled
                0x000000000800419c       0x28 Drivers/STM32H7xx_HAL_Driver/Src/stm32h7xx_hal_adc.o
 .text.LL_ADC_EnableInternalRegulator
                0x00000000080041c4       0x28 Drivers/STM32H7xx_HAL_Driver/Src/stm32h7xx_hal_adc.o
 .text.LL_ADC_IsInternalRegulatorEnabled
                0x00000000080041ec       0x28 Drivers/STM32H7xx_HAL_Driver/Src/stm32h7xx_hal_adc.o
 .text.LL_ADC_Enable
                0x0000000008004214       0x28 Drivers/STM32H7xx_HAL_Driver/Src/stm32h7xx_hal_adc.o
 .text.LL_ADC_IsEnabled
                0x000000000800423c       0x26 Drivers/STM32H7xx_HAL_Driver/Src/stm32h7xx_hal_adc.o
 *fill*         0x0000000008004262        0x2 
 .text.LL_ADC_REG_StartConversion
                0x0000000008004264       0x28 Drivers/STM32H7xx_HAL_Driver/Src/stm32h7xx_hal_adc.o
 .text.LL_ADC_REG_IsConversionOngoing
                0x000000000800428c       0x26 Drivers/STM32H7xx_HAL_Driver/Src/stm32h7xx_hal_adc.o
 .text.LL_ADC_INJ_IsConversionOngoing
                0x00000000080042b2       0x26 Drivers/STM32H7xx_HAL_Driver/Src/stm32h7xx_hal_adc.o
 .text.HAL_ADC_Init
                0x00000000080042d8      0x340 Drivers/STM32H7xx_HAL_Driver/Src/stm32h7xx_hal_adc.o
                0x00000000080042d8                HAL_ADC_Init
 .text.HAL_ADC_Start
                0x0000000008004618      0x194 Drivers/STM32H7xx_HAL_Driver/Src/stm32h7xx_hal_adc.o
                0x0000000008004618                HAL_ADC_Start
 .text.HAL_ADC_PollForConversion
                0x00000000080047ac      0x1e8 Drivers/STM32H7xx_HAL_Driver/Src/stm32h7xx_hal_adc.o
                0x00000000080047ac                HAL_ADC_PollForConversion
 .text.HAL_ADC_GetValue
                0x0000000008004994       0x1a Drivers/STM32H7xx_HAL_Driver/Src/stm32h7xx_hal_adc.o
                0x0000000008004994                HAL_ADC_GetValue
 *fill*         0x00000000080049ae        0x2 
 .text.HAL_ADC_ConfigChannel
                0x00000000080049b0      0x6a0 Drivers/STM32H7xx_HAL_Driver/Src/stm32h7xx_hal_adc.o
                0x00000000080049b0                HAL_ADC_ConfigChannel
 .text.ADC_Enable
                0x0000000008005050      0x114 Drivers/STM32H7xx_HAL_Driver/Src/stm32h7xx_hal_adc.o
                0x0000000008005050                ADC_Enable
 .text.ADC_ConfigureBoostMode
                0x0000000008005164      0x214 Drivers/STM32H7xx_HAL_Driver/Src/stm32h7xx_hal_adc.o
                0x0000000008005164                ADC_ConfigureBoostMode
 .text.__NVIC_SetPriorityGrouping
                0x0000000008005378       0x48 Drivers/STM32H7xx_HAL_Driver/Src/stm32h7xx_hal_cortex.o
 .text.__NVIC_GetPriorityGrouping
                0x00000000080053c0       0x1c Drivers/STM32H7xx_HAL_Driver/Src/stm32h7xx_hal_cortex.o
 .text.__NVIC_EnableIRQ
                0x00000000080053dc       0x3c Drivers/STM32H7xx_HAL_Driver/Src/stm32h7xx_hal_cortex.o
 .text.__NVIC_SetPriority
                0x0000000008005418       0x54 Drivers/STM32H7xx_HAL_Driver/Src/stm32h7xx_hal_cortex.o
 .text.NVIC_EncodePriority
                0x000000000800546c       0x66 Drivers/STM32H7xx_HAL_Driver/Src/stm32h7xx_hal_cortex.o
 .text.HAL_NVIC_SetPriorityGrouping
                0x00000000080054d2       0x16 Drivers/STM32H7xx_HAL_Driver/Src/stm32h7xx_hal_cortex.o
                0x00000000080054d2                HAL_NVIC_SetPriorityGrouping
 .text.HAL_NVIC_SetPriority
                0x00000000080054e8       0x34 Drivers/STM32H7xx_HAL_Driver/Src/stm32h7xx_hal_cortex.o
                0x00000000080054e8                HAL_NVIC_SetPriority
 .text.HAL_NVIC_EnableIRQ
                0x000000000800551c       0x1c Drivers/STM32H7xx_HAL_Driver/Src/stm32h7xx_hal_cortex.o
                0x000000000800551c                HAL_NVIC_EnableIRQ
 .text.HAL_GPIO_Init
                0x0000000008005538      0x360 Drivers/STM32H7xx_HAL_Driver/Src/stm32h7xx_hal_gpio.o
                0x0000000008005538                HAL_GPIO_Init
 .text.HAL_GPIO_WritePin
                0x0000000008005898       0x32 Drivers/STM32H7xx_HAL_Driver/Src/stm32h7xx_hal_gpio.o
                0x0000000008005898                HAL_GPIO_WritePin
 *fill*         0x00000000080058ca        0x2 
 .text.HAL_PWREx_ConfigSupply
                0x00000000080058cc       0x74 Drivers/STM32H7xx_HAL_Driver/Src/stm32h7xx_hal_pwr_ex.o
                0x00000000080058cc                HAL_PWREx_ConfigSupply
 .text.HAL_RCC_OscConfig
                0x0000000008005940      0x858 Drivers/STM32H7xx_HAL_Driver/Src/stm32h7xx_hal_rcc.o
                0x0000000008005940                HAL_RCC_OscConfig
 .text.HAL_RCC_ClockConfig
                0x0000000008006198      0x36c Drivers/STM32H7xx_HAL_Driver/Src/stm32h7xx_hal_rcc.o
                0x0000000008006198                HAL_RCC_ClockConfig
 .text.HAL_RCC_GetSysClockFreq
                0x0000000008006504      0x2f4 Drivers/STM32H7xx_HAL_Driver/Src/stm32h7xx_hal_rcc.o
                0x0000000008006504                HAL_RCC_GetSysClockFreq
 .text.HAL_RCC_GetHCLKFreq
                0x00000000080067f8       0x60 Drivers/STM32H7xx_HAL_Driver/Src/stm32h7xx_hal_rcc.o
                0x00000000080067f8                HAL_RCC_GetHCLKFreq
 .text.HAL_RCC_GetPCLK1Freq
                0x0000000008006858       0x2c Drivers/STM32H7xx_HAL_Driver/Src/stm32h7xx_hal_rcc.o
                0x0000000008006858                HAL_RCC_GetPCLK1Freq
 .text.HAL_RCC_GetPCLK2Freq
                0x0000000008006884       0x2c Drivers/STM32H7xx_HAL_Driver/Src/stm32h7xx_hal_rcc.o
                0x0000000008006884                HAL_RCC_GetPCLK2Freq
 .text.HAL_RCC_GetClockConfig
                0x00000000080068b0       0x84 Drivers/STM32H7xx_HAL_Driver/Src/stm32h7xx_hal_rcc.o
                0x00000000080068b0                HAL_RCC_GetClockConfig
 .text.HAL_RCCEx_PeriphCLKConfig
                0x0000000008006934      0xe80 Drivers/STM32H7xx_HAL_Driver/Src/stm32h7xx_hal_rcc_ex.o
                0x0000000008006934                HAL_RCCEx_PeriphCLKConfig
 .text.HAL_RCCEx_GetPeriphCLKFreq
                0x00000000080077b4      0x9a4 Drivers/STM32H7xx_HAL_Driver/Src/stm32h7xx_hal_rcc_ex.o
                0x00000000080077b4                HAL_RCCEx_GetPeriphCLKFreq
 .text.HAL_RCCEx_GetD3PCLK1Freq
                0x0000000008008158       0x2c Drivers/STM32H7xx_HAL_Driver/Src/stm32h7xx_hal_rcc_ex.o
                0x0000000008008158                HAL_RCCEx_GetD3PCLK1Freq
 .text.HAL_RCCEx_GetPLL2ClockFreq
                0x0000000008008184      0x2a8 Drivers/STM32H7xx_HAL_Driver/Src/stm32h7xx_hal_rcc_ex.o
                0x0000000008008184                HAL_RCCEx_GetPLL2ClockFreq
 .text.HAL_RCCEx_GetPLL3ClockFreq
                0x000000000800842c      0x2a8 Drivers/STM32H7xx_HAL_Driver/Src/stm32h7xx_hal_rcc_ex.o
                0x000000000800842c                HAL_RCCEx_GetPLL3ClockFreq
 .text.HAL_RCCEx_GetPLL1ClockFreq
                0x00000000080086d4      0x2a4 Drivers/STM32H7xx_HAL_Driver/Src/stm32h7xx_hal_rcc_ex.o
                0x00000000080086d4                HAL_RCCEx_GetPLL1ClockFreq
 .text.RCCEx_PLL2_Config
                0x0000000008008978      0x164 Drivers/STM32H7xx_HAL_Driver/Src/stm32h7xx_hal_rcc_ex.o
 .text.RCCEx_PLL3_Config
                0x0000000008008adc      0x164 Drivers/STM32H7xx_HAL_Driver/Src/stm32h7xx_hal_rcc_ex.o
 .text.HAL_SPI_Init
                0x0000000008008c40      0x20c Drivers/STM32H7xx_HAL_Driver/Src/stm32h7xx_hal_spi.o
                0x0000000008008c40                HAL_SPI_Init
 .text.HAL_SPI_TransmitReceive
                0x0000000008008e4c      0x5d8 Drivers/STM32H7xx_HAL_Driver/Src/stm32h7xx_hal_spi.o
                0x0000000008008e4c                HAL_SPI_TransmitReceive
 .text.SPI_CloseTransfer
                0x0000000008009424      0x140 Drivers/STM32H7xx_HAL_Driver/Src/stm32h7xx_hal_spi.o
 .text.SPI_WaitOnFlagUntilTimeout
                0x0000000008009564       0x5c Drivers/STM32H7xx_HAL_Driver/Src/stm32h7xx_hal_spi.o
 .text.SPI_GetPacketSize
                0x00000000080095c0       0x36 Drivers/STM32H7xx_HAL_Driver/Src/stm32h7xx_hal_spi.o
 .text.HAL_TIM_Base_Init
                0x00000000080095f6       0xae Drivers/STM32H7xx_HAL_Driver/Src/stm32h7xx_hal_tim.o
                0x00000000080095f6                HAL_TIM_Base_Init
 .text.HAL_TIM_Base_MspInit
                0x00000000080096a4       0x14 Drivers/STM32H7xx_HAL_Driver/Src/stm32h7xx_hal_tim.o
                0x00000000080096a4                HAL_TIM_Base_MspInit
 .text.HAL_TIM_Base_Start_IT
                0x00000000080096b8       0xf0 Drivers/STM32H7xx_HAL_Driver/Src/stm32h7xx_hal_tim.o
                0x00000000080096b8                HAL_TIM_Base_Start_IT
 .text.HAL_TIM_PWM_Init
                0x00000000080097a8       0xae Drivers/STM32H7xx_HAL_Driver/Src/stm32h7xx_hal_tim.o
                0x00000000080097a8                HAL_TIM_PWM_Init
 .text.HAL_TIM_PWM_MspInit
                0x0000000008009856       0x14 Drivers/STM32H7xx_HAL_Driver/Src/stm32h7xx_hal_tim.o
                0x0000000008009856                HAL_TIM_PWM_MspInit
 *fill*         0x000000000800986a        0x2 
 .text.HAL_TIM_PWM_Stop
                0x000000000800986c      0x12c Drivers/STM32H7xx_HAL_Driver/Src/stm32h7xx_hal_tim.o
                0x000000000800986c                HAL_TIM_PWM_Stop
 .text.HAL_TIM_PWM_Start_IT
                0x0000000008009998      0x2b4 Drivers/STM32H7xx_HAL_Driver/Src/stm32h7xx_hal_tim.o
                0x0000000008009998                HAL_TIM_PWM_Start_IT
 .text.HAL_TIM_IRQHandler
                0x0000000008009c4c      0x23e Drivers/STM32H7xx_HAL_Driver/Src/stm32h7xx_hal_tim.o
                0x0000000008009c4c                HAL_TIM_IRQHandler
 *fill*         0x0000000008009e8a        0x2 
 .text.HAL_TIM_PWM_ConfigChannel
                0x0000000008009e8c      0x228 Drivers/STM32H7xx_HAL_Driver/Src/stm32h7xx_hal_tim.o
                0x0000000008009e8c                HAL_TIM_PWM_ConfigChannel
 .text.HAL_TIM_OC_DelayElapsedCallback
                0x000000000800a0b4       0x14 Drivers/STM32H7xx_HAL_Driver/Src/stm32h7xx_hal_tim.o
                0x000000000800a0b4                HAL_TIM_OC_DelayElapsedCallback
 .text.HAL_TIM_IC_CaptureCallback
                0x000000000800a0c8       0x14 Drivers/STM32H7xx_HAL_Driver/Src/stm32h7xx_hal_tim.o
                0x000000000800a0c8                HAL_TIM_IC_CaptureCallback
 .text.HAL_TIM_PWM_PulseFinishedCallback
                0x000000000800a0dc       0x14 Drivers/STM32H7xx_HAL_Driver/Src/stm32h7xx_hal_tim.o
                0x000000000800a0dc                HAL_TIM_PWM_PulseFinishedCallback
 .text.HAL_TIM_TriggerCallback
                0x000000000800a0f0       0x14 Drivers/STM32H7xx_HAL_Driver/Src/stm32h7xx_hal_tim.o
                0x000000000800a0f0                HAL_TIM_TriggerCallback
 .text.TIM_Base_SetConfig
                0x000000000800a104      0x134 Drivers/STM32H7xx_HAL_Driver/Src/stm32h7xx_hal_tim.o
                0x000000000800a104                TIM_Base_SetConfig
 .text.TIM_OC1_SetConfig
                0x000000000800a238      0x120 Drivers/STM32H7xx_HAL_Driver/Src/stm32h7xx_hal_tim.o
 .text.TIM_OC2_SetConfig
                0x000000000800a358      0x114 Drivers/STM32H7xx_HAL_Driver/Src/stm32h7xx_hal_tim.o
                0x000000000800a358                TIM_OC2_SetConfig
 .text.TIM_OC3_SetConfig
                0x000000000800a46c      0x110 Drivers/STM32H7xx_HAL_Driver/Src/stm32h7xx_hal_tim.o
 .text.TIM_OC4_SetConfig
                0x000000000800a57c       0xd4 Drivers/STM32H7xx_HAL_Driver/Src/stm32h7xx_hal_tim.o
 .text.TIM_OC5_SetConfig
                0x000000000800a650       0xc8 Drivers/STM32H7xx_HAL_Driver/Src/stm32h7xx_hal_tim.o
 .text.TIM_OC6_SetConfig
                0x000000000800a718       0xcc Drivers/STM32H7xx_HAL_Driver/Src/stm32h7xx_hal_tim.o
 .text.TIM_CCxChannelCmd
                0x000000000800a7e4       0x4a Drivers/STM32H7xx_HAL_Driver/Src/stm32h7xx_hal_tim.o
                0x000000000800a7e4                TIM_CCxChannelCmd
 *fill*         0x000000000800a82e        0x2 
 .text.HAL_TIMEx_MasterConfigSynchronization
                0x000000000800a830      0x11c Drivers/STM32H7xx_HAL_Driver/Src/stm32h7xx_hal_tim_ex.o
                0x000000000800a830                HAL_TIMEx_MasterConfigSynchronization
 .text.HAL_TIMEx_CommutCallback
                0x000000000800a94c       0x14 Drivers/STM32H7xx_HAL_Driver/Src/stm32h7xx_hal_tim_ex.o
                0x000000000800a94c                HAL_TIMEx_CommutCallback
 .text.HAL_TIMEx_BreakCallback
                0x000000000800a960       0x14 Drivers/STM32H7xx_HAL_Driver/Src/stm32h7xx_hal_tim_ex.o
                0x000000000800a960                HAL_TIMEx_BreakCallback
 .text.HAL_TIMEx_Break2Callback
                0x000000000800a974       0x14 Drivers/STM32H7xx_HAL_Driver/Src/stm32h7xx_hal_tim_ex.o
                0x000000000800a974                HAL_TIMEx_Break2Callback
 .text.HAL_UART_Init
                0x000000000800a988       0xa0 Drivers/STM32H7xx_HAL_Driver/Src/stm32h7xx_hal_uart.o
                0x000000000800a988                HAL_UART_Init
 .text.HAL_UART_Transmit
                0x000000000800aa28      0x12c Drivers/STM32H7xx_HAL_Driver/Src/stm32h7xx_hal_uart.o
                0x000000000800aa28                HAL_UART_Transmit
 .text.UART_SetConfig
                0x000000000800ab54      0xac0 Drivers/STM32H7xx_HAL_Driver/Src/stm32h7xx_hal_uart.o
                0x000000000800ab54                UART_SetConfig
 .text.UART_AdvFeatureConfig
                0x000000000800b614      0x144 Drivers/STM32H7xx_HAL_Driver/Src/stm32h7xx_hal_uart.o
                0x000000000800b614                UART_AdvFeatureConfig
 .text.UART_CheckIdleState
                0x000000000800b758       0x96 Drivers/STM32H7xx_HAL_Driver/Src/stm32h7xx_hal_uart.o
                0x000000000800b758                UART_CheckIdleState
 .text.UART_WaitOnFlagUntilTimeout
                0x000000000800b7ee      0x190 Drivers/STM32H7xx_HAL_Driver/Src/stm32h7xx_hal_uart.o
                0x000000000800b7ee                UART_WaitOnFlagUntilTimeout
 .text.HAL_UARTEx_DisableFifoMode
                0x000000000800b97e       0x72 Drivers/STM32H7xx_HAL_Driver/Src/stm32h7xx_hal_uart_ex.o
                0x000000000800b97e                HAL_UARTEx_DisableFifoMode
 .text.HAL_UARTEx_SetTxFifoThreshold
                0x000000000800b9f0       0x7c Drivers/STM32H7xx_HAL_Driver/Src/stm32h7xx_hal_uart_ex.o
                0x000000000800b9f0                HAL_UARTEx_SetTxFifoThreshold
 .text.HAL_UARTEx_SetRxFifoThreshold
                0x000000000800ba6c       0x7c Drivers/STM32H7xx_HAL_Driver/Src/stm32h7xx_hal_uart_ex.o
                0x000000000800ba6c                HAL_UARTEx_SetRxFifoThreshold
 .text.UARTEx_SetNbDataToProcess
                0x000000000800bae8       0x9c Drivers/STM32H7xx_HAL_Driver/Src/stm32h7xx_hal_uart_ex.o
 .text.__NVIC_SetPriority
                0x000000000800bb84       0x54 Middlewares/Third_Party/FreeRTOS/Source/CMSIS_RTOS_V2/cmsis_os2.o
 .text.SysTick_Handler
                0x000000000800bbd8       0x20 Middlewares/Third_Party/FreeRTOS/Source/CMSIS_RTOS_V2/cmsis_os2.o
                0x000000000800bbd8                SysTick_Handler
 .text.SVC_Setup
                0x000000000800bbf8       0x12 Middlewares/Third_Party/FreeRTOS/Source/CMSIS_RTOS_V2/cmsis_os2.o
 *fill*         0x000000000800bc0a        0x2 
 .text.osKernelInitialize
                0x000000000800bc0c       0x48 Middlewares/Third_Party/FreeRTOS/Source/CMSIS_RTOS_V2/cmsis_os2.o
                0x000000000800bc0c                osKernelInitialize
 .text.osKernelStart
                0x000000000800bc54       0x4c Middlewares/Third_Party/FreeRTOS/Source/CMSIS_RTOS_V2/cmsis_os2.o
                0x000000000800bc54                osKernelStart
 .text.osThreadNew
                0x000000000800bca0      0x124 Middlewares/Third_Party/FreeRTOS/Source/CMSIS_RTOS_V2/cmsis_os2.o
                0x000000000800bca0                osThreadNew
 .text.osDelay  0x000000000800bdc4       0x36 Middlewares/Third_Party/FreeRTOS/Source/CMSIS_RTOS_V2/cmsis_os2.o
                0x000000000800bdc4                osDelay
 *fill*         0x000000000800bdfa        0x2 
 .text.vApplicationGetIdleTaskMemory
                0x000000000800bdfc       0x34 Middlewares/Third_Party/FreeRTOS/Source/CMSIS_RTOS_V2/cmsis_os2.o
                0x000000000800bdfc                vApplicationGetIdleTaskMemory
 .text.vApplicationGetTimerTaskMemory
                0x000000000800be30       0x34 Middlewares/Third_Party/FreeRTOS/Source/CMSIS_RTOS_V2/cmsis_os2.o
                0x000000000800be30                vApplicationGetTimerTaskMemory
 .text.vListInitialise
                0x000000000800be64       0x40 Middlewares/Third_Party/FreeRTOS/Source/list.o
                0x000000000800be64                vListInitialise
 .text.vListInitialiseItem
                0x000000000800bea4       0x1a Middlewares/Third_Party/FreeRTOS/Source/list.o
                0x000000000800bea4                vListInitialiseItem
 .text.vListInsertEnd
                0x000000000800bebe       0x48 Middlewares/Third_Party/FreeRTOS/Source/list.o
                0x000000000800bebe                vListInsertEnd
 .text.vListInsert
                0x000000000800bf06       0x72 Middlewares/Third_Party/FreeRTOS/Source/list.o
                0x000000000800bf06                vListInsert
 .text.uxListRemove
                0x000000000800bf78       0x54 Middlewares/Third_Party/FreeRTOS/Source/list.o
                0x000000000800bf78                uxListRemove
 .text.xQueueGenericReset
                0x000000000800bfcc       0xd0 Middlewares/Third_Party/FreeRTOS/Source/queue.o
                0x000000000800bfcc                xQueueGenericReset
 .text.xQueueGenericCreateStatic
                0x000000000800c09c       0xf0 Middlewares/Third_Party/FreeRTOS/Source/queue.o
                0x000000000800c09c                xQueueGenericCreateStatic
 .text.prvInitialiseNewQueue
                0x000000000800c18c       0x46 Middlewares/Third_Party/FreeRTOS/Source/queue.o
 *fill*         0x000000000800c1d2        0x2 
 .text.xQueueGenericSend
                0x000000000800c1d4      0x1fc Middlewares/Third_Party/FreeRTOS/Source/queue.o
                0x000000000800c1d4                xQueueGenericSend
 .text.xQueueGenericSendFromISR
                0x000000000800c3d0      0x136 Middlewares/Third_Party/FreeRTOS/Source/queue.o
                0x000000000800c3d0                xQueueGenericSendFromISR
 *fill*         0x000000000800c506        0x2 
 .text.xQueueReceive
                0x000000000800c508      0x1c0 Middlewares/Third_Party/FreeRTOS/Source/queue.o
                0x000000000800c508                xQueueReceive
 .text.prvCopyDataToQueue
                0x000000000800c6c8       0xd4 Middlewares/Third_Party/FreeRTOS/Source/queue.o
 .text.prvCopyDataFromQueue
                0x000000000800c79c       0x4c Middlewares/Third_Party/FreeRTOS/Source/queue.o
 .text.prvUnlockQueue
                0x000000000800c7e8       0xa4 Middlewares/Third_Party/FreeRTOS/Source/queue.o
 .text.prvIsQueueEmpty
                0x000000000800c88c       0x2c Middlewares/Third_Party/FreeRTOS/Source/queue.o
 .text.prvIsQueueFull
                0x000000000800c8b8       0x30 Middlewares/Third_Party/FreeRTOS/Source/queue.o
 .text.vQueueAddToRegistry
                0x000000000800c8e8       0x54 Middlewares/Third_Party/FreeRTOS/Source/queue.o
                0x000000000800c8e8                vQueueAddToRegistry
 .text.vQueueWaitForMessageRestricted
                0x000000000800c93c       0x68 Middlewares/Third_Party/FreeRTOS/Source/queue.o
                0x000000000800c93c                vQueueWaitForMessageRestricted
 .text.xTaskCreateStatic
                0x000000000800c9a4       0xba Middlewares/Third_Party/FreeRTOS/Source/tasks.o
                0x000000000800c9a4                xTaskCreateStatic
 .text.xTaskCreate
                0x000000000800ca5e       0x8a Middlewares/Third_Party/FreeRTOS/Source/tasks.o
                0x000000000800ca5e                xTaskCreate
 .text.prvInitialiseNewTask
                0x000000000800cae8      0x11e Middlewares/Third_Party/FreeRTOS/Source/tasks.o
 *fill*         0x000000000800cc06        0x2 
 .text.prvAddNewTaskToReadyList
                0x000000000800cc08       0xe0 Middlewares/Third_Party/FreeRTOS/Source/tasks.o
 .text.vTaskDelay
                0x000000000800cce8       0x68 Middlewares/Third_Party/FreeRTOS/Source/tasks.o
                0x000000000800cce8                vTaskDelay
 .text.vTaskStartScheduler
                0x000000000800cd50       0xcc Middlewares/Third_Party/FreeRTOS/Source/tasks.o
                0x000000000800cd50                vTaskStartScheduler
 .text.vTaskSuspendAll
                0x000000000800ce1c       0x1c Middlewares/Third_Party/FreeRTOS/Source/tasks.o
                0x000000000800ce1c                vTaskSuspendAll
 .text.xTaskResumeAll
                0x000000000800ce38      0x13c Middlewares/Third_Party/FreeRTOS/Source/tasks.o
                0x000000000800ce38                xTaskResumeAll
 .text.xTaskGetTickCount
                0x000000000800cf74       0x20 Middlewares/Third_Party/FreeRTOS/Source/tasks.o
                0x000000000800cf74                xTaskGetTickCount
 .text.xTaskIncrementTick
                0x000000000800cf94      0x174 Middlewares/Third_Party/FreeRTOS/Source/tasks.o
                0x000000000800cf94                xTaskIncrementTick
 .text.vTaskSwitchContext
                0x000000000800d108       0xbc Middlewares/Third_Party/FreeRTOS/Source/tasks.o
                0x000000000800d108                vTaskSwitchContext
 .text.vTaskPlaceOnEventList
                0x000000000800d1c4       0x48 Middlewares/Third_Party/FreeRTOS/Source/tasks.o
                0x000000000800d1c4                vTaskPlaceOnEventList
 .text.vTaskPlaceOnEventListRestricted
                0x000000000800d20c       0x58 Middlewares/Third_Party/FreeRTOS/Source/tasks.o
                0x000000000800d20c                vTaskPlaceOnEventListRestricted
 .text.xTaskRemoveFromEventList
                0x000000000800d264       0xc8 Middlewares/Third_Party/FreeRTOS/Source/tasks.o
                0x000000000800d264                xTaskRemoveFromEventList
 .text.vTaskInternalSetTimeOutState
                0x000000000800d32c       0x2c Middlewares/Third_Party/FreeRTOS/Source/tasks.o
                0x000000000800d32c                vTaskInternalSetTimeOutState
 .text.xTaskCheckForTimeOut
                0x000000000800d358       0xc4 Middlewares/Third_Party/FreeRTOS/Source/tasks.o
                0x000000000800d358                xTaskCheckForTimeOut
 .text.vTaskMissedYield
                0x000000000800d41c       0x18 Middlewares/Third_Party/FreeRTOS/Source/tasks.o
                0x000000000800d41c                vTaskMissedYield
 .text.prvIdleTask
                0x000000000800d434       0x30 Middlewares/Third_Party/FreeRTOS/Source/tasks.o
 .text.prvInitialiseTaskLists
                0x000000000800d464       0x80 Middlewares/Third_Party/FreeRTOS/Source/tasks.o
 .text.prvCheckTasksWaitingTermination
                0x000000000800d4e4       0x5c Middlewares/Third_Party/FreeRTOS/Source/tasks.o
 .text.prvDeleteTCB
                0x000000000800d540       0x5e Middlewares/Third_Party/FreeRTOS/Source/tasks.o
 *fill*         0x000000000800d59e        0x2 
 .text.prvResetNextTaskUnblockTime
                0x000000000800d5a0       0x40 Middlewares/Third_Party/FreeRTOS/Source/tasks.o
 .text.xTaskGetSchedulerState
                0x000000000800d5e0       0x3c Middlewares/Third_Party/FreeRTOS/Source/tasks.o
                0x000000000800d5e0                xTaskGetSchedulerState
 .text.xTaskPriorityDisinherit
                0x000000000800d61c       0xdc Middlewares/Third_Party/FreeRTOS/Source/tasks.o
                0x000000000800d61c                xTaskPriorityDisinherit
 .text.prvAddCurrentTaskToDelayedList
                0x000000000800d6f8       0xa8 Middlewares/Third_Party/FreeRTOS/Source/tasks.o
 .text.xTimerCreateTimerTask
                0x000000000800d7a0       0x90 Middlewares/Third_Party/FreeRTOS/Source/timers.o
                0x000000000800d7a0                xTimerCreateTimerTask
 .text.xTimerGenericCommand
                0x000000000800d830       0x9c Middlewares/Third_Party/FreeRTOS/Source/timers.o
                0x000000000800d830                xTimerGenericCommand
 .text.prvProcessExpiredTimer
                0x000000000800d8cc       0x98 Middlewares/Third_Party/FreeRTOS/Source/timers.o
 .text.prvTimerTask
                0x000000000800d964       0x24 Middlewares/Third_Party/FreeRTOS/Source/timers.o
 .text.prvProcessTimerOrBlockTask
                0x000000000800d988       0x9c Middlewares/Third_Party/FreeRTOS/Source/timers.o
 .text.prvGetNextExpireTime
                0x000000000800da24       0x48 Middlewares/Third_Party/FreeRTOS/Source/timers.o
 .text.prvSampleTimeNow
                0x000000000800da6c       0x40 Middlewares/Third_Party/FreeRTOS/Source/timers.o
 .text.prvInsertTimerInActiveList
                0x000000000800daac       0x84 Middlewares/Third_Party/FreeRTOS/Source/timers.o
 .text.prvProcessReceivedCommands
                0x000000000800db30      0x1c4 Middlewares/Third_Party/FreeRTOS/Source/timers.o
 .text.prvSwitchTimerLists
                0x000000000800dcf4       0xc8 Middlewares/Third_Party/FreeRTOS/Source/timers.o
 .text.prvCheckForValidListAndQueue
                0x000000000800ddbc       0x80 Middlewares/Third_Party/FreeRTOS/Source/timers.o
 .text.pxPortInitialiseStack
                0x000000000800de3c       0x68 Middlewares/Third_Party/FreeRTOS/Source/portable/GCC/ARM_CM4F/port.o
                0x000000000800de3c                pxPortInitialiseStack
 .text.prvTaskExitError
                0x000000000800dea4       0x58 Middlewares/Third_Party/FreeRTOS/Source/portable/GCC/ARM_CM4F/port.o
 *fill*         0x000000000800defc        0x4 
 .text.SVC_Handler
                0x000000000800df00       0x28 Middlewares/Third_Party/FreeRTOS/Source/portable/GCC/ARM_CM4F/port.o
                0x000000000800df00                SVC_Handler
 .text.prvPortStartFirstTask
                0x000000000800df28       0x28 Middlewares/Third_Party/FreeRTOS/Source/portable/GCC/ARM_CM4F/port.o
 .text.xPortStartScheduler
                0x000000000800df50      0x144 Middlewares/Third_Party/FreeRTOS/Source/portable/GCC/ARM_CM4F/port.o
                0x000000000800df50                xPortStartScheduler
 .text.vPortEnterCritical
                0x000000000800e094       0x60 Middlewares/Third_Party/FreeRTOS/Source/portable/GCC/ARM_CM4F/port.o
                0x000000000800e094                vPortEnterCritical
 .text.vPortExitCritical
                0x000000000800e0f4       0x54 Middlewares/Third_Party/FreeRTOS/Source/portable/GCC/ARM_CM4F/port.o
                0x000000000800e0f4                vPortExitCritical
 *fill*         0x000000000800e148        0x8 
 .text.PendSV_Handler
                0x000000000800e150       0x68 Middlewares/Third_Party/FreeRTOS/Source/portable/GCC/ARM_CM4F/port.o
                0x000000000800e150                PendSV_Handler
 .text.xPortSysTickHandler
                0x000000000800e1b8       0x44 Middlewares/Third_Party/FreeRTOS/Source/portable/GCC/ARM_CM4F/port.o
                0x000000000800e1b8                xPortSysTickHandler
 .text.vPortSetupTimerInterrupt
                0x000000000800e1fc       0x48 Middlewares/Third_Party/FreeRTOS/Source/portable/GCC/ARM_CM4F/port.o
                0x000000000800e1fc                vPortSetupTimerInterrupt
 .text.vPortEnableVFP
                0x000000000800e244       0x14 Middlewares/Third_Party/FreeRTOS/Source/portable/GCC/ARM_CM4F/port.o
 .text.vPortValidateInterruptPriority
                0x000000000800e258       0x80 Middlewares/Third_Party/FreeRTOS/Source/portable/GCC/ARM_CM4F/port.o
                0x000000000800e258                vPortValidateInterruptPriority
 .text.pvPortMalloc
                0x000000000800e2d8      0x198 Middlewares/Third_Party/FreeRTOS/Source/portable/MemMang/heap_4.o
                0x000000000800e2d8                pvPortMalloc
 .text.vPortFree
                0x000000000800e470       0xc4 Middlewares/Third_Party/FreeRTOS/Source/portable/MemMang/heap_4.o
                0x000000000800e470                vPortFree
 .text.prvHeapInit
                0x000000000800e534       0xc4 Middlewares/Third_Party/FreeRTOS/Source/portable/MemMang/heap_4.o
 .text.prvInsertBlockIntoFreeList
                0x000000000800e5f8       0xb4 Middlewares/Third_Party/FreeRTOS/Source/portable/MemMang/heap_4.o
 .text.__errno  0x000000000800e6ac        0xc d:/stm32cubeide_1.6.1/stm32cubeide/plugins/com.st.stm32cube.ide.mcu.externaltools.gnu-tools-for-stm32.9-2020-q2-update.win32_1.5.0.202011040924/tools/bin/../lib/gcc/arm-none-eabi/9.3.1/../../../../arm-none-eabi/lib/thumb/v7e-m+dp/hard\libc_nano.a(lib_a-errno.o)
                0x000000000800e6ac                __errno
 .text.__libc_init_array
                0x000000000800e6b8       0x48 d:/stm32cubeide_1.6.1/stm32cubeide/plugins/com.st.stm32cube.ide.mcu.externaltools.gnu-tools-for-stm32.9-2020-q2-update.win32_1.5.0.202011040924/tools/bin/../lib/gcc/arm-none-eabi/9.3.1/../../../../arm-none-eabi/lib/thumb/v7e-m+dp/hard\libc_nano.a(lib_a-init.o)
                0x000000000800e6b8                __libc_init_array
 .text.memcpy   0x000000000800e700       0x1c d:/stm32cubeide_1.6.1/stm32cubeide/plugins/com.st.stm32cube.ide.mcu.externaltools.gnu-tools-for-stm32.9-2020-q2-update.win32_1.5.0.202011040924/tools/bin/../lib/gcc/arm-none-eabi/9.3.1/../../../../arm-none-eabi/lib/thumb/v7e-m+dp/hard\libc_nano.a(lib_a-memcpy-stub.o)
                0x000000000800e700                memcpy
 .text.memset   0x000000000800e71c       0x10 d:/stm32cubeide_1.6.1/stm32cubeide/plugins/com.st.stm32cube.ide.mcu.externaltools.gnu-tools-for-stm32.9-2020-q2-update.win32_1.5.0.202011040924/tools/bin/../lib/gcc/arm-none-eabi/9.3.1/../../../../arm-none-eabi/lib/thumb/v7e-m+dp/hard\libc_nano.a(lib_a-memset.o)
                0x000000000800e71c                memset
 .text.sprintf  0x000000000800e72c       0x40 d:/stm32cubeide_1.6.1/stm32cubeide/plugins/com.st.stm32cube.ide.mcu.externaltools.gnu-tools-for-stm32.9-2020-q2-update.win32_1.5.0.202011040924/tools/bin/../lib/gcc/arm-none-eabi/9.3.1/../../../../arm-none-eabi/lib/thumb/v7e-m+dp/hard\libc_nano.a(lib_a-sprintf.o)
                0x000000000800e72c                siprintf
                0x000000000800e72c                sprintf
 .text.__ssputs_r
                0x000000000800e76c       0xb6 d:/stm32cubeide_1.6.1/stm32cubeide/plugins/com.st.stm32cube.ide.mcu.externaltools.gnu-tools-for-stm32.9-2020-q2-update.win32_1.5.0.202011040924/tools/bin/../lib/gcc/arm-none-eabi/9.3.1/../../../../arm-none-eabi/lib/thumb/v7e-m+dp/hard\libc_nano.a(lib_a-nano-svfprintf.o)
                0x000000000800e76c                __ssputs_r
 *fill*         0x000000000800e822        0x2 
 .text._svfprintf_r
                0x000000000800e824      0x200 d:/stm32cubeide_1.6.1/stm32cubeide/plugins/com.st.stm32cube.ide.mcu.externaltools.gnu-tools-for-stm32.9-2020-q2-update.win32_1.5.0.202011040924/tools/bin/../lib/gcc/arm-none-eabi/9.3.1/../../../../arm-none-eabi/lib/thumb/v7e-m+dp/hard\libc_nano.a(lib_a-nano-svfprintf.o)
                0x000000000800e824                _svfiprintf_r
                0x000000000800e824                _svfprintf_r
 .text._printf_common
                0x000000000800ea24       0xda d:/stm32cubeide_1.6.1/stm32cubeide/plugins/com.st.stm32cube.ide.mcu.externaltools.gnu-tools-for-stm32.9-2020-q2-update.win32_1.5.0.202011040924/tools/bin/../lib/gcc/arm-none-eabi/9.3.1/../../../../arm-none-eabi/lib/thumb/v7e-m+dp/hard\libc_nano.a(lib_a-nano-vfprintf_i.o)
                0x000000000800ea24                _printf_common
 *fill*         0x000000000800eafe        0x2 
 .text._printf_i
                0x000000000800eb00      0x24c d:/stm32cubeide_1.6.1/stm32cubeide/plugins/com.st.stm32cube.ide.mcu.externaltools.gnu-tools-for-stm32.9-2020-q2-update.win32_1.5.0.202011040924/tools/bin/../lib/gcc/arm-none-eabi/9.3.1/../../../../arm-none-eabi/lib/thumb/v7e-m+dp/hard\libc_nano.a(lib_a-nano-vfprintf_i.o)
                0x000000000800eb00                _printf_i
 .text.memmove  0x000000000800ed4c       0x34 d:/stm32cubeide_1.6.1/stm32cubeide/plugins/com.st.stm32cube.ide.mcu.externaltools.gnu-tools-for-stm32.9-2020-q2-update.win32_1.5.0.202011040924/tools/bin/../lib/gcc/arm-none-eabi/9.3.1/../../../../arm-none-eabi/lib/thumb/v7e-m+dp/hard\libc_nano.a(lib_a-memmove.o)
                0x000000000800ed4c                memmove
 .text._free_r  0x000000000800ed80       0xa0 d:/stm32cubeide_1.6.1/stm32cubeide/plugins/com.st.stm32cube.ide.mcu.externaltools.gnu-tools-for-stm32.9-2020-q2-update.win32_1.5.0.202011040924/tools/bin/../lib/gcc/arm-none-eabi/9.3.1/../../../../arm-none-eabi/lib/thumb/v7e-m+dp/hard\libc_nano.a(lib_a-nano-freer.o)
                0x000000000800ed80                _free_r
 .text._malloc_r
                0x000000000800ee20       0xb4 d:/stm32cubeide_1.6.1/stm32cubeide/plugins/com.st.stm32cube.ide.mcu.externaltools.gnu-tools-for-stm32.9-2020-q2-update.win32_1.5.0.202011040924/tools/bin/../lib/gcc/arm-none-eabi/9.3.1/../../../../arm-none-eabi/lib/thumb/v7e-m+dp/hard\libc_nano.a(lib_a-nano-mallocr.o)
                0x000000000800ee20                _malloc_r
 .text._realloc_r
                0x000000000800eed4       0x4c d:/stm32cubeide_1.6.1/stm32cubeide/plugins/com.st.stm32cube.ide.mcu.externaltools.gnu-tools-for-stm32.9-2020-q2-update.win32_1.5.0.202011040924/tools/bin/../lib/gcc/arm-none-eabi/9.3.1/../../../../arm-none-eabi/lib/thumb/v7e-m+dp/hard\libc_nano.a(lib_a-nano-reallocr.o)
                0x000000000800eed4                _realloc_r
 .text._sbrk_r  0x000000000800ef20       0x20 d:/stm32cubeide_1.6.1/stm32cubeide/plugins/com.st.stm32cube.ide.mcu.externaltools.gnu-tools-for-stm32.9-2020-q2-update.win32_1.5.0.202011040924/tools/bin/../lib/gcc/arm-none-eabi/9.3.1/../../../../arm-none-eabi/lib/thumb/v7e-m+dp/hard\libc_nano.a(lib_a-sbrkr.o)
                0x000000000800ef20                _sbrk_r
 .text.__malloc_lock
                0x000000000800ef40        0xc d:/stm32cubeide_1.6.1/stm32cubeide/plugins/com.st.stm32cube.ide.mcu.externaltools.gnu-tools-for-stm32.9-2020-q2-update.win32_1.5.0.202011040924/tools/bin/../lib/gcc/arm-none-eabi/9.3.1/../../../../arm-none-eabi/lib/thumb/v7e-m+dp/hard\libc_nano.a(lib_a-mlock.o)
                0x000000000800ef40                __malloc_lock
 .text.__malloc_unlock
                0x000000000800ef4c        0xc d:/stm32cubeide_1.6.1/stm32cubeide/plugins/com.st.stm32cube.ide.mcu.externaltools.gnu-tools-for-stm32.9-2020-q2-update.win32_1.5.0.202011040924/tools/bin/../lib/gcc/arm-none-eabi/9.3.1/../../../../arm-none-eabi/lib/thumb/v7e-m+dp/hard\libc_nano.a(lib_a-mlock.o)
                0x000000000800ef4c                __malloc_unlock
 .text._malloc_usable_size_r
                0x000000000800ef58       0x10 d:/stm32cubeide_1.6.1/stm32cubeide/plugins/com.st.stm32cube.ide.mcu.externaltools.gnu-tools-for-stm32.9-2020-q2-update.win32_1.5.0.202011040924/tools/bin/../lib/gcc/arm-none-eabi/9.3.1/../../../../arm-none-eabi/lib/thumb/v7e-m+dp/hard\libc_nano.a(lib_a-nano-msizer.o)
                0x000000000800ef58                _malloc_usable_size_r
 .text.__retarget_lock_acquire_recursive
                0x000000000800ef68        0x2 d:/stm32cubeide_1.6.1/stm32cubeide/plugins/com.st.stm32cube.ide.mcu.externaltools.gnu-tools-for-stm32.9-2020-q2-update.win32_1.5.0.202011040924/tools/bin/../lib/gcc/arm-none-eabi/9.3.1/../../../../arm-none-eabi/lib/thumb/v7e-m+dp/hard\libc_nano.a(lib_a-lock.o)
                0x000000000800ef68                __retarget_lock_acquire_recursive
 .text.__retarget_lock_release_recursive
                0x000000000800ef6a        0x2 d:/stm32cubeide_1.6.1/stm32cubeide/plugins/com.st.stm32cube.ide.mcu.externaltools.gnu-tools-for-stm32.9-2020-q2-update.win32_1.5.0.202011040924/tools/bin/../lib/gcc/arm-none-eabi/9.3.1/../../../../arm-none-eabi/lib/thumb/v7e-m+dp/hard\libc_nano.a(lib_a-lock.o)
                0x000000000800ef6a                __retarget_lock_release_recursive
 *(.glue_7)
 .glue_7        0x000000000800ef6c        0x0 linker stubs
 *(.glue_7t)
 .glue_7t       0x000000000800ef6c        0x0 linker stubs
 *(.eh_frame)
 .eh_frame      0x000000000800ef6c        0x0 d:/stm32cubeide_1.6.1/stm32cubeide/plugins/com.st.stm32cube.ide.mcu.externaltools.gnu-tools-for-stm32.9-2020-q2-update.win32_1.5.0.202011040924/tools/bin/../lib/gcc/arm-none-eabi/9.3.1/thumb/v7e-m+dp/hard/crtbegin.o
 *(.init)
 .init          0x000000000800ef6c        0x4 d:/stm32cubeide_1.6.1/stm32cubeide/plugins/com.st.stm32cube.ide.mcu.externaltools.gnu-tools-for-stm32.9-2020-q2-update.win32_1.5.0.202011040924/tools/bin/../lib/gcc/arm-none-eabi/9.3.1/thumb/v7e-m+dp/hard/crti.o
                0x000000000800ef6c                _init
 .init          0x000000000800ef70        0x8 d:/stm32cubeide_1.6.1/stm32cubeide/plugins/com.st.stm32cube.ide.mcu.externaltools.gnu-tools-for-stm32.9-2020-q2-update.win32_1.5.0.202011040924/tools/bin/../lib/gcc/arm-none-eabi/9.3.1/thumb/v7e-m+dp/hard/crtn.o
 *(.fini)
 .fini          0x000000000800ef78        0x4 d:/stm32cubeide_1.6.1/stm32cubeide/plugins/com.st.stm32cube.ide.mcu.externaltools.gnu-tools-for-stm32.9-2020-q2-update.win32_1.5.0.202011040924/tools/bin/../lib/gcc/arm-none-eabi/9.3.1/thumb/v7e-m+dp/hard/crti.o
                0x000000000800ef78                _fini
 .fini          0x000000000800ef7c        0x8 d:/stm32cubeide_1.6.1/stm32cubeide/plugins/com.st.stm32cube.ide.mcu.externaltools.gnu-tools-for-stm32.9-2020-q2-update.win32_1.5.0.202011040924/tools/bin/../lib/gcc/arm-none-eabi/9.3.1/thumb/v7e-m+dp/hard/crtn.o
                0x000000000800ef84                . = ALIGN (0x4)
                0x000000000800ef84                _etext = .

.vfp11_veneer   0x000000000800ef84        0x0
 .vfp11_veneer  0x000000000800ef84        0x0 linker stubs

.v4_bx          0x000000000800ef84        0x0
 .v4_bx         0x000000000800ef84        0x0 linker stubs

.iplt           0x000000000800ef84        0x0
 .iplt          0x000000000800ef84        0x0 d:/stm32cubeide_1.6.1/stm32cubeide/plugins/com.st.stm32cube.ide.mcu.externaltools.gnu-tools-for-stm32.9-2020-q2-update.win32_1.5.0.202011040924/tools/bin/../lib/gcc/arm-none-eabi/9.3.1/thumb/v7e-m+dp/hard/crtbegin.o

.rodata         0x000000000800ef84      0x178
                0x000000000800ef84                . = ALIGN (0x4)
 *(.rodata)
 .rodata        0x000000000800ef84       0x35 Core/Src/freertos.o
 *fill*         0x000000000800efb9        0x3 
 .rodata        0x000000000800efbc        0x6 Core/Src/main.o
 *fill*         0x000000000800efc2        0x2 
 .rodata        0x000000000800efc4        0x5 Middlewares/Third_Party/FreeRTOS/Source/tasks.o
 *fill*         0x000000000800efc9        0x3 
 .rodata        0x000000000800efcc        0xd Middlewares/Third_Party/FreeRTOS/Source/timers.o
 *(.rodata*)
 *fill*         0x000000000800efd9        0x3 
 .rodata.defaultTask_attributes
                0x000000000800efdc       0x24 Core/Src/freertos.o
                0x000000000800efdc                defaultTask_attributes
 .rodata.Stepper_attributes
                0x000000000800f000       0x24 Core/Src/freertos.o
                0x000000000800f000                Stepper_attributes
 .rodata.Connectivity_attributes
                0x000000000800f024       0x24 Core/Src/freertos.o
                0x000000000800f024                Connectivity_attributes
 .rodata.Sensors_attributes
                0x000000000800f048       0x24 Core/Src/freertos.o
                0x000000000800f048                Sensors_attributes
 .rodata.IHM_attributes
                0x000000000800f06c       0x24 Core/Src/freertos.o
                0x000000000800f06c                IHM_attributes
 .rodata.D1CorePrescTable
                0x000000000800f090       0x10 Core/Src/system_stm32h7xx.o
                0x000000000800f090                D1CorePrescTable
 .rodata.UARTPrescTable
                0x000000000800f0a0       0x18 Drivers/STM32H7xx_HAL_Driver/Src/stm32h7xx_hal_uart.o
                0x000000000800f0a0                UARTPrescTable
 .rodata.numerator.12031
                0x000000000800f0b8        0x8 Drivers/STM32H7xx_HAL_Driver/Src/stm32h7xx_hal_uart_ex.o
 .rodata.denominator.12032
                0x000000000800f0c0        0x8 Drivers/STM32H7xx_HAL_Driver/Src/stm32h7xx_hal_uart_ex.o
 .rodata._svfprintf_r.str1.1
                0x000000000800f0c8       0x11 d:/stm32cubeide_1.6.1/stm32cubeide/plugins/com.st.stm32cube.ide.mcu.externaltools.gnu-tools-for-stm32.9-2020-q2-update.win32_1.5.0.202011040924/tools/bin/../lib/gcc/arm-none-eabi/9.3.1/../../../../arm-none-eabi/lib/thumb/v7e-m+dp/hard\libc_nano.a(lib_a-nano-svfprintf.o)
 .rodata._printf_i.str1.1
                0x000000000800f0d9       0x22 d:/stm32cubeide_1.6.1/stm32cubeide/plugins/com.st.stm32cube.ide.mcu.externaltools.gnu-tools-for-stm32.9-2020-q2-update.win32_1.5.0.202011040924/tools/bin/../lib/gcc/arm-none-eabi/9.3.1/../../../../arm-none-eabi/lib/thumb/v7e-m+dp/hard\libc_nano.a(lib_a-nano-vfprintf_i.o)
                0x000000000800f0fc                . = ALIGN (0x4)
 *fill*         0x000000000800f0fb        0x1 

.ARM.extab
 *(.ARM.extab* .gnu.linkonce.armextab.*)

.ARM            0x000000000800f0fc        0x8
                0x000000000800f0fc                __exidx_start = .
 *(.ARM.exidx*)
 .ARM.exidx     0x000000000800f0fc        0x8 d:/stm32cubeide_1.6.1/stm32cubeide/plugins/com.st.stm32cube.ide.mcu.externaltools.gnu-tools-for-stm32.9-2020-q2-update.win32_1.5.0.202011040924/tools/bin/../lib/gcc/arm-none-eabi/9.3.1/thumb/v7e-m+dp/hard\libgcc.a(_udivmoddi4.o)
                0x000000000800f104                __exidx_end = .

.rel.dyn        0x000000000800f104        0x0
 .rel.iplt      0x000000000800f104        0x0 d:/stm32cubeide_1.6.1/stm32cubeide/plugins/com.st.stm32cube.ide.mcu.externaltools.gnu-tools-for-stm32.9-2020-q2-update.win32_1.5.0.202011040924/tools/bin/../lib/gcc/arm-none-eabi/9.3.1/thumb/v7e-m+dp/hard/crtbegin.o

.preinit_array  0x000000000800f104        0x0
                0x000000000800f104                PROVIDE (__preinit_array_start = .)
 *(.preinit_array*)
                0x000000000800f104                PROVIDE (__preinit_array_end = .)

.init_array     0x000000000800f104        0x4
                0x000000000800f104                PROVIDE (__init_array_start = .)
 *(SORT_BY_NAME(.init_array.*))
 *(.init_array*)
 .init_array    0x000000000800f104        0x4 d:/stm32cubeide_1.6.1/stm32cubeide/plugins/com.st.stm32cube.ide.mcu.externaltools.gnu-tools-for-stm32.9-2020-q2-update.win32_1.5.0.202011040924/tools/bin/../lib/gcc/arm-none-eabi/9.3.1/thumb/v7e-m+dp/hard/crtbegin.o
                0x000000000800f108                PROVIDE (__init_array_end = .)

.fini_array     0x000000000800f108        0x4
                [!provide]                        PROVIDE (__fini_array_start = .)
 *(SORT_BY_NAME(.fini_array.*))
 *(.fini_array*)
 .fini_array    0x000000000800f108        0x4 d:/stm32cubeide_1.6.1/stm32cubeide/plugins/com.st.stm32cube.ide.mcu.externaltools.gnu-tools-for-stm32.9-2020-q2-update.win32_1.5.0.202011040924/tools/bin/../lib/gcc/arm-none-eabi/9.3.1/thumb/v7e-m+dp/hard/crtbegin.o
                [!provide]                        PROVIDE (__fini_array_end = .)
                0x000000000800f10c                _sidata = LOADADDR (.data)

.data           0x0000000020000000      0x1d0 load address 0x000000000800f10c
                0x0000000020000000                . = ALIGN (0x4)
                0x0000000020000000                _sdata = .
 *(.data)
 *(.data*)
 .data.l6474Drv
                0x0000000020000000      0x128 Core/Src/l6474.o
                0x0000000020000000                l6474Drv
 .data.END_CMD  0x0000000020000128        0x3 Core/Src/main.o
                0x0000000020000128                END_CMD
 *fill*         0x000000002000012b        0x1 
 .data.gL6474InitParams
                0x000000002000012c       0x2c Core/Src/main.o
                0x000000002000012c                gL6474InitParams
 .data.SystemCoreClock
                0x0000000020000158        0x4 Core/Src/system_stm32h7xx.o
                0x0000000020000158                SystemCoreClock
 .data.SystemD2Clock
                0x000000002000015c        0x4 Core/Src/system_stm32h7xx.o
                0x000000002000015c                SystemD2Clock
 .data.uwTickPrio
                0x0000000020000160        0x4 Drivers/STM32H7xx_HAL_Driver/Src/stm32h7xx_hal.o
                0x0000000020000160                uwTickPrio
 .data.uwTickFreq
                0x0000000020000164        0x1 Drivers/STM32H7xx_HAL_Driver/Src/stm32h7xx_hal.o
                0x0000000020000164                uwTickFreq
 *fill*         0x0000000020000165        0x3 
 .data.uxCriticalNesting
                0x0000000020000168        0x4 Middlewares/Third_Party/FreeRTOS/Source/portable/GCC/ARM_CM4F/port.o
 .data._impure_ptr
                0x000000002000016c        0x4 d:/stm32cubeide_1.6.1/stm32cubeide/plugins/com.st.stm32cube.ide.mcu.externaltools.gnu-tools-for-stm32.9-2020-q2-update.win32_1.5.0.202011040924/tools/bin/../lib/gcc/arm-none-eabi/9.3.1/../../../../arm-none-eabi/lib/thumb/v7e-m+dp/hard\libc_nano.a(lib_a-impure.o)
                0x000000002000016c                _impure_ptr
 .data.impure_data
                0x0000000020000170       0x60 d:/stm32cubeide_1.6.1/stm32cubeide/plugins/com.st.stm32cube.ide.mcu.externaltools.gnu-tools-for-stm32.9-2020-q2-update.win32_1.5.0.202011040924/tools/bin/../lib/gcc/arm-none-eabi/9.3.1/../../../../arm-none-eabi/lib/thumb/v7e-m+dp/hard\libc_nano.a(lib_a-impure.o)
 *(.RamFunc)
 *(.RamFunc*)
                0x00000000200001d0                . = ALIGN (0x4)
                0x00000000200001d0                _edata = .

.igot.plt       0x00000000200001d0        0x0 load address 0x000000000800f2dc
 .igot.plt      0x00000000200001d0        0x0 d:/stm32cubeide_1.6.1/stm32cubeide/plugins/com.st.stm32cube.ide.mcu.externaltools.gnu-tools-for-stm32.9-2020-q2-update.win32_1.5.0.202011040924/tools/bin/../lib/gcc/arm-none-eabi/9.3.1/thumb/v7e-m+dp/hard/crtbegin.o
                0x00000000200001d0                . = ALIGN (0x4)

.bss            0x00000000200001d0     0x4d80 load address 0x000000000800f2dc
                0x00000000200001d0                _sbss = .
                0x00000000200001d0                __bss_start__ = _sbss
 *(.bss)
 .bss           0x00000000200001d0       0x1c d:/stm32cubeide_1.6.1/stm32cubeide/plugins/com.st.stm32cube.ide.mcu.externaltools.gnu-tools-for-stm32.9-2020-q2-update.win32_1.5.0.202011040924/tools/bin/../lib/gcc/arm-none-eabi/9.3.1/thumb/v7e-m+dp/hard/crtbegin.o
 *(.bss*)
 .bss.numberOfDevices
                0x00000000200001ec        0x1 Core/Src/l6474.o
 *fill*         0x00000000200001ed        0x3 
 .bss.spiTxBursts
                0x00000000200001f0        0xc Core/Src/l6474.o
 .bss.spiRxBursts
                0x00000000200001fc        0xc Core/Src/l6474.o
 .bss.spiPreemtionByIsr
                0x0000000020000208        0x1 Core/Src/l6474.o
 .bss.isrFlag   0x0000000020000209        0x1 Core/Src/l6474.o
 .bss.l6474DriverInstance
                0x000000002000020a        0x2 Core/Src/l6474.o
 .bss.motorDrvHandle
                0x000000002000020c        0x4 Core/Src/motorcontrol.o
 .bss.MotorControlBoardId
                0x0000000020000210        0x2 Core/Src/motorcontrol.o
 *fill*         0x0000000020000212        0x2 
 .bss.__sbrk_heap_end
                0x0000000020000214        0x4 Core/Src/sysmem.o
 .bss.SpiHandle
                0x0000000020000218       0x88 Core/Src/x_nucleo_ihm01a1_stm32f4xx.o
 .bss.KernelState
                0x00000000200002a0        0x4 Middlewares/Third_Party/FreeRTOS/Source/CMSIS_RTOS_V2/cmsis_os2.o
 .bss.Idle_TCB.13630
                0x00000000200002a4       0x5c Middlewares/Third_Party/FreeRTOS/Source/CMSIS_RTOS_V2/cmsis_os2.o
 .bss.Idle_Stack.13631
                0x0000000020000300      0x200 Middlewares/Third_Party/FreeRTOS/Source/CMSIS_RTOS_V2/cmsis_os2.o
 .bss.Timer_TCB.13637
                0x0000000020000500       0x5c Middlewares/Third_Party/FreeRTOS/Source/CMSIS_RTOS_V2/cmsis_os2.o
 .bss.Timer_Stack.13638
                0x000000002000055c      0x400 Middlewares/Third_Party/FreeRTOS/Source/CMSIS_RTOS_V2/cmsis_os2.o
 .bss.pxCurrentTCB
                0x000000002000095c        0x4 Middlewares/Third_Party/FreeRTOS/Source/tasks.o
                0x000000002000095c                pxCurrentTCB
 .bss.pxReadyTasksLists
                0x0000000020000960      0x460 Middlewares/Third_Party/FreeRTOS/Source/tasks.o
 .bss.xDelayedTaskList1
                0x0000000020000dc0       0x14 Middlewares/Third_Party/FreeRTOS/Source/tasks.o
 .bss.xDelayedTaskList2
                0x0000000020000dd4       0x14 Middlewares/Third_Party/FreeRTOS/Source/tasks.o
 .bss.pxDelayedTaskList
                0x0000000020000de8        0x4 Middlewares/Third_Party/FreeRTOS/Source/tasks.o
 .bss.pxOverflowDelayedTaskList
                0x0000000020000dec        0x4 Middlewares/Third_Party/FreeRTOS/Source/tasks.o
 .bss.xPendingReadyList
                0x0000000020000df0       0x14 Middlewares/Third_Party/FreeRTOS/Source/tasks.o
 .bss.xTasksWaitingTermination
                0x0000000020000e04       0x14 Middlewares/Third_Party/FreeRTOS/Source/tasks.o
 .bss.uxDeletedTasksWaitingCleanUp
                0x0000000020000e18        0x4 Middlewares/Third_Party/FreeRTOS/Source/tasks.o
 .bss.xSuspendedTaskList
                0x0000000020000e1c       0x14 Middlewares/Third_Party/FreeRTOS/Source/tasks.o
 .bss.uxCurrentNumberOfTasks
                0x0000000020000e30        0x4 Middlewares/Third_Party/FreeRTOS/Source/tasks.o
 .bss.xTickCount
                0x0000000020000e34        0x4 Middlewares/Third_Party/FreeRTOS/Source/tasks.o
 .bss.uxTopReadyPriority
                0x0000000020000e38        0x4 Middlewares/Third_Party/FreeRTOS/Source/tasks.o
 .bss.xSchedulerRunning
                0x0000000020000e3c        0x4 Middlewares/Third_Party/FreeRTOS/Source/tasks.o
 .bss.xPendedTicks
                0x0000000020000e40        0x4 Middlewares/Third_Party/FreeRTOS/Source/tasks.o
 .bss.xYieldPending
                0x0000000020000e44        0x4 Middlewares/Third_Party/FreeRTOS/Source/tasks.o
 .bss.xNumOfOverflows
                0x0000000020000e48        0x4 Middlewares/Third_Party/FreeRTOS/Source/tasks.o
 .bss.uxTaskNumber
                0x0000000020000e4c        0x4 Middlewares/Third_Party/FreeRTOS/Source/tasks.o
 .bss.xNextTaskUnblockTime
                0x0000000020000e50        0x4 Middlewares/Third_Party/FreeRTOS/Source/tasks.o
 .bss.xIdleTaskHandle
                0x0000000020000e54        0x4 Middlewares/Third_Party/FreeRTOS/Source/tasks.o
 .bss.uxSchedulerSuspended
                0x0000000020000e58        0x4 Middlewares/Third_Party/FreeRTOS/Source/tasks.o
 .bss.xActiveTimerList1
                0x0000000020000e5c       0x14 Middlewares/Third_Party/FreeRTOS/Source/timers.o
 .bss.xActiveTimerList2
                0x0000000020000e70       0x14 Middlewares/Third_Party/FreeRTOS/Source/timers.o
 .bss.pxCurrentTimerList
                0x0000000020000e84        0x4 Middlewares/Third_Party/FreeRTOS/Source/timers.o
 .bss.pxOverflowTimerList
                0x0000000020000e88        0x4 Middlewares/Third_Party/FreeRTOS/Source/timers.o
 .bss.xTimerQueue
                0x0000000020000e8c        0x4 Middlewares/Third_Party/FreeRTOS/Source/timers.o
 .bss.xTimerTaskHandle
                0x0000000020000e90        0x4 Middlewares/Third_Party/FreeRTOS/Source/timers.o
 .bss.xLastTime.6925
                0x0000000020000e94        0x4 Middlewares/Third_Party/FreeRTOS/Source/timers.o
 .bss.ucStaticTimerQueueStorage.6976
                0x0000000020000e98       0xa0 Middlewares/Third_Party/FreeRTOS/Source/timers.o
 .bss.xStaticTimerQueue.6975
                0x0000000020000f38       0x50 Middlewares/Third_Party/FreeRTOS/Source/timers.o
 .bss.ucMaxSysCallPriority
                0x0000000020000f88        0x1 Middlewares/Third_Party/FreeRTOS/Source/portable/GCC/ARM_CM4F/port.o
 *fill*         0x0000000020000f89        0x3 
 .bss.ulMaxPRIGROUPValue
                0x0000000020000f8c        0x4 Middlewares/Third_Party/FreeRTOS/Source/portable/GCC/ARM_CM4F/port.o
 .bss.ucHeap    0x0000000020000f90     0x3c00 Middlewares/Third_Party/FreeRTOS/Source/portable/MemMang/heap_4.o
 .bss.xStart    0x0000000020004b90        0x8 Middlewares/Third_Party/FreeRTOS/Source/portable/MemMang/heap_4.o
 .bss.pxEnd     0x0000000020004b98        0x4 Middlewares/Third_Party/FreeRTOS/Source/portable/MemMang/heap_4.o
 .bss.xFreeBytesRemaining
                0x0000000020004b9c        0x4 Middlewares/Third_Party/FreeRTOS/Source/portable/MemMang/heap_4.o
 .bss.xMinimumEverFreeBytesRemaining
                0x0000000020004ba0        0x4 Middlewares/Third_Party/FreeRTOS/Source/portable/MemMang/heap_4.o
 .bss.xNumberOfSuccessfulAllocations
                0x0000000020004ba4        0x4 Middlewares/Third_Party/FreeRTOS/Source/portable/MemMang/heap_4.o
 .bss.xNumberOfSuccessfulFrees
                0x0000000020004ba8        0x4 Middlewares/Third_Party/FreeRTOS/Source/portable/MemMang/heap_4.o
 .bss.xBlockAllocatedBit
                0x0000000020004bac        0x4 Middlewares/Third_Party/FreeRTOS/Source/portable/MemMang/heap_4.o
 .bss.__malloc_free_list
                0x0000000020004bb0        0x4 d:/stm32cubeide_1.6.1/stm32cubeide/plugins/com.st.stm32cube.ide.mcu.externaltools.gnu-tools-for-stm32.9-2020-q2-update.win32_1.5.0.202011040924/tools/bin/../lib/gcc/arm-none-eabi/9.3.1/../../../../arm-none-eabi/lib/thumb/v7e-m+dp/hard\libc_nano.a(lib_a-nano-mallocr.o)
                0x0000000020004bb0                __malloc_free_list
 .bss.__malloc_sbrk_start
                0x0000000020004bb4        0x4 d:/stm32cubeide_1.6.1/stm32cubeide/plugins/com.st.stm32cube.ide.mcu.externaltools.gnu-tools-for-stm32.9-2020-q2-update.win32_1.5.0.202011040924/tools/bin/../lib/gcc/arm-none-eabi/9.3.1/../../../../arm-none-eabi/lib/thumb/v7e-m+dp/hard\libc_nano.a(lib_a-nano-mallocr.o)
                0x0000000020004bb4                __malloc_sbrk_start
 *(COMMON)
 COMMON         0x0000000020004bb8       0x64 Core/Src/adc.o