Drawable.hpp:62:13:touchgfx::Drawable::~Drawable()	16	static
Drawable.hpp:62:13:virtual touchgfx::Drawable::~Drawable()	16	static
Drawable.hpp:121:18:virtual void touchgfx::Drawable::invalidateContent() const	16	static
Drawable.hpp:147:23:virtual touchgfx::Drawable* touchgfx::Drawable::getFirstChild()	16	static
Drawable.hpp:315:18:virtual void touchgfx::Drawable::setX(int16_t)	16	static
Drawable.hpp:327:18:virtual void touchgfx::Drawable::setY(int16_t)	16	static
Drawable.hpp:356:18:virtual void touchgfx::Drawable::setWidth(int16_t)	16	static
Drawable.hpp:368:18:virtual void touchgfx::Drawable::setHeight(int16_t)	16	static
Drawable.hpp:378:18:virtual void touchgfx::Drawable::childGeometryChanged()	16	static
Drawable.hpp:389:18:virtual void touchgfx::Drawable::handleClickEvent(const touchgfx::ClickEvent&)	16	static
Drawable.hpp:400:18:virtual void touchgfx::Drawable::handleGestureEvent(const touchgfx::GestureEvent&)	16	static
Drawable.hpp:488:18:virtual void touchgfx::Drawable::handleDragEvent(const touchgfx::DragEvent&)	16	static
Drawable.hpp:498:18:virtual void touchgfx::Drawable::handleTickEvent()	16	static
Drawable.hpp:534:10:bool touchgfx::Drawable::isVisible() const	16	static
Drawable.hpp:546:10:bool touchgfx::Drawable::isTouchable() const	16	static
Drawable.hpp:585:18:virtual void touchgfx::Drawable::moveTo(int16_t, int16_t)	16	static
Drawable.hpp:622:10:void touchgfx::Drawable::resetDrawChainCache()	16	static
Drawable.hpp:700:18:virtual void touchgfx::Drawable::setupDrawChain(const touchgfx::Rect&, touchgfx::Drawable**)	24	static
Container.hpp:165:23:virtual touchgfx::Drawable* touchgfx::Container::getFirstChild()	16	static
gthr-default.h:229:1:int __gthread_key_delete(__gthread_key_t)	16	static
Widget.hpp:47:18:virtual void touchgfx::Widget::getLastChild(int16_t, int16_t, touchgfx::Drawable**)	24	static
Widget.hpp:36:7:touchgfx::Widget::~Widget()	16	static
Widget.hpp:36:7:virtual touchgfx::Widget::~Widget()	16	static
Container.hpp:40:7:touchgfx::Container::~Container()	16	static
Container.hpp:40:7:virtual touchgfx::Container::~Container()	16	static
SlideBase.hpp:15:13:SlideBase::~SlideBase()	16	static
SlideBase.hpp:15:13:virtual SlideBase::~SlideBase()	16	static
Slide.hpp:10:13:Slide::~Slide()	16	static
Slide.hpp:10:13:virtual Slide::~Slide()	16	static
Slide.cpp:3:1:Slide::Slide()	16	static
Slide.cpp:8:6:virtual void Slide::initialize()	16	static
Box.hpp:29:7:touchgfx::Box::~Box()	16	static
Box.hpp:29:7:virtual touchgfx::Box::~Box()	16	static
