../Middlewares/ST/touchgfx/framework/include/touchgfx/hal/Types.hpp:91:5:touchgfx::colortype::colortype(uint32_t)	16	static
../Middlewares/ST/touchgfx/framework/include/touchgfx/hal/Types.hpp:127:5:touchgfx::Rect::Rect()	16	static
../Middlewares/ST/touchgfx/framework/include/touchgfx/hal/Types.hpp:140:5:touchgfx::Rect::Rect(int16_t, int16_t, int16_t, int16_t)	24	static
../Middlewares/ST/touchgfx/framework/include/touchgfx/events/ClickEvent.hpp:113:20:touchgfx::ClickEvent::ClickEventType touchgfx::ClickEvent::getType() const	16	static
../Middlewares/ST/touchgfx/framework/include/touchgfx/Drawable.hpp:62:13:touchgfx::Drawable::~Drawable()	16	static
../Middlewares/ST/touchgfx/framework/include/touchgfx/Drawable.hpp:62:13:virtual touchgfx::Drawable::~Drawable()	16	static
../Middlewares/ST/touchgfx/framework/include/touchgfx/Drawable.hpp:121:18:virtual void touchgfx::Drawable::invalidateContent() const	16	static
../Middlewares/ST/touchgfx/framework/include/touchgfx/Drawable.hpp:147:23:virtual touchgfx::Drawable* touchgfx::Drawable::getFirstChild()	16	static
../Middlewares/ST/touchgfx/framework/include/touchgfx/Drawable.hpp:273:13:int16_t touchgfx::Drawable::getX() const	16	static
../Middlewares/ST/touchgfx/framework/include/touchgfx/Drawable.hpp:283:13:int16_t touchgfx::Drawable::getY() const	16	static
../Middlewares/ST/touchgfx/framework/include/touchgfx/Drawable.hpp:293:13:int16_t touchgfx::Drawable::getWidth() const	16	static
../Middlewares/ST/touchgfx/framework/include/touchgfx/Drawable.hpp:303:13:int16_t touchgfx::Drawable::getHeight() const	16	static
../Middlewares/ST/touchgfx/framework/include/touchgfx/Drawable.hpp:315:18:virtual void touchgfx::Drawable::setX(int16_t)	16	static
../Middlewares/ST/touchgfx/framework/include/touchgfx/Drawable.hpp:327:18:virtual void touchgfx::Drawable::setY(int16_t)	16	static
../Middlewares/ST/touchgfx/framework/include/touchgfx/Drawable.hpp:343:10:void touchgfx::Drawable::setXY(int16_t, int16_t)	16	static
../Middlewares/ST/touchgfx/framework/include/touchgfx/Drawable.hpp:356:18:virtual void touchgfx::Drawable::setWidth(int16_t)	16	static
../Middlewares/ST/touchgfx/framework/include/touchgfx/Drawable.hpp:368:18:virtual void touchgfx::Drawable::setHeight(int16_t)	16	static
../Middlewares/ST/touchgfx/framework/include/touchgfx/Drawable.hpp:378:18:virtual void touchgfx::Drawable::childGeometryChanged()	16	static
../Middlewares/ST/touchgfx/framework/include/touchgfx/Drawable.hpp:389:18:virtual void touchgfx::Drawable::handleClickEvent(const touchgfx::ClickEvent&)	16	static
../Middlewares/ST/touchgfx/framework/include/touchgfx/Drawable.hpp:400:18:virtual void touchgfx::Drawable::handleGestureEvent(const touchgfx::GestureEvent&)	16	static
../Middlewares/ST/touchgfx/framework/include/touchgfx/Drawable.hpp:488:18:virtual void touchgfx::Drawable::handleDragEvent(const touchgfx::DragEvent&)	16	static
../Middlewares/ST/touchgfx/framework/include/touchgfx/Drawable.hpp:498:18:virtual void touchgfx::Drawable::handleTickEvent()	16	static
../Middlewares/ST/touchgfx/framework/include/touchgfx/Drawable.hpp:512:10:void touchgfx::Drawable::setVisible(bool)	16	static
../Middlewares/ST/touchgfx/framework/include/touchgfx/Drawable.hpp:522:10:void touchgfx::Drawable::setTouchable(bool)	16	static
../Middlewares/ST/touchgfx/framework/include/touchgfx/Drawable.hpp:534:10:bool touchgfx::Drawable::isVisible() const	16	static
../Middlewares/ST/touchgfx/framework/include/touchgfx/Drawable.hpp:546:10:bool touchgfx::Drawable::isTouchable() const	16	static
../Middlewares/ST/touchgfx/framework/include/touchgfx/Drawable.hpp:585:18:virtual void touchgfx::Drawable::moveTo(int16_t, int16_t)	16	static
../Middlewares/ST/touchgfx/framework/include/touchgfx/Drawable.hpp:622:10:void touchgfx::Drawable::resetDrawChainCache()	16	static
../Middlewares/ST/touchgfx/framework/include/touchgfx/Drawable.hpp:700:18:virtual void touchgfx::Drawable::setupDrawChain(const touchgfx::Rect&, touchgfx::Drawable**)	24	static
../Middlewares/ST/touchgfx/framework/include/touchgfx/containers/Container.hpp:165:23:virtual touchgfx::Drawable* touchgfx::Container::getFirstChild()	16	static
../Middlewares/ST/touchgfx/framework/include/touchgfx/Screen.hpp:46:13:touchgfx::Screen::~Screen()	16	static
../Middlewares/ST/touchgfx/framework/include/touchgfx/Screen.hpp:46:13:virtual touchgfx::Screen::~Screen()	16	static
../Middlewares/ST/touchgfx/framework/include/touchgfx/Screen.hpp:93:18:virtual void touchgfx::Screen::setupScreen()	16	static
../Middlewares/ST/touchgfx/framework/include/touchgfx/Screen.hpp:104:18:virtual void touchgfx::Screen::afterTransition()	16	static
../Middlewares/ST/touchgfx/framework/include/touchgfx/Screen.hpp:115:18:virtual void touchgfx::Screen::tearDownScreen()	16	static
../Middlewares/ST/touchgfx/framework/include/touchgfx/Screen.hpp:144:18:virtual void touchgfx::Screen::handleTickEvent()	16	static
../Middlewares/ST/touchgfx/framework/include/touchgfx/Screen.hpp:154:18:virtual void touchgfx::Screen::handleKeyEvent(uint8_t)	16	static
../Middlewares/ST/touchgfx/framework/include/touchgfx/Screen.hpp:266:10:void touchgfx::Screen::invalidate() const	16	static
d:\stm32cubeide_1.6.1\stm32cubeide\plugins\com.st.stm32cube.ide.mcu.externaltools.gnu-tools-for-stm32.10.3-2021.10.win32_1.0.0.202111181127\tools\bin\../lib/gcc/arm-none-eabi/10.3.1/../../../../arm-none-eabi/include/c++/10.3.1/arm-none-eabi/thumb/v7e-m+dp/hard/bits/gthr-default.h:229:1:int __gthread_key_delete(__gthread_key_t)	16	static
../Middlewares/ST/touchgfx/framework/include/touchgfx/Texts.hpp:48:23:static touchgfx::LanguageId touchgfx::Texts::getLanguage()	4	static
../Middlewares/ST/touchgfx/framework/include/touchgfx/widgets/Widget.hpp:47:18:virtual void touchgfx::Widget::getLastChild(int16_t, int16_t, touchgfx::Drawable**)	24	static
../Middlewares/ST/touchgfx/framework/include/touchgfx/widgets/Widget.hpp:36:7:touchgfx::Widget::~Widget()	16	static
../Middlewares/ST/touchgfx/framework/include/touchgfx/widgets/Widget.hpp:36:7:virtual touchgfx::Widget::~Widget()	16	static
../Middlewares/ST/touchgfx/framework/include/touchgfx/widgets/Box.hpp:63:10:void touchgfx::Box::setColor(touchgfx::colortype)	16	static
../Middlewares/ST/touchgfx/framework/include/touchgfx/widgets/Box.hpp:83:10:void touchgfx::Box::setAlpha(uint8_t)	16	static
../Middlewares/ST/touchgfx/framework/include/touchgfx/widgets/Image.hpp:76:10:void touchgfx::Image::setAlpha(uint8_t)	16	static
../Middlewares/ST/touchgfx/framework/include/touchgfx/containers/Container.hpp:40:7:touchgfx::Container::~Container()	16	static
../Middlewares/ST/touchgfx/framework/include/touchgfx/containers/Container.hpp:40:7:virtual touchgfx::Container::~Container()	16	static
../Middlewares/ST/touchgfx/framework/include/touchgfx/containers/buttons/AbstractButtonContainer.hpp:51:10:void touchgfx::AbstractButtonContainer::setPressed(bool)	16	static
../Middlewares/ST/touchgfx/framework/include/touchgfx/containers/buttons/AbstractButtonContainer.hpp:64:10:bool touchgfx::AbstractButtonContainer::getPressed()	16	static
../Middlewares/ST/touchgfx/framework/include/touchgfx/containers/buttons/AbstractButtonContainer.hpp:77:13:uint8_t touchgfx::AbstractButtonContainer::getAlpha() const	16	static
../Middlewares/ST/touchgfx/framework/include/touchgfx/containers/buttons/AbstractButtonContainer.hpp:99:18:virtual void touchgfx::AbstractButtonContainer::executeAction()	16	static
../Middlewares/ST/touchgfx/framework/include/touchgfx/containers/buttons/AbstractButtonContainer.hpp:114:18:virtual void touchgfx::AbstractButtonContainer::handlePressedUpdated()	16	static
../Middlewares/ST/touchgfx/framework/include/touchgfx/containers/buttons/AbstractButtonContainer.hpp:119:18:virtual void touchgfx::AbstractButtonContainer::handleAlphaUpdated()	16	static
../Middlewares/ST/touchgfx/framework/include/touchgfx/widgets/Image.hpp:38:7:touchgfx::Image::~Image()	16	static
../Middlewares/ST/touchgfx/framework/include/touchgfx/widgets/Image.hpp:38:7:virtual touchgfx::Image::~Image()	16	static
../Middlewares/ST/touchgfx/framework/include/touchgfx/widgets/Box.hpp:29:7:touchgfx::Box::~Box()	16	static
../Middlewares/ST/touchgfx/framework/include/touchgfx/widgets/Box.hpp:29:7:virtual touchgfx::Box::~Box()	16	static
../Middlewares/ST/touchgfx/framework/include/touchgfx/widgets/BoxWithBorder.hpp:62:10:void touchgfx::BoxWithBorder::setBorderColor(touchgfx::colortype)	16	static
../Middlewares/ST/touchgfx/framework/include/touchgfx/containers/buttons/ClickButtonTrigger.hpp:47:18:virtual void touchgfx::ClickButtonTrigger::handleClickEvent(const touchgfx::ClickEvent&)	24	static
../Middlewares/ST/touchgfx/framework/include/touchgfx/containers/buttons/AbstractButtonContainer.hpp:34:7:touchgfx::AbstractButtonContainer::~AbstractButtonContainer()	16	static
../Middlewares/ST/touchgfx/framework/include/touchgfx/containers/buttons/AbstractButtonContainer.hpp:34:7:virtual touchgfx::AbstractButtonContainer::~AbstractButtonContainer()	16	static
../Middlewares/ST/touchgfx/framework/include/touchgfx/TypedText.hpp:65:13:touchgfx::TypedText::~TypedText()	16	static
../Middlewares/ST/touchgfx/framework/include/touchgfx/TypedText.hpp:65:13:virtual touchgfx::TypedText::~TypedText()	16	static
../Middlewares/ST/touchgfx/framework/include/touchgfx/widgets/TextArea.hpp:48:18:virtual void touchgfx::TextArea::setWidth(int16_t)	40	static
../Middlewares/ST/touchgfx/framework/include/touchgfx/widgets/TextArea.hpp:54:18:virtual void touchgfx::TextArea::setHeight(int16_t)	40	static
../Middlewares/ST/touchgfx/framework/include/touchgfx/widgets/TextArea.hpp:60:18:virtual touchgfx::Rect touchgfx::TextArea::getSolidRect() const	16	static
../Middlewares/ST/touchgfx/framework/include/touchgfx/widgets/TextArea.hpp:89:18:virtual void touchgfx::TextArea::setAlpha(uint8_t)	16	static
../Middlewares/ST/touchgfx/framework/include/touchgfx/widgets/TextArea.hpp:111:18:virtual void touchgfx::TextArea::setBaselineY(int16_t)	48	static
../Middlewares/ST/touchgfx/framework/include/touchgfx/widgets/TextArea.hpp:127:18:virtual void touchgfx::TextArea::setXBaselineY(int16_t, int16_t)	16	static
../Middlewares/ST/touchgfx/framework/include/touchgfx/TypedText.hpp:41:7:constexpr touchgfx::TypedText::TypedText(const touchgfx::TypedText&)	16	static
../Middlewares/ST/touchgfx/framework/include/touchgfx/widgets/TextArea.hpp:246:15:touchgfx::TypedText touchgfx::TextArea::getTypedText() const	16	static
../Middlewares/ST/touchgfx/framework/include/touchgfx/widgets/TextArea.hpp:403:41:virtual const UnicodeChar* touchgfx::TextArea::getWildcard2() const	16	static
../Middlewares/ST/touchgfx/framework/include/touchgfx/widgets/TextArea.hpp:429:9:touchgfx::TextArea::BoundingArea::BoundingArea()	24	static
../Middlewares/ST/touchgfx/framework/include/touchgfx/widgets/TextArea.hpp:40:7:touchgfx::TextArea::~TextArea()	16	static
../Middlewares/ST/touchgfx/framework/include/touchgfx/widgets/TextArea.hpp:40:7:virtual touchgfx::TextArea::~TextArea()	16	static
../Middlewares/ST/touchgfx/framework/include/touchgfx/widgets/TextAreaWithWildcard.hpp:46:36:virtual touchgfx::TextArea::BoundingArea touchgfx::TextAreaWithWildcardBase::calculateBoundingArea() const	16	static
../Middlewares/ST/touchgfx/framework/include/touchgfx/widgets/TextAreaWithWildcard.hpp:33:7:touchgfx::TextAreaWithWildcardBase::~TextAreaWithWildcardBase()	16	static
../Middlewares/ST/touchgfx/framework/include/touchgfx/widgets/TextAreaWithWildcard.hpp:33:7:virtual touchgfx::TextAreaWithWildcardBase::~TextAreaWithWildcardBase()	16	static
../Middlewares/ST/touchgfx/framework/include/touchgfx/widgets/TextAreaWithWildcard.hpp:81:41:virtual const UnicodeChar* touchgfx::TextAreaWithOneWildcard::getWildcard1() const	16	static
../Middlewares/ST/touchgfx/framework/include/touchgfx/widgets/TextAreaWithWildcard.hpp:144:41:virtual const UnicodeChar* touchgfx::TextAreaWithTwoWildcards::getWildcard1() const	16	static
../Middlewares/ST/touchgfx/framework/include/touchgfx/widgets/TextAreaWithWildcard.hpp:163:41:virtual const UnicodeChar* touchgfx::TextAreaWithTwoWildcards::getWildcard2() const	16	static
../Middlewares/ST/touchgfx/framework/include/touchgfx/widgets/canvas/AbstractPainter.hpp:51:13:touchgfx::AbstractPainter::~AbstractPainter()	16	static
../Middlewares/ST/touchgfx/framework/include/touchgfx/widgets/canvas/AbstractPainter.hpp:51:13:virtual touchgfx::AbstractPainter::~AbstractPainter()	16	static
../Middlewares/ST/touchgfx/framework/include/touchgfx/widgets/canvas/CWRUtil.hpp:70:18:touchgfx::CWRUtil::Q5::Q5(int)	16	static
../Middlewares/ST/touchgfx/framework/include/touchgfx/widgets/canvas/CWRUtil.hpp:93:9:touchgfx::CWRUtil::Q5::operator int() const	16	static
../Middlewares/ST/touchgfx/framework/include/touchgfx/widgets/canvas/CWRUtil.hpp:115:12:touchgfx::CWRUtil::Q5 touchgfx::CWRUtil::Q5::operator+(const touchgfx::CWRUtil::Q5&) const	24	static
../Middlewares/ST/touchgfx/framework/include/touchgfx/widgets/canvas/CWRUtil.hpp:127:12:touchgfx::CWRUtil::Q5 touchgfx::CWRUtil::Q5::operator-(const touchgfx::CWRUtil::Q5&) const	24	static
../Middlewares/ST/touchgfx/framework/include/touchgfx/widgets/canvas/CWRUtil.hpp:249:13:int touchgfx::CWRUtil::Q5::round() const	48	static
../Middlewares/ST/touchgfx/framework/include/touchgfx/widgets/canvas/CWRUtil.hpp:754:15:static touchgfx::CWRUtil::Q5 touchgfx::CWRUtil::muldivQ5(touchgfx::CWRUtil::Q5, touchgfx::CWRUtil::Q5, touchgfx::CWRUtil::Q5)	40	static
../Middlewares/ST/touchgfx/framework/include/touchgfx/widgets/canvas/CWRUtil.hpp:769:15:static touchgfx::CWRUtil::Q5 touchgfx::CWRUtil::muldiv_toQ5(int32_t, int32_t, int32_t)	88	static
../Middlewares/ST/touchgfx/framework/include/touchgfx/widgets/graph/AbstractDataGraph.hpp:124:17:virtual int touchgfx::AbstractDataGraph::getScaleX() const	16	static
../Middlewares/ST/touchgfx/framework/include/touchgfx/widgets/graph/AbstractDataGraph.hpp:158:17:virtual int touchgfx::AbstractDataGraph::getScaleY() const	16	static
../Middlewares/ST/touchgfx/framework/include/touchgfx/widgets/graph/AbstractDataGraph.hpp:168:18:virtual void touchgfx::AbstractDataGraph::setAlpha(uint8_t)	16	static
../Middlewares/ST/touchgfx/framework/include/touchgfx/widgets/graph/AbstractDataGraph.hpp:436:18:virtual void touchgfx::AbstractDataGraph::setGraphRangeX(int, int)	56	static
../Middlewares/ST/touchgfx/framework/include/touchgfx/widgets/graph/AbstractDataGraph.hpp:442:18:virtual void touchgfx::AbstractDataGraph::setGraphRangeX(float, float)	64	static
../Middlewares/ST/touchgfx/framework/include/touchgfx/widgets/graph/AbstractDataGraph.hpp:474:18:virtual void touchgfx::AbstractDataGraph::setGraphRangeXAuto(bool, int)	40	static
../Middlewares/ST/touchgfx/framework/include/touchgfx/widgets/graph/AbstractDataGraph.hpp:480:18:virtual void touchgfx::AbstractDataGraph::setGraphRangeXAuto(bool, float)	48	static
../Middlewares/ST/touchgfx/framework/include/touchgfx/widgets/graph/AbstractDataGraph.hpp:503:18:virtual void touchgfx::AbstractDataGraph::setGraphRangeY(int, int)	56	static
../Middlewares/ST/touchgfx/framework/include/touchgfx/widgets/graph/AbstractDataGraph.hpp:511:18:virtual void touchgfx::AbstractDataGraph::setGraphRangeY(float, float)	64	static
../Middlewares/ST/touchgfx/framework/include/touchgfx/widgets/graph/AbstractDataGraph.hpp:539:18:virtual void touchgfx::AbstractDataGraph::setGraphRangeYAuto(bool, int)	40	static
../Middlewares/ST/touchgfx/framework/include/touchgfx/widgets/graph/AbstractDataGraph.hpp:545:18:virtual void touchgfx::AbstractDataGraph::setGraphRangeYAuto(bool, float)	48	static
../Middlewares/ST/touchgfx/framework/include/touchgfx/widgets/graph/AbstractDataGraph.hpp:555:17:virtual int touchgfx::AbstractDataGraph::getGraphRangeXMinAsInt() const	32	static
../Middlewares/ST/touchgfx/framework/include/touchgfx/widgets/graph/AbstractDataGraph.hpp:565:19:virtual float touchgfx::AbstractDataGraph::getGraphRangeXMinAsFloat() const	32	static
../Middlewares/ST/touchgfx/framework/include/touchgfx/widgets/graph/AbstractDataGraph.hpp:579:17:virtual int touchgfx::AbstractDataGraph::getGraphRangeXMinScaled() const	16	static
../Middlewares/ST/touchgfx/framework/include/touchgfx/widgets/graph/AbstractDataGraph.hpp:589:17:virtual int touchgfx::AbstractDataGraph::getGraphRangeXMaxAsInt() const	32	static
../Middlewares/ST/touchgfx/framework/include/touchgfx/widgets/graph/AbstractDataGraph.hpp:599:19:virtual float touchgfx::AbstractDataGraph::getGraphRangeXMaxAsFloat() const	32	static
../Middlewares/ST/touchgfx/framework/include/touchgfx/widgets/graph/AbstractDataGraph.hpp:613:17:virtual int touchgfx::AbstractDataGraph::getGraphRangeXMaxScaled() const	16	static
../Middlewares/ST/touchgfx/framework/include/touchgfx/widgets/graph/AbstractDataGraph.hpp:623:17:virtual int touchgfx::AbstractDataGraph::getGraphRangeYMinAsInt() const	32	static
../Middlewares/ST/touchgfx/framework/include/touchgfx/widgets/graph/AbstractDataGraph.hpp:633:19:virtual float touchgfx::AbstractDataGraph::getGraphRangeYMinAsFloat() const	32	static
../Middlewares/ST/touchgfx/framework/include/touchgfx/widgets/graph/AbstractDataGraph.hpp:645:17:virtual int touchgfx::AbstractDataGraph::getGraphRangeYMinScaled() const	16	static
../Middlewares/ST/touchgfx/framework/include/touchgfx/widgets/graph/AbstractDataGraph.hpp:655:17:virtual int touchgfx::AbstractDataGraph::getGraphRangeYMaxAsInt() const	32	static
../Middlewares/ST/touchgfx/framework/include/touchgfx/widgets/graph/AbstractDataGraph.hpp:665:19:virtual float touchgfx::AbstractDataGraph::getGraphRangeYMaxAsFloat() const	32	static
../Middlewares/ST/touchgfx/framework/include/touchgfx/widgets/graph/AbstractDataGraph.hpp:677:17:virtual int touchgfx::AbstractDataGraph::getGraphRangeYMaxScaled() const	16	static
../Middlewares/ST/touchgfx/framework/include/touchgfx/widgets/graph/AbstractDataGraph.hpp:1172:18:virtual void touchgfx::AbstractDataGraph::invalidateContent() const	16	static
../Middlewares/ST/touchgfx/framework/include/touchgfx/widgets/graph/AbstractDataGraph.hpp:1266:25:virtual touchgfx::CWRUtil::Q5 touchgfx::AbstractDataGraph::valueToScreenXQ5(int) const	48	static
../Middlewares/ST/touchgfx/framework/include/touchgfx/widgets/graph/AbstractDataGraph.hpp:1278:25:virtual touchgfx::CWRUtil::Q5 touchgfx::AbstractDataGraph::valueToScreenYQ5(int) const	40	static
../Middlewares/ST/touchgfx/framework/include/touchgfx/widgets/graph/AbstractDataGraph.hpp:37:7:touchgfx::AbstractDataGraph::~AbstractDataGraph()	16	static
../Middlewares/ST/touchgfx/framework/include/touchgfx/widgets/graph/AbstractDataGraph.hpp:37:7:virtual touchgfx::AbstractDataGraph::~AbstractDataGraph()	16	static
../Middlewares/ST/touchgfx/framework/include/touchgfx/widgets/graph/AbstractDataGraph.hpp:1356:18:virtual void touchgfx::DynamicDataGraph::setScale(int, bool)	24	static
../Middlewares/ST/touchgfx/framework/include/touchgfx/widgets/graph/AbstractDataGraph.hpp:1369:17:virtual int touchgfx::DynamicDataGraph::getScale() const	16	static
../Middlewares/ST/touchgfx/framework/include/touchgfx/widgets/graph/AbstractDataGraph.hpp:1407:17:virtual int touchgfx::DynamicDataGraph::getGraphRangeXMin() const	16	static
../Middlewares/ST/touchgfx/framework/include/touchgfx/widgets/graph/AbstractDataGraph.hpp:1417:17:virtual int touchgfx::DynamicDataGraph::getGraphRangeXMax() const	16	static
../Middlewares/ST/touchgfx/framework/include/touchgfx/widgets/graph/AbstractDataGraph.hpp:1424:18:virtual void touchgfx::DynamicDataGraph::setGraphRangeXAutoScaled(bool, int)	64	static
../Middlewares/ST/touchgfx/framework/include/touchgfx/widgets/graph/AbstractDataGraph.hpp:1430:5:virtual void touchgfx::DynamicDataGraph::setXAxisScale(int)	16	static
../Middlewares/ST/touchgfx/framework/include/touchgfx/widgets/graph/AbstractDataGraph.hpp:1442:18:virtual void touchgfx::DynamicDataGraph::setXAxisFactor(int)	32	static
../Middlewares/ST/touchgfx/framework/include/touchgfx/widgets/graph/AbstractDataGraph.hpp:1448:5:virtual void touchgfx::DynamicDataGraph::setXAxisScale(float)	16	static
../Middlewares/ST/touchgfx/framework/include/touchgfx/widgets/graph/AbstractDataGraph.hpp:1455:18:virtual void touchgfx::DynamicDataGraph::setXAxisFactor(float)	40	static
../Middlewares/ST/touchgfx/framework/include/touchgfx/widgets/graph/AbstractDataGraph.hpp:1468:18:virtual void touchgfx::DynamicDataGraph::setXAxisFactorScaled(int)	16	static
../Middlewares/ST/touchgfx/framework/include/touchgfx/widgets/graph/AbstractDataGraph.hpp:1474:5:virtual int touchgfx::DynamicDataGraph::getXAxisScaleAsInt() const	16	static
../Middlewares/ST/touchgfx/framework/include/touchgfx/widgets/graph/AbstractDataGraph.hpp:1486:17:virtual int touchgfx::DynamicDataGraph::getXAxisFactorAsInt() const	40	static
../Middlewares/ST/touchgfx/framework/include/touchgfx/widgets/graph/AbstractDataGraph.hpp:1492:5:virtual float touchgfx::DynamicDataGraph::getXAxisScaleAsFloat() const	16	static
../Middlewares/ST/touchgfx/framework/include/touchgfx/widgets/graph/AbstractDataGraph.hpp:1499:19:virtual float touchgfx::DynamicDataGraph::getXAxisFactorAsFloat() const	40	static
../Middlewares/ST/touchgfx/framework/include/touchgfx/widgets/graph/AbstractDataGraph.hpp:1511:17:virtual int touchgfx::DynamicDataGraph::getXAxisFactorScaled() const	16	static
../Middlewares/ST/touchgfx/framework/include/touchgfx/widgets/graph/AbstractDataGraph.hpp:1522:18:virtual void touchgfx::DynamicDataGraph::setXAxisOffset(int)	32	static
../Middlewares/ST/touchgfx/framework/include/touchgfx/widgets/graph/AbstractDataGraph.hpp:1528:18:virtual void touchgfx::DynamicDataGraph::setXAxisOffset(float)	40	static
../Middlewares/ST/touchgfx/framework/include/touchgfx/widgets/graph/AbstractDataGraph.hpp:1543:18:virtual void touchgfx::DynamicDataGraph::setXAxisOffsetScaled(int)	16	static
../Middlewares/ST/touchgfx/framework/include/touchgfx/widgets/graph/AbstractDataGraph.hpp:1554:17:virtual int touchgfx::DynamicDataGraph::getXAxisOffsetAsInt() const	40	static
../Middlewares/ST/touchgfx/framework/include/touchgfx/widgets/graph/AbstractDataGraph.hpp:1560:19:virtual float touchgfx::DynamicDataGraph::getXAxisOffsetAsFloat() const	40	static
../Middlewares/ST/touchgfx/framework/include/touchgfx/widgets/graph/AbstractDataGraph.hpp:1572:17:virtual int touchgfx::DynamicDataGraph::getXAxisOffsetScaled() const	16	static
../Middlewares/ST/touchgfx/framework/include/touchgfx/widgets/graph/AbstractDataGraph.hpp:1577:17:virtual int touchgfx::DynamicDataGraph::indexToDataPointXScaled(int16_t) const	16	static
../Middlewares/ST/touchgfx/framework/include/touchgfx/widgets/graph/AbstractDataGraph.hpp:1583:17:virtual int touchgfx::DynamicDataGraph::indexToDataPointYScaled(int16_t) const	24	static
../Middlewares/ST/touchgfx/framework/include/touchgfx/widgets/graph/AbstractDataGraph.hpp:1640:17:virtual int touchgfx::DynamicDataGraph::indexToXAxis(int, int) const	48	static
../Middlewares/ST/touchgfx/framework/include/touchgfx/widgets/graph/AbstractDataGraph.hpp:1650:17:virtual int touchgfx::DynamicDataGraph::getScaleX() const	16	static
../Middlewares/ST/touchgfx/framework/include/touchgfx/widgets/graph/AbstractDataGraph.hpp:1657:17:virtual int touchgfx::DynamicDataGraph::getScaleY() const	16	static
../Middlewares/ST/touchgfx/framework/include/touchgfx/widgets/graph/AbstractDataGraph.hpp:1663:5:virtual void touchgfx::DynamicDataGraph::setXAxisScaleScaled(int)	16	static
../Middlewares/ST/touchgfx/framework/include/touchgfx/widgets/graph/AbstractDataGraph.hpp:1670:5:virtual int touchgfx::DynamicDataGraph::getXAxisScaleScaled() const	16	static
../Middlewares/ST/touchgfx/framework/include/touchgfx/widgets/graph/AbstractDataGraph.hpp:1676:25:virtual touchgfx::CWRUtil::Q5 touchgfx::DynamicDataGraph::indexToScreenXQ5(int16_t) const	32	static
../Middlewares/ST/touchgfx/framework/include/touchgfx/widgets/graph/AbstractDataGraph.hpp:1681:25:virtual touchgfx::CWRUtil::Q5 touchgfx::DynamicDataGraph::indexToScreenYQ5(int16_t) const	32	static
../Middlewares/ST/touchgfx/framework/include/touchgfx/widgets/graph/AbstractDataGraph.hpp:1325:7:touchgfx::DynamicDataGraph::~DynamicDataGraph()	16	static
../Middlewares/ST/touchgfx/framework/include/touchgfx/widgets/graph/AbstractDataGraph.hpp:1325:7:virtual touchgfx::DynamicDataGraph::~DynamicDataGraph()	16	static
../Middlewares/ST/touchgfx/framework/include/touchgfx/widgets/graph/GraphScroll.hpp:57:21:virtual int16_t touchgfx::GraphScrollData::dataIndex(int16_t) const	16	static
../Middlewares/ST/touchgfx/framework/include/touchgfx/widgets/graph/GraphScroll.hpp:63:25:virtual touchgfx::CWRUtil::Q5 touchgfx::GraphScrollData::indexToXQ5(int16_t) const	24	static
../Middlewares/ST/touchgfx/framework/include/touchgfx/widgets/canvas/CanvasWidget.hpp:60:18:virtual void touchgfx::CanvasWidget::setAlpha(uint8_t)	16	static
../Middlewares/ST/touchgfx/framework/include/touchgfx/widgets/canvas/CanvasWidget.hpp:66:21:virtual uint8_t touchgfx::CanvasWidget::getAlpha() const	16	static
../Middlewares/ST/touchgfx/framework/include/touchgfx/widgets/canvas/CanvasWidget.hpp:33:7:touchgfx::CanvasWidget::~CanvasWidget()	16	static
../Middlewares/ST/touchgfx/framework/include/touchgfx/widgets/canvas/CanvasWidget.hpp:33:7:virtual touchgfx::CanvasWidget::~CanvasWidget()	16	static
../Middlewares/ST/touchgfx/framework/include/touchgfx/widgets/graph/GraphElements.hpp:33:7:touchgfx::AbstractGraphElement::~AbstractGraphElement()	16	static
../Middlewares/ST/touchgfx/framework/include/touchgfx/widgets/graph/GraphElements.hpp:33:7:virtual touchgfx::AbstractGraphElement::~AbstractGraphElement()	16	static
../Middlewares/ST/touchgfx/framework/include/touchgfx/widgets/graph/GraphElements.hpp:238:18:virtual void touchgfx::AbstractGraphElementNoCWR::setColor(touchgfx::colortype)	16	static
../Middlewares/ST/touchgfx/framework/include/touchgfx/widgets/graph/GraphElements.hpp:250:23:virtual touchgfx::colortype touchgfx::AbstractGraphElementNoCWR::getColor() const	16	static
../Middlewares/ST/touchgfx/framework/include/touchgfx/widgets/graph/GraphElements.hpp:255:18:virtual bool touchgfx::AbstractGraphElementNoCWR::drawCanvasWidget(const touchgfx::Rect&) const	16	static
../Middlewares/ST/touchgfx/framework/include/touchgfx/widgets/graph/GraphElements.hpp:276:18:virtual void touchgfx::AbstractGraphElementNoCWR::setPainter(touchgfx::AbstractPainter&)	16	static
../Middlewares/ST/touchgfx/framework/include/touchgfx/widgets/graph/GraphElements.hpp:223:7:touchgfx::AbstractGraphElementNoCWR::~AbstractGraphElementNoCWR()	16	static
../Middlewares/ST/touchgfx/framework/include/touchgfx/widgets/graph/GraphElements.hpp:223:7:virtual touchgfx::AbstractGraphElementNoCWR::~AbstractGraphElementNoCWR()	16	static
../Middlewares/ST/touchgfx/framework/include/touchgfx/widgets/graph/GraphElements.hpp:416:18:virtual void touchgfx::GraphElementGridBase::invalidateGraphPointAt(int16_t)	16	static
../Middlewares/ST/touchgfx/framework/include/touchgfx/widgets/graph/GraphElements.hpp:438:17:virtual int touchgfx::GraphElementGridBase::getCorrectlyScaledMajorInterval(const touchgfx::AbstractDataGraph*) const	16	static
../Middlewares/ST/touchgfx/framework/include/touchgfx/widgets/graph/GraphElements.hpp:623:17:virtual int touchgfx::GraphElementGridY::getCorrectlyScaledGridInterval(const touchgfx::AbstractDataGraph*) const	32	static
../Middlewares/ST/touchgfx/framework/include/touchgfx/widgets/graph/GraphElements.hpp:629:18:virtual touchgfx::Rect touchgfx::GraphElementGridY::enclosingArea(const touchgfx::AbstractDataGraph*) const	56	static
../Middlewares/ST/touchgfx/framework/include/touchgfx/widgets/graph/GraphElements.hpp:634:18:virtual touchgfx::Rect touchgfx::GraphElementGridY::lineRect(int16_t, int16_t, int16_t, int16_t) const	32	static
../Middlewares/ST/touchgfx/framework/include/touchgfx/widgets/graph/GraphElements.hpp:639:17:virtual int touchgfx::GraphElementGridY::getGraphRangeMinScaled(const touchgfx::AbstractDataGraph*) const	16	static
../Middlewares/ST/touchgfx/framework/include/touchgfx/widgets/graph/GraphElements.hpp:644:17:virtual int touchgfx::GraphElementGridY::getGraphRangeMaxScaled(const touchgfx::AbstractDataGraph*) const	16	static
../Middlewares/ST/touchgfx/framework/include/touchgfx/widgets/graph/GraphElements.hpp:649:17:virtual int touchgfx::GraphElementGridY::getGraphAreaStart(const touchgfx::AbstractDataGraph*) const	24	static
../Middlewares/ST/touchgfx/framework/include/touchgfx/widgets/graph/GraphElements.hpp:654:17:virtual int touchgfx::GraphElementGridY::getGraphAreaLength(const touchgfx::AbstractDataGraph*) const	24	static
../Middlewares/ST/touchgfx/framework/include/touchgfx/widgets/graph/GraphElements.hpp:659:17:virtual int touchgfx::GraphElementGridY::getGraphAreaStartPos(const touchgfx::AbstractDataGraph*) const	24	static
../Middlewares/ST/touchgfx/framework/include/touchgfx/widgets/graph/GraphElements.hpp:664:17:virtual int touchgfx::GraphElementGridY::getGraphAreaEndPos(const touchgfx::AbstractDataGraph*) const	24	static
../Middlewares/ST/touchgfx/framework/include/touchgfx/widgets/graph/GraphElements.hpp:669:25:virtual touchgfx::CWRUtil::Q5 touchgfx::GraphElementGridY::valueToScreenQ5(const touchgfx::AbstractDataGraph*, int) const	40	static
../Middlewares/ST/touchgfx/framework/include/touchgfx/widgets/canvas/AbstractPainterRGB565.hpp:34:7:touchgfx::AbstractPainterRGB565::~AbstractPainterRGB565()	16	static
../Middlewares/ST/touchgfx/framework/include/touchgfx/widgets/canvas/AbstractPainterRGB565.hpp:34:7:virtual touchgfx::AbstractPainterRGB565::~AbstractPainterRGB565()	16	static
../Middlewares/ST/touchgfx/framework/include/touchgfx/widgets/canvas/PainterRGB565.hpp:51:10:void touchgfx::PainterRGB565::setColor(touchgfx::colortype)	16	static
../Middlewares/ST/touchgfx/framework/include/touchgfx/widgets/graph/GraphLabels.hpp:31:7:touchgfx::AbstractGraphDecoration::~AbstractGraphDecoration()	16	static
../Middlewares/ST/touchgfx/framework/include/touchgfx/widgets/graph/GraphLabels.hpp:31:7:virtual touchgfx::AbstractGraphDecoration::~AbstractGraphDecoration()	16	static
../TouchGFX/generated/gui_generated/include/gui_generated/containers/textbubbleBase.hpp:16:13:textbubbleBase::~textbubbleBase()	16	static
../TouchGFX/generated/gui_generated/include/gui_generated/containers/textbubbleBase.hpp:16:13:virtual textbubbleBase::~textbubbleBase()	16	static
../TouchGFX/gui/include/gui/containers/textbubble.hpp:11:13:textbubble::~textbubble()	16	static
../TouchGFX/gui/include/gui/containers/textbubble.hpp:11:13:virtual textbubble::~textbubble()	16	static
../TouchGFX/generated/gui_generated/include/gui_generated/containers/ScreenBorderBase.hpp:16:13:ScreenBorderBase::~ScreenBorderBase()	16	static
../TouchGFX/generated/gui_generated/include/gui_generated/containers/ScreenBorderBase.hpp:16:13:virtual ScreenBorderBase::~ScreenBorderBase()	16	static
../TouchGFX/gui/include/gui/containers/ScreenBorder.hpp:10:13:ScreenBorder::~ScreenBorder()	16	static
../TouchGFX/gui/include/gui/containers/ScreenBorder.hpp:10:13:virtual ScreenBorder::~ScreenBorder()	16	static
../TouchGFX/generated/gui_generated/include/gui_generated/containers/SlideBase.hpp:15:13:SlideBase::~SlideBase()	16	static
../TouchGFX/generated/gui_generated/include/gui_generated/containers/SlideBase.hpp:15:13:virtual SlideBase::~SlideBase()	16	static
../TouchGFX/gui/include/gui/containers/Slide.hpp:10:13:Slide::~Slide()	16	static
../TouchGFX/gui/include/gui/containers/Slide.hpp:10:13:virtual Slide::~Slide()	16	static
../Middlewares/ST/touchgfx/framework/include/mvp/View.hpp:36:7:touchgfx::View<MainPresenter>::~View()	16	static
../Middlewares/ST/touchgfx/framework/include/mvp/View.hpp:36:7:virtual touchgfx::View<MainPresenter>::~View()	16	static
../TouchGFX/generated/gui_generated/include/gui_generated/main_screen/MainViewBase.hpp:32:13:MainViewBase::~MainViewBase()	16	static
../TouchGFX/generated/gui_generated/include/gui_generated/main_screen/MainViewBase.hpp:32:13:virtual MainViewBase::~MainViewBase()	16	static
../TouchGFX/generated/gui_generated/include/gui_generated/main_screen/MainViewBase.hpp:46:18:virtual void MainViewBase::LockScreen()	16	static
../TouchGFX/gui/include/gui/main_screen/MainView.hpp:11:13:MainView::~MainView()	16	static
../TouchGFX/gui/include/gui/main_screen/MainView.hpp:11:13:virtual MainView::~MainView()	16	static
../TouchGFX/gui/src/main_screen/MainView.cpp:5:1:MainView::MainView()	16	static
../TouchGFX/gui/src/main_screen/MainView.cpp:10:6:virtual void MainView::setupScreen()	16	static
../TouchGFX/gui/src/main_screen/MainView.cpp:16:6:virtual void MainView::tearDownScreen()	16	static
../TouchGFX/gui/src/main_screen/MainView.cpp:21:6:void MainView::setupScreenElement()	512	static
../TouchGFX/gui/src/main_screen/MainView.cpp:159:6:virtual void MainView::handleTickEvent()	336	static
../TouchGFX/gui/src/main_screen/MainView.cpp:241:6:virtual void MainView::InitKeyboard(uint8_t)	16	static
../TouchGFX/gui/src/main_screen/MainView.cpp:247:6:virtual void MainView::reactToClick(touchgfx::AbstractDataGraph::GraphClickEvent)	104	static
../TouchGFX/gui/src/main_screen/MainView.cpp:255:6:virtual void MainView::CloseAlarmPopUp()	16	static
../TouchGFX/gui/src/main_screen/MainView.cpp:262:6:virtual void MainView::MuteSound()	16	static
../TouchGFX/gui/src/main_screen/MainView.cpp:267:6:virtual void MainView::batteryUpdated()	40	static
../TouchGFX/gui/src/main_screen/MainView.cpp:294:6:virtual void MainView::currentTimeUpdated()	40	static
../TouchGFX/gui/src/main_screen/MainView.cpp:300:6:virtual void MainView::syringeUpdated()	16	static
../TouchGFX/gui/src/main_screen/MainView.cpp:326:6:virtual void MainView::motorStatusUpdated()	56	static
../TouchGFX/gui/src/main_screen/MainView.cpp:350:6:virtual void MainView::ChangeMotorMode(uint8_t)	64	static
../TouchGFX/gui/src/main_screen/MainView.cpp:383:9:uint8_t MainView::checkBeforeInfusion()	16	static
../TouchGFX/gui/src/main_screen/MainView.cpp:398:9:uint8_t MainView::checkBeforeInfusionStation()	16	static
../TouchGFX/gui/src/main_screen/MainView.cpp:413:9:uint8_t MainView::checkBeforePurge()	16	static
../TouchGFX/gui/src/main_screen/MainView.cpp:428:9:uint8_t MainView::checkSyringe()	16	static
../TouchGFX/gui/src/main_screen/MainView.cpp:464:9:uint8_t MainView::checkDrug()	176	static
../TouchGFX/gui/src/main_screen/MainView.cpp:484:9:uint8_t MainView::checkVolume()	232	static
../Middlewares/ST/touchgfx/framework/include/touchgfx/widgets/canvas/CWRUtil.hpp:213:11:T touchgfx::CWRUtil::Q5::to() const [with T = int]	16	static
../Middlewares/ST/touchgfx/framework/include/touchgfx/containers/buttons/WildcardTextButtonStyle.hpp:142:10:void touchgfx::WildcardTextButtonStyle<T>::setWildcardTextColors(touchgfx::colortype, touchgfx::colortype) [with T = touchgfx::ClickButtonTrigger]	24	static
../Middlewares/ST/touchgfx/framework/include/touchgfx/containers/buttons/WildcardTextButtonStyle.hpp:156:18:void touchgfx::WildcardTextButtonStyle<T>::handlePressedUpdated() [with T = touchgfx::ClickButtonTrigger]	32	static
../Middlewares/ST/touchgfx/framework/include/touchgfx/widgets/TextAreaWithWildcard.hpp:122:7:touchgfx::TextAreaWithTwoWildcards::~TextAreaWithTwoWildcards()	16	static
../Middlewares/ST/touchgfx/framework/include/touchgfx/widgets/TextAreaWithWildcard.hpp:122:7:virtual touchgfx::TextAreaWithTwoWildcards::~TextAreaWithTwoWildcards()	16	static
../Middlewares/ST/touchgfx/framework/include/touchgfx/widgets/TextAreaWithWildcard.hpp:59:7:touchgfx::TextAreaWithOneWildcard::~TextAreaWithOneWildcard()	16	static
../Middlewares/ST/touchgfx/framework/include/touchgfx/widgets/TextAreaWithWildcard.hpp:59:7:virtual touchgfx::TextAreaWithOneWildcard::~TextAreaWithOneWildcard()	16	static
../Middlewares/ST/touchgfx/framework/include/touchgfx/widgets/canvas/Line.hpp:50:7:touchgfx::Line::~Line()	16	static
../Middlewares/ST/touchgfx/framework/include/touchgfx/widgets/canvas/Line.hpp:50:7:virtual touchgfx::Line::~Line()	16	static
../Middlewares/ST/touchgfx/framework/include/touchgfx/widgets/canvas/PainterRGB565.hpp:32:7:touchgfx::PainterRGB565::~PainterRGB565()	16	static
../Middlewares/ST/touchgfx/framework/include/touchgfx/widgets/canvas/PainterRGB565.hpp:32:7:virtual touchgfx::PainterRGB565::~PainterRGB565()	16	static
../Middlewares/ST/touchgfx/framework/include/touchgfx/widgets/ScalableImage.hpp:35:7:touchgfx::ScalableImage::~ScalableImage()	16	static
../Middlewares/ST/touchgfx/framework/include/touchgfx/widgets/ScalableImage.hpp:35:7:virtual touchgfx::ScalableImage::~ScalableImage()	16	static
../Middlewares/ST/touchgfx/framework/include/touchgfx/containers/buttons/ClickButtonTrigger.hpp:35:7:touchgfx::ClickButtonTrigger::~ClickButtonTrigger()	16	static
../Middlewares/ST/touchgfx/framework/include/touchgfx/containers/buttons/ClickButtonTrigger.hpp:35:7:virtual touchgfx::ClickButtonTrigger::~ClickButtonTrigger()	16	static
../Middlewares/ST/touchgfx/framework/include/touchgfx/containers/buttons/IconButtonStyle.hpp:44:7:touchgfx::IconButtonStyle<touchgfx::ClickButtonTrigger>::~IconButtonStyle()	16	static
../Middlewares/ST/touchgfx/framework/include/touchgfx/containers/buttons/IconButtonStyle.hpp:44:7:virtual touchgfx::IconButtonStyle<touchgfx::ClickButtonTrigger>::~IconButtonStyle()	16	static
../Middlewares/ST/touchgfx/framework/include/touchgfx/containers/buttons/WildcardTextButtonStyle.hpp:51:7:touchgfx::WildcardTextButtonStyle<touchgfx::ClickButtonTrigger>::~WildcardTextButtonStyle()	16	static
../Middlewares/ST/touchgfx/framework/include/touchgfx/containers/buttons/WildcardTextButtonStyle.hpp:51:7:virtual touchgfx::WildcardTextButtonStyle<touchgfx::ClickButtonTrigger>::~WildcardTextButtonStyle()	16	static
../Middlewares/ST/touchgfx/framework/include/touchgfx/containers/buttons/TwoWildcardTextButtonStyle.hpp:52:7:touchgfx::TwoWildcardTextButtonStyle<touchgfx::ClickButtonTrigger>::~TwoWildcardTextButtonStyle()	16	static
../Middlewares/ST/touchgfx/framework/include/touchgfx/containers/buttons/TwoWildcardTextButtonStyle.hpp:52:7:virtual touchgfx::TwoWildcardTextButtonStyle<touchgfx::ClickButtonTrigger>::~TwoWildcardTextButtonStyle()	16	static
../Middlewares/ST/touchgfx/framework/include/touchgfx/widgets/BoxWithBorder.hpp:31:7:touchgfx::BoxWithBorder::~BoxWithBorder()	16	static
../Middlewares/ST/touchgfx/framework/include/touchgfx/widgets/BoxWithBorder.hpp:31:7:virtual touchgfx::BoxWithBorder::~BoxWithBorder()	16	static
../Middlewares/ST/touchgfx/framework/include/touchgfx/containers/buttons/BoxWithBorderButtonStyle.hpp:41:7:touchgfx::BoxWithBorderButtonStyle<touchgfx::ClickButtonTrigger>::~BoxWithBorderButtonStyle()	16	static
../Middlewares/ST/touchgfx/framework/include/touchgfx/containers/buttons/BoxWithBorderButtonStyle.hpp:41:7:virtual touchgfx::BoxWithBorderButtonStyle<touchgfx::ClickButtonTrigger>::~BoxWithBorderButtonStyle()	16	static
../Middlewares/ST/touchgfx/framework/include/touchgfx/mixins/MoveAnimator.hpp:37:7:touchgfx::MoveAnimator<touchgfx::Container>::~MoveAnimator()	16	static
../Middlewares/ST/touchgfx/framework/include/touchgfx/mixins/MoveAnimator.hpp:37:7:virtual touchgfx::MoveAnimator<touchgfx::Container>::~MoveAnimator()	16	static
../Middlewares/ST/touchgfx/framework/include/touchgfx/containers/buttons/TextButtonStyle.hpp:43:7:touchgfx::TextButtonStyle<touchgfx::ClickButtonTrigger>::~TextButtonStyle()	16	static
../Middlewares/ST/touchgfx/framework/include/touchgfx/containers/buttons/TextButtonStyle.hpp:43:7:virtual touchgfx::TextButtonStyle<touchgfx::ClickButtonTrigger>::~TextButtonStyle()	16	static
../Middlewares/ST/touchgfx/framework/include/touchgfx/containers/buttons/IconButtonStyle.hpp:44:7:touchgfx::IconButtonStyle<touchgfx::TextButtonStyle<touchgfx::ClickButtonTrigger> >::~IconButtonStyle()	16	static
../Middlewares/ST/touchgfx/framework/include/touchgfx/containers/buttons/IconButtonStyle.hpp:44:7:virtual touchgfx::IconButtonStyle<touchgfx::TextButtonStyle<touchgfx::ClickButtonTrigger> >::~IconButtonStyle()	16	static
../Middlewares/ST/touchgfx/framework/include/touchgfx/widgets/graph/GraphScroll.hpp:32:7:touchgfx::GraphScrollData::~GraphScrollData()	16	static
../Middlewares/ST/touchgfx/framework/include/touchgfx/widgets/graph/GraphScroll.hpp:32:7:virtual touchgfx::GraphScrollData::~GraphScrollData()	16	static
../Middlewares/ST/touchgfx/framework/include/touchgfx/widgets/graph/GraphScroll.hpp:76:7:touchgfx::GraphScroll<100>::~GraphScroll()	16	static
../Middlewares/ST/touchgfx/framework/include/touchgfx/widgets/graph/GraphScroll.hpp:76:7:virtual touchgfx::GraphScroll<100>::~GraphScroll()	16	static
../Middlewares/ST/touchgfx/framework/include/touchgfx/widgets/graph/GraphElements.hpp:792:7:touchgfx::GraphElementLine::~GraphElementLine()	16	static
../Middlewares/ST/touchgfx/framework/include/touchgfx/widgets/graph/GraphElements.hpp:792:7:virtual touchgfx::GraphElementLine::~GraphElementLine()	16	static
../Middlewares/ST/touchgfx/framework/include/touchgfx/widgets/graph/GraphElements.hpp:283:7:touchgfx::GraphElementGridBase::~GraphElementGridBase()	16	static
../Middlewares/ST/touchgfx/framework/include/touchgfx/widgets/graph/GraphElements.hpp:283:7:virtual touchgfx::GraphElementGridBase::~GraphElementGridBase()	16	static
../Middlewares/ST/touchgfx/framework/include/touchgfx/widgets/graph/GraphElements.hpp:620:7:touchgfx::GraphElementGridY::~GraphElementGridY()	16	static
../Middlewares/ST/touchgfx/framework/include/touchgfx/widgets/graph/GraphElements.hpp:620:7:virtual touchgfx::GraphElementGridY::~GraphElementGridY()	16	static
../Middlewares/ST/touchgfx/framework/include/touchgfx/widgets/graph/GraphElements.hpp:1104:7:touchgfx::GraphElementDots::~GraphElementDots()	16	static
../Middlewares/ST/touchgfx/framework/include/touchgfx/widgets/graph/GraphElements.hpp:1104:7:virtual touchgfx::GraphElementDots::~GraphElementDots()	16	static
../Middlewares/ST/touchgfx/framework/include/touchgfx/widgets/graph/GraphLabels.hpp:40:7:touchgfx::GraphLabelsBase::~GraphLabelsBase()	16	static
../Middlewares/ST/touchgfx/framework/include/touchgfx/widgets/graph/GraphLabels.hpp:40:7:virtual touchgfx::GraphLabelsBase::~GraphLabelsBase()	16	static
../Middlewares/ST/touchgfx/framework/include/touchgfx/widgets/graph/GraphLabels.hpp:343:7:touchgfx::GraphLabelsX::~GraphLabelsX()	16	static
../Middlewares/ST/touchgfx/framework/include/touchgfx/widgets/graph/GraphLabels.hpp:343:7:virtual touchgfx::GraphLabelsX::~GraphLabelsX()	16	static
../Middlewares/ST/touchgfx/framework/include/touchgfx/widgets/graph/GraphLabels.hpp:373:7:touchgfx::GraphLabelsY::~GraphLabelsY()	16	static
../Middlewares/ST/touchgfx/framework/include/touchgfx/widgets/graph/GraphLabels.hpp:373:7:virtual touchgfx::GraphLabelsY::~GraphLabelsY()	16	static
../Middlewares/ST/touchgfx/framework/include/touchgfx/containers/buttons/TextButtonStyle.hpp:43:7:touchgfx::TextButtonStyle<touchgfx::BoxWithBorderButtonStyle<touchgfx::ClickButtonTrigger> >::~TextButtonStyle()	16	static
../Middlewares/ST/touchgfx/framework/include/touchgfx/containers/buttons/TextButtonStyle.hpp:43:7:virtual touchgfx::TextButtonStyle<touchgfx::BoxWithBorderButtonStyle<touchgfx::ClickButtonTrigger> >::~TextButtonStyle()	16	static
../Middlewares/ST/touchgfx/framework/include/touchgfx/Callback.hpp:357:8:touchgfx::Callback<MainViewBase, const touchgfx::AbstractButtonContainer&>::~Callback()	16	static
../Middlewares/ST/touchgfx/framework/include/touchgfx/Callback.hpp:357:8:virtual touchgfx::Callback<MainViewBase, const touchgfx::AbstractButtonContainer&>::~Callback()	16	static
../Middlewares/ST/touchgfx/framework/include/touchgfx/Callback.hpp:290:8:touchgfx::Callback<MainViewBase, const touchgfx::AbstractDataGraph&, const touchgfx::AbstractDataGraph::GraphClickEvent&>::~Callback()	16	static
../Middlewares/ST/touchgfx/framework/include/touchgfx/Callback.hpp:290:8:virtual touchgfx::Callback<MainViewBase, const touchgfx::AbstractDataGraph&, const touchgfx::AbstractDataGraph::GraphClickEvent&>::~Callback()	16	static
../Middlewares/ST/touchgfx/framework/include/touchgfx/Callback.hpp:357:8:touchgfx::Callback<MainViewBase, const touchgfx::MoveAnimator<touchgfx::Container>&>::~Callback()	16	static
../Middlewares/ST/touchgfx/framework/include/touchgfx/Callback.hpp:357:8:virtual touchgfx::Callback<MainViewBase, const touchgfx::MoveAnimator<touchgfx::Container>&>::~Callback()	16	static
../Middlewares/ST/touchgfx/framework/include/touchgfx/Callback.hpp:138:13:touchgfx::GenericCallback<T1, void, void>::~GenericCallback() [with T1 = const touchgfx::AbstractButtonContainer&]	16	static
../Middlewares/ST/touchgfx/framework/include/touchgfx/Callback.hpp:138:13:touchgfx::GenericCallback<T1, void, void>::~GenericCallback() [with T1 = const touchgfx::AbstractButtonContainer&]	16	static
../Middlewares/ST/touchgfx/framework/include/touchgfx/Callback.hpp:94:13:touchgfx::GenericCallback<T1, T2, void>::~GenericCallback() [with T1 = const touchgfx::AbstractDataGraph&; T2 = const touchgfx::AbstractDataGraph::GraphClickEvent&]	16	static
../Middlewares/ST/touchgfx/framework/include/touchgfx/Callback.hpp:94:13:touchgfx::GenericCallback<T1, T2, void>::~GenericCallback() [with T1 = const touchgfx::AbstractDataGraph&; T2 = const touchgfx::AbstractDataGraph::GraphClickEvent&]	16	static
../Middlewares/ST/touchgfx/framework/include/touchgfx/Callback.hpp:138:13:touchgfx::GenericCallback<T1, void, void>::~GenericCallback() [with T1 = const touchgfx::MoveAnimator<touchgfx::Container>&]	16	static
../Middlewares/ST/touchgfx/framework/include/touchgfx/Callback.hpp:138:13:touchgfx::GenericCallback<T1, void, void>::~GenericCallback() [with T1 = const touchgfx::MoveAnimator<touchgfx::Container>&]	16	static
../Middlewares/ST/touchgfx/framework/include/touchgfx/Callback.hpp:318:18:void touchgfx::Callback<dest_type, T1, T2, void>::execute(T1, T2) [with dest_type = MainViewBase; T1 = const touchgfx::AbstractDataGraph&; T2 = const touchgfx::AbstractDataGraph::GraphClickEvent&]	24	static
../Middlewares/ST/touchgfx/framework/include/touchgfx/Callback.hpp:328:18:bool touchgfx::Callback<dest_type, T1, T2, void>::isValid() const [with dest_type = MainViewBase; T1 = const touchgfx::AbstractDataGraph&; T2 = const touchgfx::AbstractDataGraph::GraphClickEvent&]	16	static
../Middlewares/ST/touchgfx/framework/include/touchgfx/Callback.hpp:386:18:void touchgfx::Callback<dest_type, T1, void, void>::execute(T1) [with dest_type = MainViewBase; T1 = const touchgfx::AbstractButtonContainer&]	16	static
../Middlewares/ST/touchgfx/framework/include/touchgfx/Callback.hpp:396:18:bool touchgfx::Callback<dest_type, T1, void, void>::isValid() const [with dest_type = MainViewBase; T1 = const touchgfx::AbstractButtonContainer&]	16	static
../Middlewares/ST/touchgfx/framework/include/touchgfx/containers/buttons/TextButtonStyle.hpp:138:18:void touchgfx::TextButtonStyle<T>::handlePressedUpdated() [with T = touchgfx::BoxWithBorderButtonStyle<touchgfx::ClickButtonTrigger>]	32	static
../Middlewares/ST/touchgfx/framework/include/touchgfx/containers/buttons/TextButtonStyle.hpp:145:18:void touchgfx::TextButtonStyle<T>::handleAlphaUpdated() [with T = touchgfx::BoxWithBorderButtonStyle<touchgfx::ClickButtonTrigger>]	24	static
../Middlewares/ST/touchgfx/framework/include/touchgfx/containers/buttons/IconButtonStyle.hpp:137:18:void touchgfx::IconButtonStyle<T>::handlePressedUpdated() [with T = touchgfx::TextButtonStyle<touchgfx::ClickButtonTrigger>]	24	static
../Middlewares/ST/touchgfx/framework/include/touchgfx/containers/buttons/IconButtonStyle.hpp:144:18:void touchgfx::IconButtonStyle<T>::handleAlphaUpdated() [with T = touchgfx::TextButtonStyle<touchgfx::ClickButtonTrigger>]	24	static
../Middlewares/ST/touchgfx/framework/include/touchgfx/containers/buttons/IconButtonStyle.hpp:59:18:void touchgfx::IconButtonStyle<T>::setIconBitmaps(const touchgfx::Bitmap&, const touchgfx::Bitmap&) [with T = touchgfx::TextButtonStyle<touchgfx::ClickButtonTrigger>]	40	static
../Middlewares/ST/touchgfx/framework/include/touchgfx/containers/buttons/TextButtonStyle.hpp:138:18:void touchgfx::TextButtonStyle<T>::handlePressedUpdated() [with T = touchgfx::ClickButtonTrigger]	32	static
../Middlewares/ST/touchgfx/framework/include/touchgfx/containers/buttons/TextButtonStyle.hpp:145:18:void touchgfx::TextButtonStyle<T>::handleAlphaUpdated() [with T = touchgfx::ClickButtonTrigger]	24	static
../Middlewares/ST/touchgfx/framework/include/touchgfx/mixins/MoveAnimator.hpp:169:18:void touchgfx::MoveAnimator<T>::handleTickEvent() [with T = touchgfx::Container]	16	static
../Middlewares/ST/touchgfx/framework/include/touchgfx/mixins/MoveAnimator.hpp:88:18:void touchgfx::MoveAnimator<T>::setMoveAnimationDelay(uint16_t) [with T = touchgfx::Container]	16	static
../Middlewares/ST/touchgfx/framework/include/touchgfx/mixins/MoveAnimator.hpp:100:22:uint16_t touchgfx::MoveAnimator<T>::getMoveAnimationDelay() const [with T = touchgfx::Container]	16	static
../Middlewares/ST/touchgfx/framework/include/touchgfx/containers/buttons/BoxWithBorderButtonStyle.hpp:123:18:void touchgfx::BoxWithBorderButtonStyle<T>::handlePressedUpdated() [with T = touchgfx::ClickButtonTrigger]	24	static
../Middlewares/ST/touchgfx/framework/include/touchgfx/containers/buttons/BoxWithBorderButtonStyle.hpp:131:18:void touchgfx::BoxWithBorderButtonStyle<T>::handleAlphaUpdated() [with T = touchgfx::ClickButtonTrigger]	24	static
../Middlewares/ST/touchgfx/framework/include/touchgfx/containers/buttons/TwoWildcardTextButtonStyle.hpp:167:18:void touchgfx::TwoWildcardTextButtonStyle<T>::handlePressedUpdated() [with T = touchgfx::ClickButtonTrigger]	32	static
../Middlewares/ST/touchgfx/framework/include/touchgfx/containers/buttons/TwoWildcardTextButtonStyle.hpp:174:18:void touchgfx::TwoWildcardTextButtonStyle<T>::handleAlphaUpdated() [with T = touchgfx::ClickButtonTrigger]	24	static
../Middlewares/ST/touchgfx/framework/include/touchgfx/containers/buttons/WildcardTextButtonStyle.hpp:163:18:void touchgfx::WildcardTextButtonStyle<T>::handleAlphaUpdated() [with T = touchgfx::ClickButtonTrigger]	24	static
../Middlewares/ST/touchgfx/framework/include/touchgfx/containers/buttons/IconButtonStyle.hpp:137:18:void touchgfx::IconButtonStyle<T>::handlePressedUpdated() [with T = touchgfx::ClickButtonTrigger]	24	static
../Middlewares/ST/touchgfx/framework/include/touchgfx/containers/buttons/IconButtonStyle.hpp:144:18:void touchgfx::IconButtonStyle<T>::handleAlphaUpdated() [with T = touchgfx::ClickButtonTrigger]	24	static
../Middlewares/ST/touchgfx/framework/include/touchgfx/containers/buttons/IconButtonStyle.hpp:59:18:void touchgfx::IconButtonStyle<T>::setIconBitmaps(const touchgfx::Bitmap&, const touchgfx::Bitmap&) [with T = touchgfx::ClickButtonTrigger]	40	static
../Middlewares/ST/touchgfx/framework/include/touchgfx/Callback.hpp:386:18:void touchgfx::Callback<dest_type, T1, void, void>::execute(T1) [with dest_type = MainViewBase; T1 = const touchgfx::MoveAnimator<touchgfx::Container>&]	16	static
../Middlewares/ST/touchgfx/framework/include/touchgfx/Callback.hpp:396:18:bool touchgfx::Callback<dest_type, T1, void, void>::isValid() const [with dest_type = MainViewBase; T1 = const touchgfx::MoveAnimator<touchgfx::Container>&]	16	static
../Middlewares/ST/touchgfx/framework/include/touchgfx/mixins/MoveAnimator.hpp:177:10:void touchgfx::MoveAnimator<T>::nextMoveAnimationStep() [with T = touchgfx::Container]	32	static
