../Middlewares/ST/touchgfx/framework/include/mvp/Presenter.hpp:37:18:virtual void touchgfx::Presenter::activate()	16	static
../Middlewares/ST/touchgfx/framework/include/mvp/Presenter.hpp:47:18:virtual void touchgfx::Presenter::deactivate()	16	static
../Middlewares/ST/touchgfx/framework/include/mvp/Presenter.hpp:52:13:touchgfx::Presenter::~Presenter()	16	static
../Middlewares/ST/touchgfx/framework/include/mvp/Presenter.hpp:52:13:virtual touchgfx::Presenter::~Presenter()	16	static
../Middlewares/ST/touchgfx/framework/include/mvp/Presenter.hpp:58:5:touchgfx::Presenter::Presenter()	16	static
d:\stm32cubeide_1.6.1\stm32cubeide\plugins\com.st.stm32cube.ide.mcu.externaltools.gnu-tools-for-stm32.10.3-2021.10.win32_1.0.0.202111181127\tools\bin\../lib/gcc/arm-none-eabi/10.3.1/../../../../arm-none-eabi/include/c++/10.3.1/arm-none-eabi/thumb/v7e-m+dp/hard/bits/gthr-default.h:229:1:int __gthread_key_delete(__gthread_key_t)	16	static
../TouchGFX/gui/include/gui/model/ModelListener.hpp:9:5:ModelListener::ModelListener()	16	static
../TouchGFX/gui/include/gui/model/ModelListener.hpp:11:13:ModelListener::~ModelListener()	16	static
../TouchGFX/gui/include/gui/model/ModelListener.hpp:11:13:virtual ModelListener::~ModelListener()	16	static
../TouchGFX/gui/include/gui/model/ModelListener.hpp:13:18:virtual void ModelListener::AlarmOrEvent()	16	static
../TouchGFX/gui/include/gui/model/ModelListener.hpp:15:18:virtual void ModelListener::batteryUpdated()	16	static
../TouchGFX/gui/include/gui/model/ModelListener.hpp:17:18:virtual void ModelListener::currentTimeUpdated()	16	static
../TouchGFX/gui/include/gui/model/ModelListener.hpp:19:18:virtual void ModelListener::syringeUpdated()	16	static
../TouchGFX/gui/include/gui/model/ModelListener.hpp:21:18:virtual void ModelListener::motorStatusUpdated()	16	static
../TouchGFX/gui/include/gui/main_screen/MainPresenter.hpp:28:13:MainPresenter::~MainPresenter()	16	static
../TouchGFX/gui/include/gui/main_screen/MainPresenter.hpp:28:13:virtual MainPresenter::~MainPresenter()	16	static
../TouchGFX/gui/src/main_screen/MainPresenter.cpp:4:1:MainPresenter::MainPresenter(MainView&)	16	static
../TouchGFX/gui/src/main_screen/MainPresenter.cpp:10:6:virtual void MainPresenter::activate()	16	static
../TouchGFX/gui/src/main_screen/MainPresenter.cpp:15:6:virtual void MainPresenter::deactivate()	16	static
../TouchGFX/gui/src/main_screen/MainPresenter.cpp:20:6:virtual void MainPresenter::batteryUpdated()	16	static
../TouchGFX/gui/src/main_screen/MainPresenter.cpp:25:6:virtual void MainPresenter::currentTimeUpdated()	16	static
../TouchGFX/gui/src/main_screen/MainPresenter.cpp:30:6:virtual void MainPresenter::syringeUpdated()	16	static
../TouchGFX/gui/src/main_screen/MainPresenter.cpp:35:6:virtual void MainPresenter::motorStatusUpdated()	16	static
../TouchGFX/gui/src/main_screen/MainPresenter.cpp:40:10:SW_float MainPresenter::getFlowRate()	24	static
../TouchGFX/gui/src/main_screen/MainPresenter.cpp:45:10:SW_float MainPresenter::getTotalVolume()	24	static
../TouchGFX/gui/src/main_screen/MainPresenter.cpp:50:10:SW_float MainPresenter::getInfusionVolume()	24	static
../TouchGFX/gui/src/main_screen/MainPresenter.cpp:55:10:SW_float MainPresenter::getKVORate()	24	static
../TouchGFX/gui/src/main_screen/MainPresenter.cpp:60:10:SW_float MainPresenter::getBolusRate()	24	static
../TouchGFX/gui/src/main_screen/MainPresenter.cpp:65:9:uint8_t MainPresenter::getMode()	16	static
../TouchGFX/gui/src/main_screen/MainPresenter.cpp:70:9:SW_time MainPresenter::getInfusionTIme()	16	static
../TouchGFX/gui/src/main_screen/MainPresenter.cpp:75:6:void MainPresenter::saveMode(uint8_t)	16	static
../TouchGFX/gui/src/main_screen/MainPresenter.cpp:80:10:SW_float MainPresenter::getVolumeLeft()	24	static
../TouchGFX/gui/src/main_screen/MainPresenter.cpp:85:9:SW_time MainPresenter::getTimeLeft()	16	static
../TouchGFX/gui/src/main_screen/MainPresenter.cpp:90:17:Infusion_paramT MainPresenter::getInfusionParameters()	16	static
../TouchGFX/gui/src/main_screen/MainPresenter.cpp:95:6:void MainPresenter::saveTotalVolume(SW_float)	16	static
../TouchGFX/gui/src/main_screen/MainPresenter.cpp:100:9:uint8_t MainPresenter::getSyringeState()	16	static
../TouchGFX/gui/src/main_screen/MainPresenter.cpp:105:10:SyringeT MainPresenter::getSyringe()	16	static
../TouchGFX/gui/src/main_screen/MainPresenter.cpp:110:7:char* MainPresenter::getPatientName()	48	static
../TouchGFX/gui/src/main_screen/MainPresenter.cpp:115:9:SW_time MainPresenter::getCurrentTime()	16	static
../TouchGFX/gui/src/main_screen/MainPresenter.cpp:120:10:BatteryT MainPresenter::getBattery()	24	static
../TouchGFX/gui/src/main_screen/MainPresenter.cpp:125:7:float MainPresenter::getCurrentPressure()	16	static
../TouchGFX/gui/src/main_screen/MainPresenter.cpp:130:9:uint8_t MainPresenter::getDisplayMode()	16	static
../TouchGFX/gui/src/main_screen/MainPresenter.cpp:135:7:DrugT MainPresenter::getDrug()	16	static
../TouchGFX/gui/src/main_screen/MainPresenter.cpp:140:6:void MainPresenter::saveKeyboardUser(uint8_t)	16	static
../TouchGFX/gui/src/main_screen/MainPresenter.cpp:145:13:const char* MainPresenter::getEventTitle(uint8_t)	16	static
../TouchGFX/gui/src/main_screen/MainPresenter.cpp:150:12:EventTypeT MainPresenter::getLatestEvent()	24	static
../TouchGFX/gui/src/main_screen/MainPresenter.cpp:155:9:uint8_t MainPresenter::getPendingEventStatus()	16	static
../TouchGFX/gui/src/main_screen/MainPresenter.cpp:160:6:void MainPresenter::savePendingEventStatus()	16	static
../TouchGFX/gui/src/main_screen/MainPresenter.cpp:165:6:void MainPresenter::saveMuteStatus()	16	static
