Presenter.hpp:37:18:virtual void touchgfx::Presenter::activate()	16	static
Presenter.hpp:47:18:virtual void touchgfx::Presenter::deactivate()	16	static
Presenter.hpp:52:13:touchgfx::Presenter::~Presenter()	16	static
Presenter.hpp:52:13:virtual touchgfx::Presenter::~Presenter()	16	static
Presenter.hpp:58:5:touchgfx::Presenter::Presenter()	16	static
gthr-default.h:229:1:int __gthread_key_delete(__gthread_key_t)	16	static
ModelListener.hpp:9:5:ModelListener::ModelListener()	16	static
ModelListener.hpp:11:13:ModelListener::~ModelListener()	16	static
ModelListener.hpp:11:13:virtual ModelListener::~ModelListener()	16	static
ModelListener.hpp:13:18:virtual void ModelListener::AlarmOrEvent()	16	static
ModelListener.hpp:15:18:virtual void ModelListener::batteryUpdated()	16	static
ModelListener.hpp:17:18:virtual void ModelListener::currentTimeUpdated()	16	static
ModelListener.hpp:19:18:virtual void ModelListener::syringeUpdated()	16	static
ModelListener.hpp:21:18:virtual void ModelListener::motorStatusUpdated()	16	static
LockScreenPresenter.hpp:56:13:LockScreenPresenter::~LockScreenPresenter()	16	static
LockScreenPresenter.hpp:56:13:virtual LockScreenPresenter::~LockScreenPresenter()	16	static
LockScreenPresenter.cpp:4:1:LockScreenPresenter::LockScreenPresenter(LockScreenView&)	16	static
LockScreenPresenter.cpp:10:6:virtual void LockScreenPresenter::activate()	16	static
LockScreenPresenter.cpp:15:6:virtual void LockScreenPresenter::deactivate()	16	static
LockScreenPresenter.cpp:20:6:virtual void LockScreenPresenter::AlarmOrEvent()	16	static
