d:\stm32cubeide_1.6.1\stm32cubeide\plugins\com.st.stm32cube.ide.mcu.externaltools.gnu-tools-for-stm32.10.3-2021.10.win32_1.0.0.202111181127\tools\bin\../lib/gcc/arm-none-eabi/10.3.1/../../../../arm-none-eabi/include/c++/10.3.1/arm-none-eabi/thumb/v7e-m+dp/hard/bits/gthr-default.h:229:1:int __gthread_key_delete(__gthread_key_t)	16	static
../Middlewares/ST/touchgfx/framework/include/touchgfx/Texts.hpp:48:23:static touchgfx::LanguageId touchgfx::Texts::getLanguage()	4	static
../TouchGFX/gui/src/model/Model.cpp:8:1:Model::Model()	24	static
../TouchGFX/gui/src/model/Model.cpp:26:6:void Model::tick()	16	static
../TouchGFX/gui/src/model/Model.cpp:59:6:void Model::AlarmOrEvent()	16	static
../TouchGFX/gui/src/model/Model.cpp:67:6:void Model::batteryUpdated()	16	static
../TouchGFX/gui/src/model/Model.cpp:75:6:void Model::currentTimeUpdated()	16	static
../TouchGFX/gui/src/model/Model.cpp:83:6:void Model::syringeUpdated()	16	static
../TouchGFX/gui/src/model/Model.cpp:91:6:void Model::motorStatusUpdated()	16	static
../TouchGFX/gui/src/model/Model.cpp:99:9:uint8_t Model::getActiveEvents(uint8_t)	16	static
../TouchGFX/gui/src/model/Model.cpp:104:13:const char* Model::getEventTitle(uint8_t)	16	static
../TouchGFX/gui/src/model/Model.cpp:116:12:EventTypeT Model::getLatestEvent()	24	static
../TouchGFX/gui/src/model/Model.cpp:121:9:uint8_t Model::getPendingEventStatus()	16	static
../TouchGFX/gui/src/model/Model.cpp:126:6:void Model::savePendingEventStatus()	16	static
../TouchGFX/gui/src/model/Model.cpp:134:6:void Model::saveMuteStatus()	16	static
../TouchGFX/gui/src/model/Model.cpp:146:9:uint8_t Model::getDisplayMode()	16	static
../TouchGFX/gui/src/model/Model.cpp:151:6:void Model::saveDisplayMode(uint8_t)	16	static
../TouchGFX/gui/src/model/Model.cpp:159:9:uint8_t Model::getInitStatus()	16	static
../TouchGFX/gui/src/model/Model.cpp:165:15:Patient_dataT Model::getPatient()	24	static
../TouchGFX/gui/src/model/Model.cpp:170:6:void Model::savePatientWeight(uint16_t)	16	static
../TouchGFX/gui/src/model/Model.cpp:175:6:void Model::savePatientHeight(uint8_t)	16	static
../TouchGFX/gui/src/model/Model.cpp:180:6:void Model::savePatientName(char*)	24	static
../TouchGFX/gui/src/model/Model.cpp:188:6:void Model::savePatientAge(uint8_t)	16	static
../TouchGFX/gui/src/model/Model.cpp:193:6:void Model::savePatientGender(uint8_t)	16	static
../TouchGFX/gui/src/model/Model.cpp:198:6:void Model::requestLastPatientData()	16	static
../TouchGFX/gui/src/model/Model.cpp:207:6:void Model::RequestPatientSearch(char*)	16	static
../TouchGFX/gui/src/model/Model.cpp:216:9:uint8_t Model::getPatientDataRequestState()	16	static
../TouchGFX/gui/src/model/Model.cpp:222:6:void Model::saveFlowaRate(SW_float)	24	static
../TouchGFX/gui/src/model/Model.cpp:231:10:SW_float Model::getFlowRate()	24	static
../TouchGFX/gui/src/model/Model.cpp:239:6:void Model::saveTotalVolume(SW_float)	24	static
../TouchGFX/gui/src/model/Model.cpp:254:10:SW_float Model::getTotalVolume()	24	static
../TouchGFX/gui/src/model/Model.cpp:262:6:void Model::saveInfusionVolume(SW_float)	24	static
../TouchGFX/gui/src/model/Model.cpp:276:10:SW_float Model::getInfusionVolume()	24	static
../TouchGFX/gui/src/model/Model.cpp:284:6:void Model::saveKVORate(SW_float)	24	static
../TouchGFX/gui/src/model/Model.cpp:292:10:SW_float Model::getKVORate()	24	static
../TouchGFX/gui/src/model/Model.cpp:300:6:void Model::saveBolusRate(SW_float)	24	static
../TouchGFX/gui/src/model/Model.cpp:308:10:SW_float Model::getBolusRate()	24	static
../TouchGFX/gui/src/model/Model.cpp:316:9:uint8_t Model::getMode()	16	static
../TouchGFX/gui/src/model/Model.cpp:321:6:void Model::saveMode(uint8_t)	16	static
../TouchGFX/gui/src/model/Model.cpp:327:9:SW_time Model::getInfusionTIme()	16	static
../TouchGFX/gui/src/model/Model.cpp:332:6:void Model::saveInfusionTime(SW_time)	24	static
../TouchGFX/gui/src/model/Model.cpp:340:6:void Model::calculateThirdParameter(uint8_t)	32	static
../TouchGFX/gui/src/model/Model.cpp:414:6:void Model::saveInfusionData()	24	static
../TouchGFX/gui/src/model/Model.cpp:428:10:SW_float Model::getVolumeLeft()	24	static
../TouchGFX/gui/src/model/Model.cpp:436:9:SW_time Model::getTimeLeft()	16	static
../TouchGFX/gui/src/model/Model.cpp:441:6:void Model::calculateTimeLeft()	24	static
../TouchGFX/gui/src/model/Model.cpp:449:17:Infusion_paramT Model::getInfusionParameters()	24	static
../TouchGFX/gui/src/model/Model.cpp:455:22:Pressure_thresholdsT Model::getPressureThresholds()	16	static
../TouchGFX/gui/src/model/Model.cpp:459:6:void Model::savePressureThresholdLow(uint16_t)	16	static
../TouchGFX/gui/src/model/Model.cpp:466:6:void Model::savePressureThresholdMedium(uint16_t)	16	static
../TouchGFX/gui/src/model/Model.cpp:473:6:void Model::savePressureThresholdHigh(uint16_t)	16	static
../TouchGFX/gui/src/model/Model.cpp:481:7:float Model::getCurrentPressure()	16	static
../TouchGFX/gui/src/model/Model.cpp:487:6:void Model::saveKeyboardUser(uint8_t)	16	static
../TouchGFX/gui/src/model/Model.cpp:492:9:uint8_t Model::getKeyboardUser()	16	static
../TouchGFX/gui/src/model/Model.cpp:498:10:SyringeT Model::getSyringe()	24	static
../TouchGFX/gui/src/model/Model.cpp:503:6:void Model::saveSyringe(SyringeT)	24	static
../TouchGFX/gui/src/model/Model.cpp:511:9:uint8_t Model::getSyringeState()	16	static
../TouchGFX/gui/src/model/Model.cpp:517:9:SW_time Model::getCurrentTime()	16	static
../TouchGFX/gui/src/model/Model.cpp:523:10:BatteryT Model::getBattery()	24	static
../TouchGFX/gui/src/model/Model.cpp:529:7:DrugT Model::getDrug()	24	static
../TouchGFX/gui/src/model/Model.cpp:534:6:void Model::saveDrug(DrugT)	24	static
