../TouchGFX/gui/src/model/Model.cpp:8:1:Model::Model()	24	static
../TouchGFX/gui/src/model/Model.cpp:41:6:void Model::tick()	32	static
../TouchGFX/gui/src/model/Model.cpp:130:6:bool Model::GetSyringeState()	16	static
../TouchGFX/gui/src/model/Model.cpp:138:10:uint16_t Model::GetSyringeDiameter()	16	static
../TouchGFX/gui/src/model/Model.cpp:143:6:void Model::SaveCurrentTime(time_ps)	16	static
../TouchGFX/gui/src/model/Model.cpp:151:9:time_ps Model::getcurrenttime()	24	static
../TouchGFX/gui/src/model/Model.cpp:156:6:void Model::purgeactivate(uint8_t)	16	static
../TouchGFX/gui/src/model/Model.cpp:161:9:uint8_t Model::purgeget()	16	static
../TouchGFX/gui/src/model/Model.cpp:166:6:void Model::savedrug(int8_t)	16	static
../TouchGFX/gui/src/model/Model.cpp:173:8:int8_t Model::getdrug()	16	static
../TouchGFX/gui/src/model/Model.cpp:178:6:void Model::saveinputdestinsation(int16_t)	16	static
../TouchGFX/gui/src/model/Model.cpp:182:9:int16_t Model::getinputdestinsation()	16	static
../TouchGFX/gui/src/model/Model.cpp:187:6:void Model::saverate(ps_float)	24	static
../TouchGFX/gui/src/model/Model.cpp:193:10:ps_float Model::getrate()	16	static
../TouchGFX/gui/src/model/Model.cpp:200:6:void Model::savevolume(ps_float)	24	static
../TouchGFX/gui/src/model/Model.cpp:211:10:ps_float Model::getvolume()	16	static
../TouchGFX/gui/src/model/Model.cpp:216:6:void Model::saveinfusionvolume(ps_float)	24	static
../TouchGFX/gui/src/model/Model.cpp:224:10:ps_float Model::getinfusionvolume()	16	static
../TouchGFX/gui/src/model/Model.cpp:229:6:void Model::saveoclusionLow(int16_t)	16	static
../TouchGFX/gui/src/model/Model.cpp:237:9:int16_t Model::getoclusionLow()	16	static
../TouchGFX/gui/src/model/Model.cpp:242:6:void Model::saveoclusionMedium(int16_t)	16	static
../TouchGFX/gui/src/model/Model.cpp:249:9:int16_t Model::getoclusionMedium()	16	static
../TouchGFX/gui/src/model/Model.cpp:254:6:void Model::saveoclusionHigh(int16_t)	16	static
../TouchGFX/gui/src/model/Model.cpp:261:9:int16_t Model::getoclusionHigh()	16	static
../TouchGFX/gui/src/model/Model.cpp:266:10:uint16_t Model::getcurrentpressure()	16	static
../TouchGFX/gui/src/model/Model.cpp:270:6:void Model::savebolus(ps_float)	24	static
../TouchGFX/gui/src/model/Model.cpp:275:10:ps_float Model::getbolus()	16	static
../TouchGFX/gui/src/model/Model.cpp:280:6:void Model::saveKVO(ps_float)	24	static
../TouchGFX/gui/src/model/Model.cpp:285:10:ps_float Model::getKVO()	16	static
../TouchGFX/gui/src/model/Model.cpp:290:6:void Model::savePerfusionmode(int)	16	static
../TouchGFX/gui/src/model/Model.cpp:295:5:int Model::getPerfusionmode()	16	static
../TouchGFX/gui/src/model/Model.cpp:300:6:void Model::saveDiameter(uint16_t)	16	static
../TouchGFX/gui/src/model/Model.cpp:310:6:void Model::savePosition(uint32_t)	16	static
../TouchGFX/gui/src/model/Model.cpp:317:6:void Model::saveEnd(uint8_t)	16	static
../TouchGFX/gui/src/model/Model.cpp:324:6:void Model::saveStart(uint8_t)	16	static
../TouchGFX/gui/src/model/Model.cpp:332:6:void Model::savegender(uint8_t)	16	static
../TouchGFX/gui/src/model/Model.cpp:336:9:uint8_t Model::getgender()	16	static
../TouchGFX/gui/src/model/Model.cpp:341:6:void Model::savepatientage(uint8_t)	16	static
../TouchGFX/gui/src/model/Model.cpp:345:9:uint8_t Model::getpatientage()	16	static
../TouchGFX/gui/src/model/Model.cpp:350:6:void Model::savepatientname(char*, uint8_t)	24	static
../TouchGFX/gui/src/model/Model.cpp:359:7:char* Model::getpatientname()	16	static
../TouchGFX/gui/src/model/Model.cpp:364:6:void Model::savepatientheight(uint16_t)	16	static
../TouchGFX/gui/src/model/Model.cpp:368:10:uint16_t Model::getpatientheight()	16	static
../TouchGFX/gui/src/model/Model.cpp:373:6:void Model::savepatientweight(uint16_t)	16	static
../TouchGFX/gui/src/model/Model.cpp:377:10:uint16_t Model::getpatientweight()	16	static
../TouchGFX/gui/src/model/Model.cpp:381:6:void Model::savePerfusiontime(time_ps)	16	static
../TouchGFX/gui/src/model/Model.cpp:387:9:time_ps Model::getPerfusiontime()	24	static
../TouchGFX/gui/src/model/Model.cpp:392:14:battery_info Model::getbatteryinfo()	16	static
../TouchGFX/gui/src/model/Model.cpp:396:6:void Model::batteryinfoready()	16	static
../TouchGFX/gui/src/model/Model.cpp:404:6:void Model::AlarmOrEvent()	16	static
../TouchGFX/gui/src/model/Model.cpp:411:12:alarm_info Model::getalarminfo()	24	static
../TouchGFX/gui/src/model/Model.cpp:415:6:bool Model::getalarmpending()	16	static
../TouchGFX/gui/src/model/Model.cpp:419:6:void Model::savealarmpending(bool)	16	static
../TouchGFX/gui/src/model/Model.cpp:424:10:ps_float Model::getvolumeleft()	16	static
../TouchGFX/gui/src/model/Model.cpp:429:10:ps_float Model::getinfusionvolumeleft()	16	static
../TouchGFX/gui/src/model/Model.cpp:434:9:time_ps Model::gettimeleft()	24	static
../TouchGFX/gui/src/model/Model.cpp:439:9:uint8_t Model::GetDisplayMode()	16	static
../TouchGFX/gui/src/model/Model.cpp:443:7:void Model::SaveDisplayMode(uint8_t)	16	static
../TouchGFX/gui/src/model/Model.cpp:451:9:uint8_t Model::getsound()	16	static
../TouchGFX/gui/src/model/Model.cpp:455:8:void Model::savesound(uint8_t)	16	static
../TouchGFX/gui/src/model/Model.cpp:465:10:uint16_t Model::getpassword()	16	static
../TouchGFX/gui/src/model/Model.cpp:469:8:void Model::savepassword(uint16_t)	16	static
../TouchGFX/gui/src/model/Model.cpp:477:6:void Model::calculateparameters(int)	32	static
../TouchGFX/gui/src/model/Model.cpp:545:6:void Model::datachanged()	16	static
../TouchGFX/gui/src/model/Model.cpp:552:6:void Model::RequeststoredData()	16	static
../TouchGFX/gui/src/model/Model.cpp:561:9:uint8_t Model::PatientDataRequestAnswer()	16	static
../TouchGFX/gui/src/model/Model.cpp:566:6:void Model::calculateParametersLeft(retun_parameters)	24	static
../TouchGFX/gui/src/model/Model.cpp:576:10:uint8_t Model::GetAlarmVector(uint8_t)	16	static
../TouchGFX/gui/src/model/Model.cpp:581:7:void Model::SavePatient()	16	static
../TouchGFX/gui/src/model/Model.cpp:589:6:void Model::SaveMute(uint8_t)	16	static
../TouchGFX/gui/src/model/Model.cpp:597:9:uint8_t Model::GetMute()	16	static
../TouchGFX/gui/src/model/Model.cpp:602:6:void Model::SaveLock(uint8_t)	16	static
../TouchGFX/gui/src/model/Model.cpp:607:9:uint8_t Model::GetLock()	16	static
../TouchGFX/gui/src/model/Model.cpp:612:9:uint8_t Model::Geteventpending()	16	static
../TouchGFX/gui/src/model/Model.cpp:617:6:void Model::Saveeventpending(uint8_t)	16	static
../TouchGFX/gui/src/model/Model.cpp:622:9:uint8_t Model::Getevent()	16	static
../TouchGFX/gui/src/model/Model.cpp:628:7:logT Model::GetLogVector(uint8_t)	24	static
../TouchGFX/gui/src/model/Model.cpp:633:6:void Model::RequeststorelogdData(uint8_t)	16	static
../TouchGFX/gui/src/model/Model.cpp:643:9:uint8_t Model::LogDataRequestAnswer()	16	static
../TouchGFX/gui/src/model/Model.cpp:649:9:uint8_t Model::getscreenlock()	16	static
../TouchGFX/gui/src/model/Model.cpp:654:6:void Model::savescreenlock(uint8_t)	16	static
../TouchGFX/gui/src/model/Model.cpp:659:9:uint8_t Model::getdepartement()	16	static
../TouchGFX/gui/src/model/Model.cpp:664:6:void Model::savedepartement(uint8_t)	16	static
../TouchGFX/gui/src/model/Model.cpp:671:10:uint16_t Model::getpwdtech()	16	static
../TouchGFX/gui/src/model/Model.cpp:676:6:void Model::savepwdtech(uint16_t)	16	static
../TouchGFX/gui/src/model/Model.cpp:681:9:uint8_t Model::getinit()	16	static
