gthr-default.h:229:1:int __gthread_key_delete(__gthread_key_t)	16	static
Texts.hpp:48:23:static touchgfx::LanguageId touchgfx::Texts::getLanguage()	4	static
Model.cpp:10:1:Model::Model()	24	static
Model.cpp:28:6:void Model::tick()	16	static
Model.cpp:62:6:void Model::AlarmOrEvent()	16	static
Model.cpp:70:6:void Model::batteryUpdated()	16	static
Model.cpp:78:6:void Model::currentTimeUpdated()	16	static
Model.cpp:86:6:void Model::syringeUpdated()	16	static
Model.cpp:94:6:void Model::motorStatusUpdated()	16	static
Model.cpp:103:9:uint8_t Model::getActiveEvents(uint8_t)	16	static
Model.cpp:108:13:const char* Model::getEventTitle(uint8_t)	16	static
Model.cpp:120:12:EventTypeT Model::getLatestEvent()	24	static
Model.cpp:125:9:uint8_t Model::getPendingEventStatus()	16	static
Model.cpp:130:6:void Model::savePendingEventStatus()	16	static
Model.cpp:145:9:time_ps Model::getcurrenttime()	24	static
Model.cpp:150:6:void Model::saveMuteStatus()	16	static
Model.cpp:160:10:uint16_t Model::getpassword()	16	static
Model.cpp:164:8:void Model::savepassword(uint16_t)	16	static
Model.cpp:172:6:void Model::SaveLock(uint8_t)	16	static
Model.cpp:177:9:uint8_t Model::GetLock()	16	static
Model.cpp:181:9:uint8_t Model::getscreenlock()	16	static
Model.cpp:185:10:uint16_t Model::getpwdtech()	16	static
Model.cpp:190:6:void Model::savepwdtech(uint16_t)	16	static
Model.cpp:197:10:uint8_t Model::getDisplayMode()	16	static
Model.cpp:202:7:void Model::saveDisplayMode(uint8_t)	16	static
Model.cpp:210:9:uint8_t Model::getInitStatus()	16	static
Model.cpp:216:15:Patient_dataT Model::getPatient()	24	static
Model.cpp:221:6:void Model::savePatientWeight(uint16_t)	16	static
Model.cpp:229:6:void Model::savePatientHeight(uint8_t)	16	static
Model.cpp:237:6:void Model::savePatientName(char*)	24	static
Model.cpp:245:6:void Model::savePatientAge(uint8_t)	16	static
Model.cpp:253:6:void Model::savePatientGender(uint8_t)	16	static
Model.cpp:261:6:void Model::requestLastPatientData()	16	static
Model.cpp:270:6:void Model::RequestPatientSearch(char*)	16	static
Model.cpp:279:9:uint8_t Model::getPatientDataRequestState()	16	static
Model.cpp:285:6:void Model::saveFlowaRate(SW_float)	24	static
Model.cpp:294:10:SW_float Model::getFlowRate()	24	static
Model.cpp:302:6:void Model::saveTotalVolume(SW_float)	24	static
Model.cpp:317:10:SW_float Model::getTotalVolume()	24	static
Model.cpp:325:6:void Model::saveInfusionVolume(SW_float)	24	static
Model.cpp:339:10:SW_float Model::getInfusionVolume()	24	static
Model.cpp:347:6:void Model::saveKVORate(SW_float)	24	static
Model.cpp:355:10:SW_float Model::getKVORate()	24	static
Model.cpp:363:6:void Model::saveBolusRate(SW_float)	24	static
Model.cpp:371:10:SW_float Model::getBolusRate()	24	static
Model.cpp:379:9:uint8_t Model::getMode()	16	static
Model.cpp:384:6:void Model::saveMode(uint8_t)	16	static
Model.cpp:390:9:SW_time Model::getInfusionTIme()	16	static
Model.cpp:395:6:void Model::saveInfusionTime(SW_time)	24	static
Model.cpp:403:6:void Model::calculateThirdParameter(uint8_t)	32	static
Model.cpp:477:6:void Model::saveInfusionData()	24	static
Model.cpp:492:10:SW_float Model::getVolumeLeft()	24	static
Model.cpp:500:9:SW_time Model::getTimeLeft()	16	static
Model.cpp:505:6:void Model::calculateTimeLeft()	24	static
Model.cpp:513:17:Infusion_paramT Model::getInfusionParameters()	24	static
Model.cpp:519:22:Pressure_thresholdsT Model::getPressureThresholds()	16	static
Model.cpp:523:6:void Model::savePressureThresholdLow(uint16_t)	16	static
Model.cpp:530:6:void Model::savePressureThresholdMedium(uint16_t)	16	static
Model.cpp:537:6:void Model::savePressureThresholdHigh(uint16_t)	16	static
Model.cpp:545:7:float Model::getCurrentPressure()	16	static
Model.cpp:551:6:void Model::saveKeyboardUser(uint8_t)	16	static
Model.cpp:556:9:uint8_t Model::getKeyboardUser()	16	static
Model.cpp:562:10:SyringeT Model::getSyringe()	24	static
Model.cpp:567:6:void Model::saveSyringe(SyringeT)	24	static
Model.cpp:575:9:uint8_t Model::getSyringeState()	16	static
Model.cpp:581:9:SW_time Model::getCurrentTime()	16	static
Model.cpp:587:10:BatteryT Model::getBattery()	24	static
Model.cpp:593:7:DrugT Model::getDrug()	24	static
Model.cpp:598:6:void Model::saveDrug(DrugT)	24	static
