d:\stm32cubeide_1.6.1\stm32cubeide\plugins\com.st.stm32cube.ide.mcu.externaltools.gnu-tools-for-stm32.10.3-2021.10.win32_1.0.0.202111181127\tools\arm-none-eabi\include\c++\10.3.1\new:174:33:void* operator new(std::size_t, void*)	16	static
../Middlewares/ST/touchgfx/framework/include/touchgfx/hal/Types.hpp:91:5:touchgfx::colortype::colortype(uint32_t)	16	static
../Middlewares/ST/touchgfx/framework/include/touchgfx/hal/Types.hpp:140:5:touchgfx::Rect::Rect(int16_t, int16_t, int16_t, int16_t)	24	static
../Middlewares/ST/touchgfx/framework/include/touchgfx/UIEventListener.hpp:44:18:virtual void touchgfx::UIEventListener::handleClickEvent(const touchgfx::ClickEvent&)	16	static
../Middlewares/ST/touchgfx/framework/include/touchgfx/UIEventListener.hpp:53:18:virtual void touchgfx::UIEventListener::handleDragEvent(const touchgfx::DragEvent&)	16	static
../Middlewares/ST/touchgfx/framework/include/touchgfx/UIEventListener.hpp:62:18:virtual void touchgfx::UIEventListener::handleGestureEvent(const touchgfx::GestureEvent&)	16	static
../Middlewares/ST/touchgfx/framework/include/touchgfx/UIEventListener.hpp:71:18:virtual void touchgfx::UIEventListener::handleKeyEvent(uint8_t)	16	static
../Middlewares/ST/touchgfx/framework/include/touchgfx/UIEventListener.hpp:79:18:virtual void touchgfx::UIEventListener::handleTickEvent()	16	static
../Middlewares/ST/touchgfx/framework/include/touchgfx/UIEventListener.hpp:84:18:virtual void touchgfx::UIEventListener::handlePendingScreenTransition()	16	static
../Middlewares/ST/touchgfx/framework/include/touchgfx/UIEventListener.hpp:89:13:touchgfx::UIEventListener::~UIEventListener()	16	static
../Middlewares/ST/touchgfx/framework/include/touchgfx/UIEventListener.hpp:89:13:virtual touchgfx::UIEventListener::~UIEventListener()	16	static
../Middlewares/ST/touchgfx/framework/include/touchgfx/Application.hpp:71:18:virtual void touchgfx::Application::changeToStartScreen()	16	static
../Middlewares/ST/touchgfx/framework/include/touchgfx/Application.hpp:90:18:virtual void touchgfx::Application::appSwitchScreen(uint8_t)	16	static
../Middlewares/ST/touchgfx/framework/include/touchgfx/Application.hpp:102:18:virtual void touchgfx::Application::requestRedraw(touchgfx::Rect&)	16	static
../Middlewares/ST/touchgfx/framework/include/touchgfx/Callback.hpp:179:13:touchgfx::GenericCallback<void>::~GenericCallback()	16	static
../Middlewares/ST/touchgfx/framework/include/touchgfx/Callback.hpp:179:13:virtual touchgfx::GenericCallback<void>::~GenericCallback()	16	static
../Middlewares/ST/touchgfx/framework/include/touchgfx/hal/HAL.hpp:110:17:static touchgfx::HAL* touchgfx::HAL::getInstance()	4	static
../Middlewares/ST/touchgfx/framework/include/touchgfx/hal/HAL.hpp:246:17:static touchgfx::LCD& touchgfx::HAL::lcd()	4	static
../Middlewares/ST/touchgfx/framework/include/touchgfx/transitions/Transition.hpp:40:5:touchgfx::Transition::Transition()	16	static
../Middlewares/ST/touchgfx/framework/include/touchgfx/transitions/Transition.hpp:46:13:touchgfx::Transition::~Transition()	16	static
../Middlewares/ST/touchgfx/framework/include/touchgfx/transitions/Transition.hpp:46:13:virtual touchgfx::Transition::~Transition()	16	static
../Middlewares/ST/touchgfx/framework/include/touchgfx/transitions/Transition.hpp:51:18:virtual void touchgfx::Transition::handleTickEvent()	16	static
../Middlewares/ST/touchgfx/framework/include/touchgfx/transitions/Transition.hpp:71:18:virtual void touchgfx::Transition::tearDown()	16	static
../Middlewares/ST/touchgfx/framework/include/touchgfx/transitions/Transition.hpp:79:18:virtual void touchgfx::Transition::init()	16	static
../Middlewares/ST/touchgfx/framework/include/touchgfx/transitions/Transition.hpp:88:18:virtual void touchgfx::Transition::invalidate()	16	static
../Middlewares/ST/touchgfx/framework/include/touchgfx/transitions/Transition.hpp:99:18:virtual void touchgfx::Transition::setScreenContainer(touchgfx::Container&)	16	static
../Middlewares/ST/touchgfx/framework/include/touchgfx/Application.hpp:40:7:touchgfx::Application::~Application()	16	static
../Middlewares/ST/touchgfx/framework/include/touchgfx/Application.hpp:40:7:virtual touchgfx::Application::~Application()	16	static
../Middlewares/ST/touchgfx/framework/include/mvp/MVPApplication.hpp:47:5:touchgfx::MVPApplication::MVPApplication()	16	static
../Middlewares/ST/touchgfx/framework/include/mvp/MVPApplication.hpp:59:18:virtual void touchgfx::MVPApplication::handlePendingScreenTransition()	16	static
../Middlewares/ST/touchgfx/framework/include/mvp/MVPApplication.hpp:73:10:void touchgfx::MVPApplication::evaluatePendingScreenTransition()	16	static
../TouchGFX/gui/include/gui/model/Model.hpp:48:10:void Model::bind(ModelListener*)	16	static
../Middlewares/ST/touchgfx/framework/include/mvp/MVPApplication.hpp:43:7:touchgfx::MVPApplication::~MVPApplication()	16	static
../Middlewares/ST/touchgfx/framework/include/mvp/MVPApplication.hpp:43:7:virtual touchgfx::MVPApplication::~MVPApplication()	16	static
../TouchGFX/generated/gui_generated/include/gui_generated/common/FrontendApplicationBase.hpp:16:13:FrontendApplicationBase::~FrontendApplicationBase()	16	static
../TouchGFX/generated/gui_generated/include/gui_generated/common/FrontendApplicationBase.hpp:16:13:virtual FrontendApplicationBase::~FrontendApplicationBase()	16	static
../TouchGFX/generated/gui_generated/include/gui_generated/common/FrontendApplicationBase.hpp:18:18:virtual void FrontendApplicationBase::changeToStartScreen()	16	static
../Middlewares/ST/touchgfx/framework/include/touchgfx/transitions/NoTransition.hpp:35:18:virtual void touchgfx::NoTransition::handleTickEvent()	16	static
../TouchGFX/gui/include/gui/model/ModelListener.hpp:18:10:void ModelListener::bind(Model*)	16	static
../Middlewares/ST/touchgfx/framework/include/touchgfx/TypedText.hpp:59:14:touchgfx::TypedText::TypedText(touchgfx::TypedTextId)	16	static
../Middlewares/ST/touchgfx/framework/include/touchgfx/TypedText.hpp:65:13:touchgfx::TypedText::~TypedText()	16	static
../Middlewares/ST/touchgfx/framework/include/touchgfx/TypedText.hpp:65:13:virtual touchgfx::TypedText::~TypedText()	16	static
d:\stm32cubeide_1.6.1\stm32cubeide\plugins\com.st.stm32cube.ide.mcu.externaltools.gnu-tools-for-stm32.10.3-2021.10.win32_1.0.0.202111181127\tools\bin\../lib/gcc/arm-none-eabi/10.3.1/../../../../arm-none-eabi/include/c++/10.3.1/arm-none-eabi/thumb/v7e-m+dp/hard/bits/gthr-default.h:229:1:int __gthread_key_delete(__gthread_key_t)	16	static
../TouchGFX/generated/gui_generated/src/common/FrontendApplicationBase.cpp:67:1:FrontendApplicationBase::FrontendApplicationBase(Model&, FrontendHeap&)	24	static
../Middlewares/ST/touchgfx/framework/include/touchgfx/Callback.hpp:175:7:constexpr touchgfx::GenericCallback<void>& touchgfx::GenericCallback<void>::operator=(const touchgfx::GenericCallback<void>&)	16	static
../Middlewares/ST/touchgfx/framework/include/touchgfx/Callback.hpp:424:8:constexpr touchgfx::Callback<FrontendApplicationBase>& touchgfx::Callback<FrontendApplicationBase>::operator=(touchgfx::Callback<FrontendApplicationBase>&&)	16	static
../TouchGFX/generated/gui_generated/src/common/FrontendApplicationBase.cpp:84:6:void FrontendApplicationBase::gotostartupScreenNoTransition()	48	static
../TouchGFX/generated/gui_generated/src/common/FrontendApplicationBase.cpp:90:6:void FrontendApplicationBase::gotostartupScreenNoTransitionImpl()	24	static
../TouchGFX/generated/gui_generated/src/common/FrontendApplicationBase.cpp:97:6:void FrontendApplicationBase::gotoNew_PaitentScreenNoTransition()	48	static
../TouchGFX/generated/gui_generated/src/common/FrontendApplicationBase.cpp:103:6:void FrontendApplicationBase::gotoNew_PaitentScreenNoTransitionImpl()	24	static
../TouchGFX/generated/gui_generated/src/common/FrontendApplicationBase.cpp:110:6:void FrontendApplicationBase::gotoSame_PatientScreenNoTransition()	48	static
../TouchGFX/generated/gui_generated/src/common/FrontendApplicationBase.cpp:116:6:void FrontendApplicationBase::gotoSame_PatientScreenNoTransitionImpl()	24	static
../TouchGFX/generated/gui_generated/src/common/FrontendApplicationBase.cpp:123:6:void FrontendApplicationBase::gotoSpecialModeScreenNoTransition()	48	static
../TouchGFX/generated/gui_generated/src/common/FrontendApplicationBase.cpp:129:6:void FrontendApplicationBase::gotoSpecialModeScreenNoTransitionImpl()	24	static
../TouchGFX/generated/gui_generated/src/common/FrontendApplicationBase.cpp:136:6:void FrontendApplicationBase::gotoScreenKeyboardScreenNoTransition()	48	static
../TouchGFX/generated/gui_generated/src/common/FrontendApplicationBase.cpp:142:6:void FrontendApplicationBase::gotoScreenKeyboardScreenNoTransitionImpl()	24	static
../TouchGFX/generated/gui_generated/src/common/FrontendApplicationBase.cpp:149:6:void FrontendApplicationBase::gotogenderchoiceScreenNoTransition()	48	static
../TouchGFX/generated/gui_generated/src/common/FrontendApplicationBase.cpp:155:6:void FrontendApplicationBase::gotogenderchoiceScreenNoTransitionImpl()	24	static
../TouchGFX/generated/gui_generated/src/common/FrontendApplicationBase.cpp:162:6:void FrontendApplicationBase::gotomainScreen_WithSTARTScreenNoTransition()	48	static
../TouchGFX/generated/gui_generated/src/common/FrontendApplicationBase.cpp:168:6:void FrontendApplicationBase::gotomainScreen_WithSTARTScreenNoTransitionImpl()	24	static
../TouchGFX/generated/gui_generated/src/common/FrontendApplicationBase.cpp:175:6:void FrontendApplicationBase::gototestVersionScreenNoTransition()	48	static
../TouchGFX/generated/gui_generated/src/common/FrontendApplicationBase.cpp:181:6:void FrontendApplicationBase::gototestVersionScreenNoTransitionImpl()	24	static
../TouchGFX/generated/gui_generated/src/common/FrontendApplicationBase.cpp:188:6:void FrontendApplicationBase::gotosyringedetectedScreenNoTransition()	48	static
../TouchGFX/generated/gui_generated/src/common/FrontendApplicationBase.cpp:194:6:void FrontendApplicationBase::gotosyringedetectedScreenNoTransitionImpl()	24	static
../TouchGFX/generated/gui_generated/src/common/FrontendApplicationBase.cpp:201:6:void FrontendApplicationBase::gotoSettings__screenScreenNoTransition()	48	static
../TouchGFX/generated/gui_generated/src/common/FrontendApplicationBase.cpp:207:6:void FrontendApplicationBase::gotoSettings__screenScreenNoTransitionImpl()	24	static
../TouchGFX/generated/gui_generated/src/common/FrontendApplicationBase.cpp:214:6:void FrontendApplicationBase::gotoKeyboardNBScreenNoTransition()	48	static
../TouchGFX/generated/gui_generated/src/common/FrontendApplicationBase.cpp:220:6:void FrontendApplicationBase::gotoKeyboardNBScreenNoTransitionImpl()	24	static
../TouchGFX/generated/gui_generated/src/common/FrontendApplicationBase.cpp:227:6:void FrontendApplicationBase::gotoSettings_Time_DateScreenNoTransition()	48	static
../TouchGFX/generated/gui_generated/src/common/FrontendApplicationBase.cpp:233:6:void FrontendApplicationBase::gotoSettings_Time_DateScreenNoTransitionImpl()	24	static
../TouchGFX/generated/gui_generated/src/common/FrontendApplicationBase.cpp:240:6:void FrontendApplicationBase::gotoScreenselectdrugScreenNoTransition()	48	static
../TouchGFX/generated/gui_generated/src/common/FrontendApplicationBase.cpp:246:6:void FrontendApplicationBase::gotoScreenselectdrugScreenNoTransitionImpl()	24	static
../TouchGFX/generated/gui_generated/src/common/FrontendApplicationBase.cpp:253:6:void FrontendApplicationBase::gotoOclusion_levelScreenNoTransition()	48	static
../TouchGFX/generated/gui_generated/src/common/FrontendApplicationBase.cpp:259:6:void FrontendApplicationBase::gotoOclusion_levelScreenNoTransitionImpl()	24	static
../TouchGFX/generated/gui_generated/src/common/FrontendApplicationBase.cpp:266:6:void FrontendApplicationBase::gototimeparamScreenNoTransition()	48	static
../TouchGFX/generated/gui_generated/src/common/FrontendApplicationBase.cpp:272:6:void FrontendApplicationBase::gototimeparamScreenNoTransitionImpl()	24	static
../TouchGFX/generated/gui_generated/src/common/FrontendApplicationBase.cpp:279:6:void FrontendApplicationBase::gotoAlarmListScreenNoTransition()	48	static
../TouchGFX/generated/gui_generated/src/common/FrontendApplicationBase.cpp:285:6:void FrontendApplicationBase::gotoAlarmListScreenNoTransitionImpl()	24	static
../TouchGFX/generated/gui_generated/src/common/FrontendApplicationBase.cpp:292:6:void FrontendApplicationBase::gotoLockScreenScreenNoTransition()	48	static
../TouchGFX/generated/gui_generated/src/common/FrontendApplicationBase.cpp:298:6:void FrontendApplicationBase::gotoLockScreenScreenNoTransitionImpl()	24	static
../TouchGFX/generated/gui_generated/src/common/FrontendApplicationBase.cpp:305:6:void FrontendApplicationBase::gotoLogScreenScreenNoTransition()	48	static
../TouchGFX/generated/gui_generated/src/common/FrontendApplicationBase.cpp:311:6:void FrontendApplicationBase::gotoLogScreenScreenNoTransitionImpl()	24	static
../TouchGFX/generated/gui_generated/src/common/FrontendApplicationBase.cpp:318:6:void FrontendApplicationBase::gotoDepartementScreenNoTransition()	48	static
../TouchGFX/generated/gui_generated/src/common/FrontendApplicationBase.cpp:324:6:void FrontendApplicationBase::gotoDepartementScreenNoTransitionImpl()	24	static
../TouchGFX/generated/gui_generated/src/common/FrontendApplicationBase.cpp:331:6:void FrontendApplicationBase::gotoDrugLibraryScreenNoTransition()	48	static
../TouchGFX/generated/gui_generated/src/common/FrontendApplicationBase.cpp:337:6:void FrontendApplicationBase::gotoDrugLibraryScreenNoTransitionImpl()	24	static
../TouchGFX/generated/gui_generated/src/common/FrontendApplicationBase.cpp:344:6:void FrontendApplicationBase::gotoManualScreenNoTransition()	48	static
../TouchGFX/generated/gui_generated/src/common/FrontendApplicationBase.cpp:350:6:void FrontendApplicationBase::gotoManualScreenNoTransitionImpl()	24	static
../TouchGFX/generated/gui_generated/src/common/FrontendApplicationBase.cpp:357:6:void FrontendApplicationBase::gotoBatteryScreenNoTransition()	48	static
../TouchGFX/generated/gui_generated/src/common/FrontendApplicationBase.cpp:363:6:void FrontendApplicationBase::gotoBatteryScreenNoTransitionImpl()	24	static
../TouchGFX/generated/gui_generated/src/common/FrontendApplicationBase.cpp:370:6:void FrontendApplicationBase::gotoMaintenanceScreenNoTransition()	48	static
../TouchGFX/generated/gui_generated/src/common/FrontendApplicationBase.cpp:376:6:void FrontendApplicationBase::gotoMaintenanceScreenNoTransitionImpl()	24	static
../Middlewares/ST/touchgfx/framework/include/touchgfx/Callback.hpp:175:7:constexpr touchgfx::GenericCallback<void>::GenericCallback()	16	static
../Middlewares/ST/touchgfx/framework/include/touchgfx/Callback.hpp:427:5:touchgfx::Callback<dest_type, void, void, void>::Callback() [with dest_type = FrontendApplicationBase]	16	static
../Middlewares/ST/touchgfx/framework/include/touchgfx/Callback.hpp:440:5:touchgfx::Callback<dest_type, void, void, void>::Callback(dest_type*, void (dest_type::*)()) [with dest_type = FrontendApplicationBase]	24	static
../Middlewares/ST/touchgfx/framework/include/touchgfx/transitions/NoTransition.hpp:31:7:touchgfx::NoTransition::NoTransition()	16	static
../Middlewares/ST/touchgfx/framework/include/mvp/MVPApplication.hpp:161:16:PresenterType* touchgfx::makeTransition(touchgfx::Screen**, touchgfx::Presenter**, touchgfx::MVPHeap&, touchgfx::Transition**, ModelType*) [with ScreenType = startupView; PresenterType = startupPresenter; TransType = touchgfx::NoTransition; ModelType = Model]	72	static
../Middlewares/ST/touchgfx/framework/include/mvp/MVPApplication.hpp:161:16:PresenterType* touchgfx::makeTransition(touchgfx::Screen**, touchgfx::Presenter**, touchgfx::MVPHeap&, touchgfx::Transition**, ModelType*) [with ScreenType = New_PaitentView; PresenterType = New_PaitentPresenter; TransType = touchgfx::NoTransition; ModelType = Model]	72	static
../Middlewares/ST/touchgfx/framework/include/mvp/MVPApplication.hpp:161:16:PresenterType* touchgfx::makeTransition(touchgfx::Screen**, touchgfx::Presenter**, touchgfx::MVPHeap&, touchgfx::Transition**, ModelType*) [with ScreenType = Same_PatientView; PresenterType = Same_PatientPresenter; TransType = touchgfx::NoTransition; ModelType = Model]	72	static
../Middlewares/ST/touchgfx/framework/include/mvp/MVPApplication.hpp:161:16:PresenterType* touchgfx::makeTransition(touchgfx::Screen**, touchgfx::Presenter**, touchgfx::MVPHeap&, touchgfx::Transition**, ModelType*) [with ScreenType = SpecialModeView; PresenterType = SpecialModePresenter; TransType = touchgfx::NoTransition; ModelType = Model]	72	static
../Middlewares/ST/touchgfx/framework/include/mvp/MVPApplication.hpp:161:16:PresenterType* touchgfx::makeTransition(touchgfx::Screen**, touchgfx::Presenter**, touchgfx::MVPHeap&, touchgfx::Transition**, ModelType*) [with ScreenType = ScreenKeyboardView; PresenterType = ScreenKeyboardPresenter; TransType = touchgfx::NoTransition; ModelType = Model]	72	static
../Middlewares/ST/touchgfx/framework/include/mvp/MVPApplication.hpp:161:16:PresenterType* touchgfx::makeTransition(touchgfx::Screen**, touchgfx::Presenter**, touchgfx::MVPHeap&, touchgfx::Transition**, ModelType*) [with ScreenType = genderchoiceView; PresenterType = genderchoicePresenter; TransType = touchgfx::NoTransition; ModelType = Model]	72	static
../Middlewares/ST/touchgfx/framework/include/mvp/MVPApplication.hpp:161:16:PresenterType* touchgfx::makeTransition(touchgfx::Screen**, touchgfx::Presenter**, touchgfx::MVPHeap&, touchgfx::Transition**, ModelType*) [with ScreenType = mainScreen_WithSTARTView; PresenterType = mainScreen_WithSTARTPresenter; TransType = touchgfx::NoTransition; ModelType = Model]	72	static
../Middlewares/ST/touchgfx/framework/include/mvp/MVPApplication.hpp:161:16:PresenterType* touchgfx::makeTransition(touchgfx::Screen**, touchgfx::Presenter**, touchgfx::MVPHeap&, touchgfx::Transition**, ModelType*) [with ScreenType = testVersionView; PresenterType = testVersionPresenter; TransType = touchgfx::NoTransition; ModelType = Model]	72	static
../Middlewares/ST/touchgfx/framework/include/mvp/MVPApplication.hpp:161:16:PresenterType* touchgfx::makeTransition(touchgfx::Screen**, touchgfx::Presenter**, touchgfx::MVPHeap&, touchgfx::Transition**, ModelType*) [with ScreenType = syringedetectedView; PresenterType = syringedetectedPresenter; TransType = touchgfx::NoTransition; ModelType = Model]	72	static
../Middlewares/ST/touchgfx/framework/include/mvp/MVPApplication.hpp:161:16:PresenterType* touchgfx::makeTransition(touchgfx::Screen**, touchgfx::Presenter**, touchgfx::MVPHeap&, touchgfx::Transition**, ModelType*) [with ScreenType = Settings__screenView; PresenterType = Settings__screenPresenter; TransType = touchgfx::NoTransition; ModelType = Model]	72	static
../Middlewares/ST/touchgfx/framework/include/mvp/MVPApplication.hpp:161:16:PresenterType* touchgfx::makeTransition(touchgfx::Screen**, touchgfx::Presenter**, touchgfx::MVPHeap&, touchgfx::Transition**, ModelType*) [with ScreenType = KeyboardNBView; PresenterType = KeyboardNBPresenter; TransType = touchgfx::NoTransition; ModelType = Model]	72	static
../Middlewares/ST/touchgfx/framework/include/mvp/MVPApplication.hpp:161:16:PresenterType* touchgfx::makeTransition(touchgfx::Screen**, touchgfx::Presenter**, touchgfx::MVPHeap&, touchgfx::Transition**, ModelType*) [with ScreenType = Settings_Time_DateView; PresenterType = Settings_Time_DatePresenter; TransType = touchgfx::NoTransition; ModelType = Model]	72	static
../Middlewares/ST/touchgfx/framework/include/mvp/MVPApplication.hpp:161:16:PresenterType* touchgfx::makeTransition(touchgfx::Screen**, touchgfx::Presenter**, touchgfx::MVPHeap&, touchgfx::Transition**, ModelType*) [with ScreenType = ScreenselectdrugView; PresenterType = ScreenselectdrugPresenter; TransType = touchgfx::NoTransition; ModelType = Model]	72	static
../Middlewares/ST/touchgfx/framework/include/mvp/MVPApplication.hpp:161:16:PresenterType* touchgfx::makeTransition(touchgfx::Screen**, touchgfx::Presenter**, touchgfx::MVPHeap&, touchgfx::Transition**, ModelType*) [with ScreenType = Oclusion_levelView; PresenterType = Oclusion_levelPresenter; TransType = touchgfx::NoTransition; ModelType = Model]	72	static
../Middlewares/ST/touchgfx/framework/include/mvp/MVPApplication.hpp:161:16:PresenterType* touchgfx::makeTransition(touchgfx::Screen**, touchgfx::Presenter**, touchgfx::MVPHeap&, touchgfx::Transition**, ModelType*) [with ScreenType = timeparamView; PresenterType = timeparamPresenter; TransType = touchgfx::NoTransition; ModelType = Model]	72	static
../Middlewares/ST/touchgfx/framework/include/mvp/MVPApplication.hpp:161:16:PresenterType* touchgfx::makeTransition(touchgfx::Screen**, touchgfx::Presenter**, touchgfx::MVPHeap&, touchgfx::Transition**, ModelType*) [with ScreenType = AlarmListView; PresenterType = AlarmListPresenter; TransType = touchgfx::NoTransition; ModelType = Model]	72	static
../Middlewares/ST/touchgfx/framework/include/mvp/MVPApplication.hpp:161:16:PresenterType* touchgfx::makeTransition(touchgfx::Screen**, touchgfx::Presenter**, touchgfx::MVPHeap&, touchgfx::Transition**, ModelType*) [with ScreenType = LockScreenView; PresenterType = LockScreenPresenter; TransType = touchgfx::NoTransition; ModelType = Model]	72	static
../Middlewares/ST/touchgfx/framework/include/mvp/MVPApplication.hpp:161:16:PresenterType* touchgfx::makeTransition(touchgfx::Screen**, touchgfx::Presenter**, touchgfx::MVPHeap&, touchgfx::Transition**, ModelType*) [with ScreenType = LogScreenView; PresenterType = LogScreenPresenter; TransType = touchgfx::NoTransition; ModelType = Model]	72	static
../Middlewares/ST/touchgfx/framework/include/mvp/MVPApplication.hpp:161:16:PresenterType* touchgfx::makeTransition(touchgfx::Screen**, touchgfx::Presenter**, touchgfx::MVPHeap&, touchgfx::Transition**, ModelType*) [with ScreenType = DepartementView; PresenterType = DepartementPresenter; TransType = touchgfx::NoTransition; ModelType = Model]	72	static
../Middlewares/ST/touchgfx/framework/include/mvp/MVPApplication.hpp:161:16:PresenterType* touchgfx::makeTransition(touchgfx::Screen**, touchgfx::Presenter**, touchgfx::MVPHeap&, touchgfx::Transition**, ModelType*) [with ScreenType = DrugLibraryView; PresenterType = DrugLibraryPresenter; TransType = touchgfx::NoTransition; ModelType = Model]	72	static
../Middlewares/ST/touchgfx/framework/include/mvp/MVPApplication.hpp:161:16:PresenterType* touchgfx::makeTransition(touchgfx::Screen**, touchgfx::Presenter**, touchgfx::MVPHeap&, touchgfx::Transition**, ModelType*) [with ScreenType = ManualView; PresenterType = ManualPresenter; TransType = touchgfx::NoTransition; ModelType = Model]	72	static
../Middlewares/ST/touchgfx/framework/include/mvp/MVPApplication.hpp:161:16:PresenterType* touchgfx::makeTransition(touchgfx::Screen**, touchgfx::Presenter**, touchgfx::MVPHeap&, touchgfx::Transition**, ModelType*) [with ScreenType = BatteryView; PresenterType = BatteryPresenter; TransType = touchgfx::NoTransition; ModelType = Model]	72	static
../Middlewares/ST/touchgfx/framework/include/mvp/MVPApplication.hpp:161:16:PresenterType* touchgfx::makeTransition(touchgfx::Screen**, touchgfx::Presenter**, touchgfx::MVPHeap&, touchgfx::Transition**, ModelType*) [with ScreenType = MaintenanceView; PresenterType = MaintenancePresenter; TransType = touchgfx::NoTransition; ModelType = Model]	72	static
../Middlewares/ST/touchgfx/framework/include/common/AbstractPartition.hpp:135:8:T& touchgfx::AbstractPartition::at(uint16_t) [with T = touchgfx::NoTransition]	16	static
../Middlewares/ST/touchgfx/framework/include/common/AbstractPartition.hpp:135:8:T& touchgfx::AbstractPartition::at(uint16_t) [with T = startupView]	16	static
../Middlewares/ST/touchgfx/framework/include/common/AbstractPartition.hpp:135:8:T& touchgfx::AbstractPartition::at(uint16_t) [with T = startupPresenter]	16	static
../Middlewares/ST/touchgfx/framework/include/mvp/View.hpp:50:10:void touchgfx::View<T>::bind(T&) [with T = startupPresenter]	16	static
../Middlewares/ST/touchgfx/framework/include/common/AbstractPartition.hpp:135:8:T& touchgfx::AbstractPartition::at(uint16_t) [with T = New_PaitentView]	16	static
../Middlewares/ST/touchgfx/framework/include/common/AbstractPartition.hpp:135:8:T& touchgfx::AbstractPartition::at(uint16_t) [with T = New_PaitentPresenter]	16	static
../Middlewares/ST/touchgfx/framework/include/mvp/View.hpp:50:10:void touchgfx::View<T>::bind(T&) [with T = New_PaitentPresenter]	16	static
../Middlewares/ST/touchgfx/framework/include/common/AbstractPartition.hpp:135:8:T& touchgfx::AbstractPartition::at(uint16_t) [with T = Same_PatientView]	16	static
../Middlewares/ST/touchgfx/framework/include/common/AbstractPartition.hpp:135:8:T& touchgfx::AbstractPartition::at(uint16_t) [with T = Same_PatientPresenter]	16	static
../Middlewares/ST/touchgfx/framework/include/mvp/View.hpp:50:10:void touchgfx::View<T>::bind(T&) [with T = Same_PatientPresenter]	16	static
../Middlewares/ST/touchgfx/framework/include/common/AbstractPartition.hpp:135:8:T& touchgfx::AbstractPartition::at(uint16_t) [with T = SpecialModeView]	16	static
../Middlewares/ST/touchgfx/framework/include/common/AbstractPartition.hpp:135:8:T& touchgfx::AbstractPartition::at(uint16_t) [with T = SpecialModePresenter]	16	static
../Middlewares/ST/touchgfx/framework/include/mvp/View.hpp:50:10:void touchgfx::View<T>::bind(T&) [with T = SpecialModePresenter]	16	static
../Middlewares/ST/touchgfx/framework/include/common/AbstractPartition.hpp:135:8:T& touchgfx::AbstractPartition::at(uint16_t) [with T = ScreenKeyboardView]	16	static
../Middlewares/ST/touchgfx/framework/include/common/AbstractPartition.hpp:135:8:T& touchgfx::AbstractPartition::at(uint16_t) [with T = ScreenKeyboardPresenter]	16	static
../Middlewares/ST/touchgfx/framework/include/mvp/View.hpp:50:10:void touchgfx::View<T>::bind(T&) [with T = ScreenKeyboardPresenter]	16	static
../Middlewares/ST/touchgfx/framework/include/common/AbstractPartition.hpp:135:8:T& touchgfx::AbstractPartition::at(uint16_t) [with T = genderchoiceView]	16	static
../Middlewares/ST/touchgfx/framework/include/common/AbstractPartition.hpp:135:8:T& touchgfx::AbstractPartition::at(uint16_t) [with T = genderchoicePresenter]	16	static
../Middlewares/ST/touchgfx/framework/include/mvp/View.hpp:50:10:void touchgfx::View<T>::bind(T&) [with T = genderchoicePresenter]	16	static
../Middlewares/ST/touchgfx/framework/include/common/AbstractPartition.hpp:135:8:T& touchgfx::AbstractPartition::at(uint16_t) [with T = mainScreen_WithSTARTView]	16	static
../Middlewares/ST/touchgfx/framework/include/common/AbstractPartition.hpp:135:8:T& touchgfx::AbstractPartition::at(uint16_t) [with T = mainScreen_WithSTARTPresenter]	16	static
../Middlewares/ST/touchgfx/framework/include/mvp/View.hpp:50:10:void touchgfx::View<T>::bind(T&) [with T = mainScreen_WithSTARTPresenter]	16	static
../Middlewares/ST/touchgfx/framework/include/common/AbstractPartition.hpp:135:8:T& touchgfx::AbstractPartition::at(uint16_t) [with T = testVersionView]	16	static
../Middlewares/ST/touchgfx/framework/include/common/AbstractPartition.hpp:135:8:T& touchgfx::AbstractPartition::at(uint16_t) [with T = testVersionPresenter]	16	static
../Middlewares/ST/touchgfx/framework/include/mvp/View.hpp:50:10:void touchgfx::View<T>::bind(T&) [with T = testVersionPresenter]	16	static
../Middlewares/ST/touchgfx/framework/include/common/AbstractPartition.hpp:135:8:T& touchgfx::AbstractPartition::at(uint16_t) [with T = syringedetectedView]	16	static
../Middlewares/ST/touchgfx/framework/include/common/AbstractPartition.hpp:135:8:T& touchgfx::AbstractPartition::at(uint16_t) [with T = syringedetectedPresenter]	16	static
../Middlewares/ST/touchgfx/framework/include/mvp/View.hpp:50:10:void touchgfx::View<T>::bind(T&) [with T = syringedetectedPresenter]	16	static
../Middlewares/ST/touchgfx/framework/include/common/AbstractPartition.hpp:135:8:T& touchgfx::AbstractPartition::at(uint16_t) [with T = Settings__screenView]	16	static
../Middlewares/ST/touchgfx/framework/include/common/AbstractPartition.hpp:135:8:T& touchgfx::AbstractPartition::at(uint16_t) [with T = Settings__screenPresenter]	16	static
../Middlewares/ST/touchgfx/framework/include/mvp/View.hpp:50:10:void touchgfx::View<T>::bind(T&) [with T = Settings__screenPresenter]	16	static
../Middlewares/ST/touchgfx/framework/include/common/AbstractPartition.hpp:135:8:T& touchgfx::AbstractPartition::at(uint16_t) [with T = KeyboardNBView]	16	static
../Middlewares/ST/touchgfx/framework/include/common/AbstractPartition.hpp:135:8:T& touchgfx::AbstractPartition::at(uint16_t) [with T = KeyboardNBPresenter]	16	static
../Middlewares/ST/touchgfx/framework/include/mvp/View.hpp:50:10:void touchgfx::View<T>::bind(T&) [with T = KeyboardNBPresenter]	16	static
../Middlewares/ST/touchgfx/framework/include/common/AbstractPartition.hpp:135:8:T& touchgfx::AbstractPartition::at(uint16_t) [with T = Settings_Time_DateView]	16	static
../Middlewares/ST/touchgfx/framework/include/common/AbstractPartition.hpp:135:8:T& touchgfx::AbstractPartition::at(uint16_t) [with T = Settings_Time_DatePresenter]	16	static
../Middlewares/ST/touchgfx/framework/include/mvp/View.hpp:50:10:void touchgfx::View<T>::bind(T&) [with T = Settings_Time_DatePresenter]	16	static
../Middlewares/ST/touchgfx/framework/include/common/AbstractPartition.hpp:135:8:T& touchgfx::AbstractPartition::at(uint16_t) [with T = ScreenselectdrugView]	16	static
../Middlewares/ST/touchgfx/framework/include/common/AbstractPartition.hpp:135:8:T& touchgfx::AbstractPartition::at(uint16_t) [with T = ScreenselectdrugPresenter]	16	static
../Middlewares/ST/touchgfx/framework/include/mvp/View.hpp:50:10:void touchgfx::View<T>::bind(T&) [with T = ScreenselectdrugPresenter]	16	static
../Middlewares/ST/touchgfx/framework/include/common/AbstractPartition.hpp:135:8:T& touchgfx::AbstractPartition::at(uint16_t) [with T = Oclusion_levelView]	16	static
../Middlewares/ST/touchgfx/framework/include/common/AbstractPartition.hpp:135:8:T& touchgfx::AbstractPartition::at(uint16_t) [with T = Oclusion_levelPresenter]	16	static
../Middlewares/ST/touchgfx/framework/include/mvp/View.hpp:50:10:void touchgfx::View<T>::bind(T&) [with T = Oclusion_levelPresenter]	16	static
../Middlewares/ST/touchgfx/framework/include/common/AbstractPartition.hpp:135:8:T& touchgfx::AbstractPartition::at(uint16_t) [with T = timeparamView]	16	static
../Middlewares/ST/touchgfx/framework/include/common/AbstractPartition.hpp:135:8:T& touchgfx::AbstractPartition::at(uint16_t) [with T = timeparamPresenter]	16	static
../Middlewares/ST/touchgfx/framework/include/mvp/View.hpp:50:10:void touchgfx::View<T>::bind(T&) [with T = timeparamPresenter]	16	static
../Middlewares/ST/touchgfx/framework/include/common/AbstractPartition.hpp:135:8:T& touchgfx::AbstractPartition::at(uint16_t) [with T = AlarmListView]	16	static
../Middlewares/ST/touchgfx/framework/include/common/AbstractPartition.hpp:135:8:T& touchgfx::AbstractPartition::at(uint16_t) [with T = AlarmListPresenter]	16	static
../Middlewares/ST/touchgfx/framework/include/mvp/View.hpp:50:10:void touchgfx::View<T>::bind(T&) [with T = AlarmListPresenter]	16	static
../Middlewares/ST/touchgfx/framework/include/common/AbstractPartition.hpp:135:8:T& touchgfx::AbstractPartition::at(uint16_t) [with T = LockScreenView]	16	static
../Middlewares/ST/touchgfx/framework/include/common/AbstractPartition.hpp:135:8:T& touchgfx::AbstractPartition::at(uint16_t) [with T = LockScreenPresenter]	16	static
../Middlewares/ST/touchgfx/framework/include/mvp/View.hpp:50:10:void touchgfx::View<T>::bind(T&) [with T = LockScreenPresenter]	16	static
../Middlewares/ST/touchgfx/framework/include/common/AbstractPartition.hpp:135:8:T& touchgfx::AbstractPartition::at(uint16_t) [with T = LogScreenView]	16	static
../Middlewares/ST/touchgfx/framework/include/common/AbstractPartition.hpp:135:8:T& touchgfx::AbstractPartition::at(uint16_t) [with T = LogScreenPresenter]	16	static
../Middlewares/ST/touchgfx/framework/include/mvp/View.hpp:50:10:void touchgfx::View<T>::bind(T&) [with T = LogScreenPresenter]	16	static
../Middlewares/ST/touchgfx/framework/include/common/AbstractPartition.hpp:135:8:T& touchgfx::AbstractPartition::at(uint16_t) [with T = DepartementView]	16	static
../Middlewares/ST/touchgfx/framework/include/common/AbstractPartition.hpp:135:8:T& touchgfx::AbstractPartition::at(uint16_t) [with T = DepartementPresenter]	16	static
../Middlewares/ST/touchgfx/framework/include/mvp/View.hpp:50:10:void touchgfx::View<T>::bind(T&) [with T = DepartementPresenter]	16	static
../Middlewares/ST/touchgfx/framework/include/common/AbstractPartition.hpp:135:8:T& touchgfx::AbstractPartition::at(uint16_t) [with T = DrugLibraryView]	16	static
../Middlewares/ST/touchgfx/framework/include/common/AbstractPartition.hpp:135:8:T& touchgfx::AbstractPartition::at(uint16_t) [with T = DrugLibraryPresenter]	16	static
../Middlewares/ST/touchgfx/framework/include/mvp/View.hpp:50:10:void touchgfx::View<T>::bind(T&) [with T = DrugLibraryPresenter]	16	static
../Middlewares/ST/touchgfx/framework/include/common/AbstractPartition.hpp:135:8:T& touchgfx::AbstractPartition::at(uint16_t) [with T = ManualView]	16	static
../Middlewares/ST/touchgfx/framework/include/common/AbstractPartition.hpp:135:8:T& touchgfx::AbstractPartition::at(uint16_t) [with T = ManualPresenter]	16	static
../Middlewares/ST/touchgfx/framework/include/mvp/View.hpp:50:10:void touchgfx::View<T>::bind(T&) [with T = ManualPresenter]	16	static
../Middlewares/ST/touchgfx/framework/include/common/AbstractPartition.hpp:135:8:T& touchgfx::AbstractPartition::at(uint16_t) [with T = BatteryView]	16	static
../Middlewares/ST/touchgfx/framework/include/common/AbstractPartition.hpp:135:8:T& touchgfx::AbstractPartition::at(uint16_t) [with T = BatteryPresenter]	16	static
../Middlewares/ST/touchgfx/framework/include/mvp/View.hpp:50:10:void touchgfx::View<T>::bind(T&) [with T = BatteryPresenter]	16	static
../Middlewares/ST/touchgfx/framework/include/common/AbstractPartition.hpp:135:8:T& touchgfx::AbstractPartition::at(uint16_t) [with T = MaintenanceView]	16	static
../Middlewares/ST/touchgfx/framework/include/common/AbstractPartition.hpp:135:8:T& touchgfx::AbstractPartition::at(uint16_t) [with T = MaintenancePresenter]	16	static
../Middlewares/ST/touchgfx/framework/include/mvp/View.hpp:50:10:void touchgfx::View<T>::bind(T&) [with T = MaintenancePresenter]	16	static
../Middlewares/ST/touchgfx/framework/include/touchgfx/transitions/NoTransition.hpp:31:7:touchgfx::NoTransition::~NoTransition()	16	static
../Middlewares/ST/touchgfx/framework/include/touchgfx/transitions/NoTransition.hpp:31:7:virtual touchgfx::NoTransition::~NoTransition()	16	static
../Middlewares/ST/touchgfx/framework/include/touchgfx/Callback.hpp:424:8:touchgfx::Callback<FrontendApplicationBase>::~Callback()	16	static
../Middlewares/ST/touchgfx/framework/include/touchgfx/Callback.hpp:424:8:virtual touchgfx::Callback<FrontendApplicationBase>::~Callback()	16	static
../Middlewares/ST/touchgfx/framework/include/touchgfx/widgets/Keyboard.hpp:74:12:touchgfx::Keyboard::Layout::~Layout()	16	static
../TouchGFX/generated/gui_generated/src/common/FrontendApplicationBase.cpp:379:1:void __static_initialization_and_destruction_0(int, int)	32	static
../Middlewares/ST/touchgfx/framework/include/touchgfx/Callback.hpp:449:18:void touchgfx::Callback<dest_type, void, void, void>::execute() [with dest_type = FrontendApplicationBase]	16	static
../Middlewares/ST/touchgfx/framework/include/touchgfx/Callback.hpp:459:18:bool touchgfx::Callback<dest_type, void, void, void>::isValid() const [with dest_type = FrontendApplicationBase]	16	static
../TouchGFX/generated/gui_generated/src/common/FrontendApplicationBase.cpp:379:1:cpp)	8	static
../TouchGFX/generated/gui_generated/src/common/FrontendApplicationBase.cpp:379:1:cpp)	8	static
