l6474.c:224:6:L6474_AttachErrorHandler	16	static
l6474.c:239:6:L6474_AttachFlagInterrupt	16	static
l6474.c:249:6:L6474_CmdDisable	16	static
l6474.c:259:6:L6474_CmdEnable	16	static
l6474.c:270:10:L6474_CmdGetParam	32	static
l6474.c:349:10:L6474_CmdGetStatus	24	static
l6474.c:399:6:L6474_CmdNop	16	static
l6474.c:411:6:L6474_CmdSetParam	32	static
l6474.c:478:6:L6474_Init	16	static
l6474.c:521:10:L6474_GetAcceleration	16	static
l6474.c:536:7:L6474_GetAnalogValue	24	static
l6474.c:567:10:L6474_GetCurrentSpeed	16	static
l6474.c:577:10:L6474_GetDeceleration	16	static
l6474.c:587:14:L6474_GetDeviceState	16	static
l6474.c:597:12:L6474_GetDirection	16	static
l6474.c:606:10:L6474_GetFwVersion	4	static
l6474.c:615:13:L6474_GetMotorHandle	4	static
l6474.c:625:9:L6474_GetMark	16	static
l6474.c:635:10:L6474_GetMaxSpeed	16	static
l6474.c:645:10:L6474_GetMinSpeed	16	static
l6474.c:654:9:L6474_GetNbDevices	4	static
l6474.c:664:9:L6474_GetPosition	16	static
l6474.c:674:17:L6474_GetStepMode	24	static
l6474.c:712:17:L6474_GetStopMode	16	static
l6474.c:722:6:L6474_GoHome	16	static
l6474.c:732:6:L6474_GoMark	24	static
l6474.c:746:6:L6474_GoTo	32	static
l6474.c:795:6:L6474_HardStop	16	static
l6474.c:820:6:L6474_HizStop	16	static
l6474.c:842:6:L6474_Move	24	static
l6474.c:872:10:L6474_ReadId	4	static
l6474.c:884:10:L6474_ReadStatusRegister	16	static
l6474.c:893:6:L6474_ReleaseReset	16	static
l6474.c:903:6:L6474_Reset	16	static
l6474.c:912:6:L6474_ResetAllDevices	16	static
l6474.c:934:6:L6474_Run	16	static
l6474.c:957:6:L6474_SelectStepMode	24	static
l6474.c:1005:6:L6474_SetAcceleration	24	static
l6474.c:1028:6:L6474_SetAnalogValue	32	static
l6474.c:1121:6:L6474_SetDeceleration	24	static
l6474.c:1142:6:L6474_SetDirection	16	static
l6474.c:1157:6:L6474_SetHome	24	static
l6474.c:1180:6:L6474_SetNbDevices	16	static
l6474.c:1200:6:L6474_SetMark	24	static
l6474.c:1223:6:L6474_SetMaxSpeed	24	static
l6474.c:1246:6:L6474_SetMinSpeed	24	static
l6474.c:1267:6:L6474_SetStopMode	16	static
l6474.c:1278:6:L6474_SoftStop	24	static
l6474.c:1294:6:L6474_WaitWhileActive	16	static
l6474.c:1314:6:L6474_ApplySpeed	16	static
l6474.c:1357:6:L6474_ComputeSpeedProfile	40	static
l6474.c:1413:9:L6474_ConvertPosition	24	static
l6474.c:1438:6:L6474_ErrorHandler	16	static
l6474.c:1457:6:L6474_FlagInterruptHandler	8	static
l6474.c:1477:6:L6474_SendCommand	24	static
l6474.c:1517:6:L6474_SetDeviceParamsToGivenValues	16	static
l6474.c:1544:6:L6474_SetDeviceParamsToPredefinedValues	16	static
l6474.c:1572:6:L6474_SetRegisterToGivenValues	16	static
l6474.c:1623:6:L6474_SetRegisterToPredefinedValues	16	static
l6474.c:1766:6:L6474_StartMovement	16	static
l6474.c:1789:6:L6474_StepClockHandler	56	static
l6474.c:1927:16:L6474_Ocd_Th_to_Par	16	static
l6474.c:1937:14:L6474_Ocd_Par_to_Th	16	static
l6474.c:1947:16:L6474_Tval_Current_to_Par	16	static
l6474.c:1957:14:L6474_Tval_Par_to_Current	16	static
l6474.c:1967:14:L6474_Tmin_Par_to_Time	16	static
l6474.c:1978:16:L6474_Tmin_Time_to_Par	16	static
l6474.c:1989:6:L6474_WriteBytes	16	static
