../Core/Src/main.c:102:5:main	8	static
../Core/Src/main.c:162:6:SystemClock_Config	120	static
../Core/Src/main.c:218:6:MyFlagInterruptHandler	16	static
../Core/Src/main.c:289:6:HAL_ADC_LevelOutOfWindowCallback	16	static
../Core/Src/main.c:294:9:Screws_Speed_From_FlowRate	24	static
../Core/Src/main.c:301:9:Screws_Speed_From_Time_And_Volume	16	static
../Core/Src/main.c:305:9:Motor_Speed	16	static
../Core/Src/main.c:319:6:HAL_TIM_PeriodElapsedCallback	16	static
../Core/Src/main.c:336:6:Error_Handler	4	static,ignoring_inline_asm
