../Core/Src/main.c:107:5:main	24	static,ignoring_inline_asm
../Core/Src/main.c:181:6:SystemClock_Config	120	static
../Core/Src/main.c:239:6:PeriphCommonClock_Config	200	static
../Core/Src/main.c:263:6:MyFlagInterruptHandler	16	static
../Core/Src/main.c:353:6:HAL_ADC_LevelOutOfWindowCallback	16	static
../Core/Src/main.c:360:7:Screws_Speed_From_FlowRate	24	static
../Core/Src/main.c:366:7:Screws_Speed_From_Time_And_Volume	24	static
../Core/Src/main.c:370:7:Motor_Speed	16	static
../Core/Src/main.c:374:7:Time_Needed	16	static
../Core/Src/main.c:379:6:SyringeMove	32	static
../Core/Src/main.c:391:6:SyringeStop	8	static
../Core/Src/main.c:396:10:map	16	static
../Core/Src/main.c:399:10:position	24	static
../Core/Src/main.c:409:7:calculate_volume_left	32	static
../Core/Src/main.c:424:6:HAL_TIM_PeriodElapsedCallback	16	static
../Core/Src/main.c:441:6:Error_Handler	4	static,ignoring_inline_asm
