../Drivers/CMSIS/Include/core_cm7.h:2660:26:ITM_SendChar	16	static,ignoring_inline_asm
../Core/Src/main.c:83:5:_write	32	static
../Core/Src/main.c:125:5:main	24	static,ignoring_inline_asm
../Core/Src/main.c:205:6:SystemClock_Config	120	static
../Core/Src/main.c:263:6:PeriphCommonClock_Config	200	static
../Core/Src/main.c:287:6:MyFlagInterruptHandler	16	static
../Core/Src/main.c:377:6:HAL_ADC_LevelOutOfWindowCallback	16	static
../Core/Src/main.c:384:7:Screws_Speed_From_FlowRate	24	static
../Core/Src/main.c:390:7:Screws_Speed_From_Time_And_Volume	24	static
../Core/Src/main.c:394:7:Shaft_speed	16	static
../Core/Src/main.c:398:7:Motor_Speed	16	static
../Core/Src/main.c:403:7:Time_Needed	16	static
../Core/Src/main.c:408:6:SyringeMove	32	static
../Core/Src/main.c:421:6:SyringeStop	8	static
../Core/Src/main.c:427:10:map	16	static
../Core/Src/main.c:430:10:position	16	static
../Core/Src/main.c:441:7:calculate_volume_left	32	static
../Core/Src/main.c:457:6:HAL_TIM_PeriodElapsedCallback	16	static
../Core/Src/main.c:474:6:Error_Handler	4	static,ignoring_inline_asm
