../Core/Src/main.c:107:5:main	24	static,ignoring_inline_asm
../Core/Src/main.c:181:6:SystemClock_Config	120	static
../Core/Src/main.c:239:6:PeriphCommonClock_Config	200	static
../Core/Src/main.c:263:6:MyFlagInterruptHandler	16	static
../Core/Src/main.c:353:6:HAL_ADC_LevelOutOfWindowCallback	16	static
../Core/Src/main.c:360:7:Screws_Speed_From_FlowRate	24	static
../Core/Src/main.c:367:7:Screws_Speed_From_Time_And_Volume	24	static
../Core/Src/main.c:371:7:Motor_Speed	16	static
../Core/Src/main.c:375:7:Time_Needed	16	static
../Core/Src/main.c:380:6:SyringeMove	32	static
../Core/Src/main.c:392:6:SyringeStop	8	static
../Core/Src/main.c:397:10:map	16	static
../Core/Src/main.c:400:10:position	24	static
../Core/Src/main.c:410:7:calculate_volume_left	32	static
../Core/Src/main.c:425:6:HAL_TIM_PeriodElapsedCallback	16	static
../Core/Src/main.c:442:6:Error_Handler	4	static,ignoring_inline_asm
