../Drivers/CMSIS/Include/core_cm7.h:2660:26:ITM_SendChar	16	static,ignoring_inline_asm
../Core/Src/main.c:82:5:_write	32	static
../Core/Src/main.c:124:5:main	24	static,ignoring_inline_asm
../Core/Src/main.c:204:6:SystemClock_Config	120	static
../Core/Src/main.c:263:6:PeriphCommonClock_Config	200	static
../Core/Src/main.c:287:6:MyFlagInterruptHandler	16	static
../Core/Src/main.c:368:6:HAL_ADC_LevelOutOfWindowCallback	16	static
../Core/Src/main.c:376:7:Screws_Speed_From_FlowRate	24	static
../Core/Src/main.c:382:7:Screws_Speed_From_Time_And_Volume	24	static
../Core/Src/main.c:386:7:Shaft_speed	16	static
../Core/Src/main.c:390:7:Motor_Speed	16	static
../Core/Src/main.c:395:7:Time_Needed	16	static
../Core/Src/main.c:400:6:SyringeMove	32	static
../Core/Src/main.c:413:6:SyringeStop	8	static
../Core/Src/main.c:420:10:map	16	static
../Core/Src/main.c:423:10:position	16	static
../Core/Src/main.c:434:7:calculate_volume_left	32	static
../Core/Src/main.c:450:6:HAL_TIM_PeriodElapsedCallback	16	static
../Core/Src/main.c:467:6:Error_Handler	8	static,ignoring_inline_asm
