../Core/Src/main.c:112:5:main	24	static,ignoring_inline_asm
../Core/Src/main.c:190:6:SystemClock_Config	120	static
../Core/Src/main.c:248:6:PeriphCommonClock_Config	200	static
../Core/Src/main.c:272:6:MyFlagInterruptHandler	16	static
../Core/Src/main.c:362:6:HAL_ADC_LevelOutOfWindowCallback	16	static
../Core/Src/main.c:369:7:Screws_Speed_From_FlowRate	24	static
../Core/Src/main.c:375:7:Screws_Speed_From_Time_And_Volume	24	static
../Core/Src/main.c:379:7:Shaft_speed	16	static
../Core/Src/main.c:383:7:Motor_Speed	16	static
../Core/Src/main.c:388:7:Time_Needed	16	static
../Core/Src/main.c:393:6:SyringeMove	32	static
../Core/Src/main.c:406:6:SyringeStop	8	static
../Core/Src/main.c:412:10:map	16	static
../Core/Src/main.c:415:10:position	24	static
../Core/Src/main.c:425:7:calculate_volume_left	32	static
../Core/Src/main.c:441:6:HAL_TIM_PeriodElapsedCallback	16	static
../Core/Src/main.c:458:6:Error_Handler	4	static,ignoring_inline_asm
