../Core/Src/main.c:108:5:main	24	static,ignoring_inline_asm
../Core/Src/main.c:183:6:SystemClock_Config	120	static
../Core/Src/main.c:241:6:PeriphCommonClock_Config	200	static
../Core/Src/main.c:265:6:MyFlagInterruptHandler	16	static
../Core/Src/main.c:355:6:HAL_ADC_LevelOutOfWindowCallback	16	static
../Core/Src/main.c:362:7:Screws_Speed_From_FlowRate	24	static
../Core/Src/main.c:368:7:Screws_Speed_From_Time_And_Volume	24	static
../Core/Src/main.c:372:7:Motor_Speed	16	static
../Core/Src/main.c:376:7:Time_Needed	16	static
../Core/Src/main.c:381:6:SyringeMove	32	static
../Core/Src/main.c:393:6:SyringeStop	8	static
../Core/Src/main.c:398:10:map	16	static
../Core/Src/main.c:401:10:position	24	static
../Core/Src/main.c:411:7:calculate_volume_left	32	static
../Core/Src/main.c:426:6:HAL_TIM_PeriodElapsedCallback	16	static
../Core/Src/main.c:443:6:Error_Handler	4	static,ignoring_inline_asm
