../Drivers/CMSIS/Include/core_cm7.h:2660:26:ITM_SendChar	16	static,ignoring_inline_asm
../Core/Src/main.c:81:5:_write	32	static
../Core/Src/main.c:123:5:main	24	static,ignoring_inline_asm
../Core/Src/main.c:201:6:SystemClock_Config	120	static
../Core/Src/main.c:259:6:PeriphCommonClock_Config	200	static
../Core/Src/main.c:283:6:MyFlagInterruptHandler	16	static
../Core/Src/main.c:373:6:HAL_ADC_LevelOutOfWindowCallback	16	static
../Core/Src/main.c:380:7:Screws_Speed_From_FlowRate	24	static
../Core/Src/main.c:386:7:Screws_Speed_From_Time_And_Volume	24	static
../Core/Src/main.c:390:7:Shaft_speed	16	static
../Core/Src/main.c:394:7:Motor_Speed	16	static
../Core/Src/main.c:399:7:Time_Needed	16	static
../Core/Src/main.c:404:6:SyringeMove	32	static
../Core/Src/main.c:417:6:SyringeStop	8	static
../Core/Src/main.c:423:10:map	16	static
../Core/Src/main.c:426:10:position	16	static
../Core/Src/main.c:437:7:calculate_volume_left	32	static
../Core/Src/main.c:453:6:HAL_TIM_PeriodElapsedCallback	16	static
../Core/Src/main.c:470:6:Error_Handler	4	static,ignoring_inline_asm
