../Core/Src/motorcontrol.c:100:20:L6474_GetMotorHandle	4	static
../Core/Src/motorcontrol.c:102:20:Powerstep01_GetMotorHandle	4	static
../Core/Src/motorcontrol.c:104:20:L6206_GetMotorHandle	4	static
../Core/Src/motorcontrol.c:106:20:L6208_GetMotorHandle	4	static
../Core/Src/motorcontrol.c:123:6:BSP_MotorControl_AttachErrorHandler	16	static
../Core/Src/motorcontrol.c:143:6:BSP_MotorControl_AttachFlagInterrupt	16	static
../Core/Src/motorcontrol.c:163:6:BSP_MotorControl_AttachBusyInterrupt	16	static
../Core/Src/motorcontrol.c:180:6:BSP_MotorControl_ErrorHandler	16	static
../Core/Src/motorcontrol.c:200:6:BSP_MotorControl_Init	16	static
../Core/Src/motorcontrol.c:240:6:BSP_MotorControl_FlagInterruptHandler	8	static
../Core/Src/motorcontrol.c:257:10:BSP_MotorControl_GetAcceleration	24	static
../Core/Src/motorcontrol.c:277:10:BSP_MotorControl_GetBoardId	4	static
../Core/Src/motorcontrol.c:289:10:BSP_MotorControl_GetCurrentSpeed	24	static
../Core/Src/motorcontrol.c:309:10:BSP_MotorControl_GetDeceleration	24	static
../Core/Src/motorcontrol.c:332:14:BSP_MotorControl_GetDeviceState	24	static
../Core/Src/motorcontrol.c:352:9:BSP_MotorControl_GetFwVersion	16	static
../Core/Src/motorcontrol.c:373:9:BSP_MotorControl_GetMark	24	static
../Core/Src/motorcontrol.c:396:10:BSP_MotorControl_GetMaxSpeed	24	static
../Core/Src/motorcontrol.c:416:10:BSP_MotorControl_GetMinSpeed	24	static
../Core/Src/motorcontrol.c:437:9:BSP_MotorControl_GetPosition	24	static
../Core/Src/motorcontrol.c:458:6:BSP_MotorControl_GoHome	16	static
../Core/Src/motorcontrol.c:476:6:BSP_MotorControl_GoMark	16	static
../Core/Src/motorcontrol.c:495:6:BSP_MotorControl_GoTo	16	static
../Core/Src/motorcontrol.c:514:6:BSP_MotorControl_HardStop	16	static
../Core/Src/motorcontrol.c:534:6:BSP_MotorControl_Move	16	static
../Core/Src/motorcontrol.c:551:6:BSP_MotorControl_ResetAllDevices	8	static
../Core/Src/motorcontrol.c:574:6:BSP_MotorControl_Run	16	static
../Core/Src/motorcontrol.c:594:6:BSP_MotorControl_SetAcceleration	24	static
../Core/Src/motorcontrol.c:617:6:BSP_MotorControl_SetDeceleration	24	static
../Core/Src/motorcontrol.c:637:6:BSP_MotorControl_SetHome	16	static
../Core/Src/motorcontrol.c:655:6:BSP_MotorControl_SetMark	16	static
../Core/Src/motorcontrol.c:678:6:BSP_MotorControl_SetMaxSpeed	24	static
../Core/Src/motorcontrol.c:701:6:BSP_MotorControl_SetMinSpeed	24	static
../Core/Src/motorcontrol.c:724:6:BSP_MotorControl_SoftStop	24	static
../Core/Src/motorcontrol.c:746:6:BSP_MotorControl_StepClockHandler	16	static
../Core/Src/motorcontrol.c:763:6:BSP_MotorControl_WaitWhileActive	16	static
../Core/Src/motorcontrol.c:793:6:BSP_MotorControl_CmdDisable	16	static
../Core/Src/motorcontrol.c:815:6:BSP_MotorControl_CmdEnable	16	static
../Core/Src/motorcontrol.c:833:10:BSP_MotorControl_CmdGetParam	24	static
../Core/Src/motorcontrol.c:861:10:BSP_MotorControl_CmdGetStatus	24	static
../Core/Src/motorcontrol.c:880:6:BSP_MotorControl_CmdNop	16	static
../Core/Src/motorcontrol.c:899:6:BSP_MotorControl_CmdSetParam	24	static
../Core/Src/motorcontrol.c:920:10:BSP_MotorControl_ReadStatusRegister	24	static
../Core/Src/motorcontrol.c:939:6:BSP_MotorControl_ReleaseReset	8	static
../Core/Src/motorcontrol.c:956:6:BSP_MotorControl_Reset	8	static
../Core/Src/motorcontrol.c:975:6:BSP_MotorControl_SelectStepMode	16	static
../Core/Src/motorcontrol.c:999:6:BSP_MotorControl_SetDirection	16	static
../Core/Src/motorcontrol.c:1019:6:BSP_MotorControl_CmdGoToDir	16	static
../Core/Src/motorcontrol.c:1038:9:BSP_MotorControl_CheckBusyHw	16	static
../Core/Src/motorcontrol.c:1060:9:BSP_MotorControl_CheckStatusHw	16	static
../Core/Src/motorcontrol.c:1082:6:BSP_MotorControl_CmdGoUntil	24	static
../Core/Src/motorcontrol.c:1103:6:BSP_MotorControl_CmdHardHiZ	16	static
../Core/Src/motorcontrol.c:1122:6:BSP_MotorControl_CmdReleaseSw	16	static
../Core/Src/motorcontrol.c:1139:6:BSP_MotorControl_CmdResetDevice	16	static
../Core/Src/motorcontrol.c:1156:6:BSP_MotorControl_CmdResetPos	16	static
../Core/Src/motorcontrol.c:1175:6:BSP_MotorControl_CmdRun	16	static
../Core/Src/motorcontrol.c:1192:6:BSP_MotorControl_CmdSoftHiZ	16	static
../Core/Src/motorcontrol.c:1210:6:BSP_MotorControl_CmdStepClock	16	static
../Core/Src/motorcontrol.c:1233:6:BSP_MotorControl_FetchAndClearAllStatus	8	static
../Core/Src/motorcontrol.c:1253:10:BSP_MotorControl_GetFetchedStatus	24	static
../Core/Src/motorcontrol.c:1272:9:BSP_MotorControl_GetNbDevices	16	static
../Core/Src/motorcontrol.c:1292:6:BSP_MotorControl_IsDeviceBusy	24	static
../Core/Src/motorcontrol.c:1312:6:BSP_MotorControl_SendQueuedCommands	8	static
../Core/Src/motorcontrol.c:1338:6:BSP_MotorControl_QueueCommands	16	static
../Core/Src/motorcontrol.c:1355:6:BSP_MotorControl_WaitForAllDevicesNotBusy	8	static
../Core/Src/motorcontrol.c:1372:6:BSP_MotorControl_BusyInterruptHandler	8	static
../Core/Src/motorcontrol.c:1389:6:BSP_MotorControl_CmdSoftStop	16	static
../Core/Src/motorcontrol.c:1407:6:BSP_MotorControl_StartStepClock	16	static
../Core/Src/motorcontrol.c:1424:6:BSP_MotorControl_StopStepClock	8	static
../Core/Src/motorcontrol.c:1442:6:BSP_MotorControl_SetDualFullBridgeConfig	16	static
../Core/Src/motorcontrol.c:1460:10:BSP_MotorControl_GetBridgeInputPwmFreq	24	static
../Core/Src/motorcontrol.c:1482:6:BSP_MotorControl_SetBridgeInputPwmFreq	16	static
../Core/Src/motorcontrol.c:1503:6:BSP_MotorControl_SetStopMode	16	static
../Core/Src/motorcontrol.c:1521:17:BSP_MotorControl_GetStopMode	24	static
../Core/Src/motorcontrol.c:1543:6:BSP_MotorControl_SetDecayMode	16	static
../Core/Src/motorcontrol.c:1561:18:BSP_MotorControl_GetDecayMode	24	static
../Core/Src/motorcontrol.c:1582:17:BSP_MotorControl_GetStepMode	24	static
../Core/Src/motorcontrol.c:1603:12:BSP_MotorControl_GetDirection	24	static
