../Core/Src/TS_I2C.c:8:6:delay_us	24	static
../Core/Src/TS_I2C.c:20:6:I2C_Init	8	static
../Core/Src/TS_I2C.c:33:6:SDA_IN	8	static
../Core/Src/TS_I2C.c:43:6:SDA_OUT	8	static
../Core/Src/TS_I2C.c:53:6:I2C_Start	8	static
../Core/Src/TS_I2C.c:69:6:I2C_Stop	8	static
../Core/Src/TS_I2C.c:85:9:I2C_Wait_Ack	16	static
../Core/Src/TS_I2C.c:111:6:I2C_Ack	8	static
../Core/Src/TS_I2C.c:127:6:I2C_NAck	8	static
../Core/Src/TS_I2C.c:143:6:I2C_Send_Byte	24	static
../Core/Src/TS_I2C.c:168:9:I2C_Read_Byte	24	static
../Core/Src/TS_I2C.c:199:9:I2C_WriteReg	24	static
../Core/Src/TS_I2C.c:231:6:I2C_ReadReg	32	static
