TypedTextDatabase.cpp:578:43:const touchgfx::TypedText::TypedTextData* TypedTextDatabase::getInstance(touchgfx::LanguageId)	16	static
TypedTextDatabase.cpp:583:10:uint16_t TypedTextDatabase::getInstanceSize()	4	static
TypedTextDatabase.cpp:588:24:const touchgfx::Font** TypedTextDatabase::getFonts()	4	static
TypedTextDatabase.cpp:593:23:const touchgfx::Font* TypedTextDatabase::setFont(touchgfx::FontId, const touchgfx::Font*)	24	static
TypedTextDatabase.cpp:600:6:void TypedTextDatabase::resetFont(touchgfx::FontId)	16	static
TypedTextDatabase.cpp:642:1:void __static_initialization_and_destruction_0(int, int)	16	static
TypedTextDatabase.cpp:642:1:cpp)	8	static
