../Middlewares/ST/touchgfx/framework/include/mvp/Presenter.hpp:37:18:virtual void touchgfx::Presenter::activate()	16	static
../Middlewares/ST/touchgfx/framework/include/mvp/Presenter.hpp:47:18:virtual void touchgfx::Presenter::deactivate()	16	static
../Middlewares/ST/touchgfx/framework/include/mvp/Presenter.hpp:52:13:touchgfx::Presenter::~Presenter()	16	static
../Middlewares/ST/touchgfx/framework/include/mvp/Presenter.hpp:52:13:virtual touchgfx::Presenter::~Presenter()	16	static
../Middlewares/ST/touchgfx/framework/include/mvp/Presenter.hpp:58:5:touchgfx::Presenter::Presenter()	16	static
d:\stm32cubeide_1.6.1\stm32cubeide\plugins\com.st.stm32cube.ide.mcu.externaltools.gnu-tools-for-stm32.10.3-2021.10.win32_1.0.0.202111181127\tools\bin\../lib/gcc/arm-none-eabi/10.3.1/../../../../arm-none-eabi/include/c++/10.3.1/arm-none-eabi/thumb/v7e-m+dp/hard/bits/gthr-default.h:229:1:int __gthread_key_delete(__gthread_key_t)	16	static
../TouchGFX/gui/include/gui/model/ModelListener.hpp:9:5:ModelListener::ModelListener()	16	static
../TouchGFX/gui/include/gui/model/ModelListener.hpp:11:13:ModelListener::~ModelListener()	16	static
../TouchGFX/gui/include/gui/model/ModelListener.hpp:11:13:virtual ModelListener::~ModelListener()	16	static
../TouchGFX/gui/include/gui/model/ModelListener.hpp:13:18:virtual void ModelListener::AlarmOrEvent()	16	static
../TouchGFX/gui/include/gui/model/ModelListener.hpp:15:18:virtual void ModelListener::batteryUpdated()	16	static
../TouchGFX/gui/include/gui/model/ModelListener.hpp:17:18:virtual void ModelListener::currentTimeUpdated()	16	static
../TouchGFX/gui/include/gui/model/ModelListener.hpp:19:18:virtual void ModelListener::syringeUpdated()	16	static
../TouchGFX/gui/include/gui/model/ModelListener.hpp:21:18:virtual void ModelListener::motorStatusUpdated()	16	static
../TouchGFX/gui/include/gui/patientdatabase_screen/PatientDatabasePresenter.hpp:28:13:PatientDatabasePresenter::~PatientDatabasePresenter()	16	static
../TouchGFX/gui/include/gui/patientdatabase_screen/PatientDatabasePresenter.hpp:28:13:virtual PatientDatabasePresenter::~PatientDatabasePresenter()	16	static
../TouchGFX/gui/src/patientdatabase_screen/PatientDatabasePresenter.cpp:4:1:PatientDatabasePresenter::PatientDatabasePresenter(PatientDatabaseView&)	16	static
../TouchGFX/gui/src/patientdatabase_screen/PatientDatabasePresenter.cpp:10:6:virtual void PatientDatabasePresenter::activate()	16	static
../TouchGFX/gui/src/patientdatabase_screen/PatientDatabasePresenter.cpp:15:6:virtual void PatientDatabasePresenter::deactivate()	16	static
../TouchGFX/gui/src/patientdatabase_screen/PatientDatabasePresenter.cpp:20:6:virtual void PatientDatabasePresenter::AlarmOrEvent()	16	static
../TouchGFX/gui/src/patientdatabase_screen/PatientDatabasePresenter.cpp:25:9:uint8_t PatientDatabasePresenter::getDisplayMode()	16	static
../TouchGFX/gui/src/patientdatabase_screen/PatientDatabasePresenter.cpp:30:6:void PatientDatabasePresenter::RequestPatientSearch(char*)	16	static
../TouchGFX/gui/src/patientdatabase_screen/PatientDatabasePresenter.cpp:35:9:uint8_t PatientDatabasePresenter::getPatientDataRequestState()	16	static
../TouchGFX/gui/src/patientdatabase_screen/PatientDatabasePresenter.cpp:40:15:Patient_dataT PatientDatabasePresenter::getPatient()	16	static
../TouchGFX/gui/src/patientdatabase_screen/PatientDatabasePresenter.cpp:45:6:void PatientDatabasePresenter::savePatientName(char*)	16	static
