../Middlewares/ST/touchgfx/framework/include/touchgfx/hal/Types.hpp:127:5:touchgfx::Rect::Rect()	16	static
../Middlewares/ST/touchgfx/framework/include/touchgfx/hal/Types.hpp:140:5:touchgfx::Rect::Rect(int16_t, int16_t, int16_t, int16_t)	24	static
../Middlewares/ST/touchgfx/framework/include/touchgfx/events/ClickEvent.hpp:113:20:touchgfx::ClickEvent::ClickEventType touchgfx::ClickEvent::getType() const	16	static
../Middlewares/ST/touchgfx/framework/include/touchgfx/Drawable.hpp:62:13:touchgfx::Drawable::~Drawable()	16	static
../Middlewares/ST/touchgfx/framework/include/touchgfx/Drawable.hpp:62:13:virtual touchgfx::Drawable::~Drawable()	16	static
../Middlewares/ST/touchgfx/framework/include/touchgfx/Drawable.hpp:121:18:virtual void touchgfx::Drawable::invalidateContent() const	16	static
../Middlewares/ST/touchgfx/framework/include/touchgfx/Drawable.hpp:147:23:virtual touchgfx::Drawable* touchgfx::Drawable::getFirstChild()	16	static
../Middlewares/ST/touchgfx/framework/include/touchgfx/Drawable.hpp:293:13:int16_t touchgfx::Drawable::getWidth() const	16	static
../Middlewares/ST/touchgfx/framework/include/touchgfx/Drawable.hpp:303:13:int16_t touchgfx::Drawable::getHeight() const	16	static
../Middlewares/ST/touchgfx/framework/include/touchgfx/Drawable.hpp:315:18:virtual void touchgfx::Drawable::setX(int16_t)	16	static
../Middlewares/ST/touchgfx/framework/include/touchgfx/Drawable.hpp:327:18:virtual void touchgfx::Drawable::setY(int16_t)	16	static
../Middlewares/ST/touchgfx/framework/include/touchgfx/Drawable.hpp:343:10:void touchgfx::Drawable::setXY(int16_t, int16_t)	16	static
../Middlewares/ST/touchgfx/framework/include/touchgfx/Drawable.hpp:356:18:virtual void touchgfx::Drawable::setWidth(int16_t)	16	static
../Middlewares/ST/touchgfx/framework/include/touchgfx/Drawable.hpp:368:18:virtual void touchgfx::Drawable::setHeight(int16_t)	16	static
../Middlewares/ST/touchgfx/framework/include/touchgfx/Drawable.hpp:378:18:virtual void touchgfx::Drawable::childGeometryChanged()	16	static
../Middlewares/ST/touchgfx/framework/include/touchgfx/Drawable.hpp:389:18:virtual void touchgfx::Drawable::handleClickEvent(const touchgfx::ClickEvent&)	16	static
../Middlewares/ST/touchgfx/framework/include/touchgfx/Drawable.hpp:400:18:virtual void touchgfx::Drawable::handleGestureEvent(const touchgfx::GestureEvent&)	16	static
../Middlewares/ST/touchgfx/framework/include/touchgfx/Drawable.hpp:488:18:virtual void touchgfx::Drawable::handleDragEvent(const touchgfx::DragEvent&)	16	static
../Middlewares/ST/touchgfx/framework/include/touchgfx/Drawable.hpp:498:18:virtual void touchgfx::Drawable::handleTickEvent()	16	static
../Middlewares/ST/touchgfx/framework/include/touchgfx/Drawable.hpp:512:10:void touchgfx::Drawable::setVisible(bool)	16	static
../Middlewares/ST/touchgfx/framework/include/touchgfx/Drawable.hpp:522:10:void touchgfx::Drawable::setTouchable(bool)	16	static
../Middlewares/ST/touchgfx/framework/include/touchgfx/Drawable.hpp:534:10:bool touchgfx::Drawable::isVisible() const	16	static
../Middlewares/ST/touchgfx/framework/include/touchgfx/Drawable.hpp:546:10:bool touchgfx::Drawable::isTouchable() const	16	static
../Middlewares/ST/touchgfx/framework/include/touchgfx/Drawable.hpp:585:18:virtual void touchgfx::Drawable::moveTo(int16_t, int16_t)	16	static
../Middlewares/ST/touchgfx/framework/include/touchgfx/Drawable.hpp:622:10:void touchgfx::Drawable::resetDrawChainCache()	16	static
../Middlewares/ST/touchgfx/framework/include/touchgfx/Drawable.hpp:700:18:virtual void touchgfx::Drawable::setupDrawChain(const touchgfx::Rect&, touchgfx::Drawable**)	24	static
../Middlewares/ST/touchgfx/framework/include/touchgfx/containers/Container.hpp:165:23:virtual touchgfx::Drawable* touchgfx::Container::getFirstChild()	16	static
../Middlewares/ST/touchgfx/framework/include/touchgfx/Screen.hpp:46:13:touchgfx::Screen::~Screen()	16	static
../Middlewares/ST/touchgfx/framework/include/touchgfx/Screen.hpp:46:13:virtual touchgfx::Screen::~Screen()	16	static
../Middlewares/ST/touchgfx/framework/include/touchgfx/Screen.hpp:93:18:virtual void touchgfx::Screen::setupScreen()	16	static
../Middlewares/ST/touchgfx/framework/include/touchgfx/Screen.hpp:104:18:virtual void touchgfx::Screen::afterTransition()	16	static
../Middlewares/ST/touchgfx/framework/include/touchgfx/Screen.hpp:115:18:virtual void touchgfx::Screen::tearDownScreen()	16	static
../Middlewares/ST/touchgfx/framework/include/touchgfx/Screen.hpp:144:18:virtual void touchgfx::Screen::handleTickEvent()	16	static
../Middlewares/ST/touchgfx/framework/include/touchgfx/Screen.hpp:154:18:virtual void touchgfx::Screen::handleKeyEvent(uint8_t)	16	static
../TouchGFX/gui/include/gui/keyboardnb_screen/KeyboardNBPresenter.hpp:29:13:uint8_t KeyboardNBPresenter::GetdisplayMode()	16	static
../TouchGFX/gui/include/gui/keyboardnb_screen/KeyboardNBPresenter.hpp:38:13:int16_t KeyboardNBPresenter::getinputdestinsation()	16	static
../TouchGFX/gui/include/gui/keyboardnb_screen/KeyboardNBPresenter.hpp:43:10:void KeyboardNBPresenter::saverate(ps_float)	24	static
../TouchGFX/gui/include/gui/keyboardnb_screen/KeyboardNBPresenter.hpp:52:10:void KeyboardNBPresenter::savevolume(ps_float)	24	static
../TouchGFX/gui/include/gui/keyboardnb_screen/KeyboardNBPresenter.hpp:61:10:void KeyboardNBPresenter::saveoclusionHigh(int16_t)	16	static
../TouchGFX/gui/include/gui/keyboardnb_screen/KeyboardNBPresenter.hpp:65:13:int16_t KeyboardNBPresenter::getoclusionHigh()	16	static
../TouchGFX/gui/include/gui/keyboardnb_screen/KeyboardNBPresenter.hpp:69:10:void KeyboardNBPresenter::saveoclusionMedium(int16_t)	16	static
../TouchGFX/gui/include/gui/keyboardnb_screen/KeyboardNBPresenter.hpp:73:13:int16_t KeyboardNBPresenter::getoclusionMedium()	16	static
../TouchGFX/gui/include/gui/keyboardnb_screen/KeyboardNBPresenter.hpp:77:10:void KeyboardNBPresenter::saveoclusionLow(int16_t)	16	static
../TouchGFX/gui/include/gui/keyboardnb_screen/KeyboardNBPresenter.hpp:81:13:int16_t KeyboardNBPresenter::getoclusionLow()	16	static
../TouchGFX/gui/include/gui/keyboardnb_screen/KeyboardNBPresenter.hpp:86:10:void KeyboardNBPresenter::saveKVO(ps_float)	24	static
../TouchGFX/gui/include/gui/keyboardnb_screen/KeyboardNBPresenter.hpp:91:10:void KeyboardNBPresenter::savebolus(ps_float)	24	static
../TouchGFX/gui/include/gui/keyboardnb_screen/KeyboardNBPresenter.hpp:96:10:void KeyboardNBPresenter::saveposition(uint32_t)	16	static
../TouchGFX/gui/include/gui/keyboardnb_screen/KeyboardNBPresenter.hpp:101:10:void KeyboardNBPresenter::savediameter(uint16_t)	16	static
../TouchGFX/gui/include/gui/keyboardnb_screen/KeyboardNBPresenter.hpp:106:10:void KeyboardNBPresenter::savedinfusionvolume(ps_float)	24	static
../Middlewares/ST/touchgfx/framework/include/touchgfx/widgets/Widget.hpp:47:18:virtual void touchgfx::Widget::getLastChild(int16_t, int16_t, touchgfx::Drawable**)	24	static
../Middlewares/ST/touchgfx/framework/include/touchgfx/widgets/Widget.hpp:36:7:touchgfx::Widget::~Widget()	16	static
../Middlewares/ST/touchgfx/framework/include/touchgfx/widgets/Widget.hpp:36:7:virtual touchgfx::Widget::~Widget()	16	static
../Middlewares/ST/touchgfx/framework/include/touchgfx/widgets/Box.hpp:63:10:void touchgfx::Box::setColor(touchgfx::colortype)	16	static
../Middlewares/ST/touchgfx/framework/include/touchgfx/widgets/Box.hpp:83:10:void touchgfx::Box::setAlpha(uint8_t)	16	static
../Middlewares/ST/touchgfx/framework/include/touchgfx/widgets/Image.hpp:76:10:void touchgfx::Image::setAlpha(uint8_t)	16	static
../Middlewares/ST/touchgfx/framework/include/touchgfx/containers/Container.hpp:40:7:touchgfx::Container::~Container()	16	static
../Middlewares/ST/touchgfx/framework/include/touchgfx/containers/Container.hpp:40:7:virtual touchgfx::Container::~Container()	16	static
../Middlewares/ST/touchgfx/framework/include/touchgfx/containers/buttons/AbstractButtonContainer.hpp:51:10:void touchgfx::AbstractButtonContainer::setPressed(bool)	16	static
../Middlewares/ST/touchgfx/framework/include/touchgfx/containers/buttons/AbstractButtonContainer.hpp:64:10:bool touchgfx::AbstractButtonContainer::getPressed()	16	static
../Middlewares/ST/touchgfx/framework/include/touchgfx/containers/buttons/AbstractButtonContainer.hpp:77:13:uint8_t touchgfx::AbstractButtonContainer::getAlpha() const	16	static
../Middlewares/ST/touchgfx/framework/include/touchgfx/containers/buttons/AbstractButtonContainer.hpp:99:18:virtual void touchgfx::AbstractButtonContainer::executeAction()	16	static
../Middlewares/ST/touchgfx/framework/include/touchgfx/containers/buttons/AbstractButtonContainer.hpp:114:18:virtual void touchgfx::AbstractButtonContainer::handlePressedUpdated()	16	static
../Middlewares/ST/touchgfx/framework/include/touchgfx/containers/buttons/AbstractButtonContainer.hpp:119:18:virtual void touchgfx::AbstractButtonContainer::handleAlphaUpdated()	16	static
../Middlewares/ST/touchgfx/framework/include/touchgfx/widgets/Image.hpp:38:7:touchgfx::Image::~Image()	16	static
../Middlewares/ST/touchgfx/framework/include/touchgfx/widgets/Image.hpp:38:7:virtual touchgfx::Image::~Image()	16	static
../Middlewares/ST/touchgfx/framework/include/touchgfx/widgets/Box.hpp:29:7:touchgfx::Box::~Box()	16	static
../Middlewares/ST/touchgfx/framework/include/touchgfx/widgets/Box.hpp:29:7:virtual touchgfx::Box::~Box()	16	static
../Middlewares/ST/touchgfx/framework/include/touchgfx/widgets/BoxWithBorder.hpp:62:10:void touchgfx::BoxWithBorder::setBorderColor(touchgfx::colortype)	16	static
../Middlewares/ST/touchgfx/framework/include/touchgfx/containers/buttons/ClickButtonTrigger.hpp:47:18:virtual void touchgfx::ClickButtonTrigger::handleClickEvent(const touchgfx::ClickEvent&)	24	static
../Middlewares/ST/touchgfx/framework/include/touchgfx/containers/buttons/AbstractButtonContainer.hpp:34:7:touchgfx::AbstractButtonContainer::~AbstractButtonContainer()	16	static
../Middlewares/ST/touchgfx/framework/include/touchgfx/containers/buttons/AbstractButtonContainer.hpp:34:7:virtual touchgfx::AbstractButtonContainer::~AbstractButtonContainer()	16	static
../Middlewares/ST/touchgfx/framework/include/touchgfx/TypedText.hpp:65:13:touchgfx::TypedText::~TypedText()	16	static
../Middlewares/ST/touchgfx/framework/include/touchgfx/TypedText.hpp:65:13:virtual touchgfx::TypedText::~TypedText()	16	static
../Middlewares/ST/touchgfx/framework/include/touchgfx/widgets/TextArea.hpp:48:18:virtual void touchgfx::TextArea::setWidth(int16_t)	40	static
../Middlewares/ST/touchgfx/framework/include/touchgfx/widgets/TextArea.hpp:54:18:virtual void touchgfx::TextArea::setHeight(int16_t)	40	static
../Middlewares/ST/touchgfx/framework/include/touchgfx/widgets/TextArea.hpp:60:18:virtual touchgfx::Rect touchgfx::TextArea::getSolidRect() const	16	static
../Middlewares/ST/touchgfx/framework/include/touchgfx/widgets/TextArea.hpp:89:18:virtual void touchgfx::TextArea::setAlpha(uint8_t)	16	static
../Middlewares/ST/touchgfx/framework/include/touchgfx/widgets/TextArea.hpp:111:18:virtual void touchgfx::TextArea::setBaselineY(int16_t)	48	static
../Middlewares/ST/touchgfx/framework/include/touchgfx/widgets/TextArea.hpp:127:18:virtual void touchgfx::TextArea::setXBaselineY(int16_t, int16_t)	16	static
../Middlewares/ST/touchgfx/framework/include/touchgfx/TypedText.hpp:41:7:constexpr touchgfx::TypedText::TypedText(const touchgfx::TypedText&)	16	static
../Middlewares/ST/touchgfx/framework/include/touchgfx/widgets/TextArea.hpp:246:15:touchgfx::TypedText touchgfx::TextArea::getTypedText() const	16	static
../Middlewares/ST/touchgfx/framework/include/touchgfx/widgets/TextArea.hpp:403:41:virtual const UnicodeChar* touchgfx::TextArea::getWildcard2() const	16	static
../Middlewares/ST/touchgfx/framework/include/touchgfx/widgets/TextArea.hpp:429:9:touchgfx::TextArea::BoundingArea::BoundingArea()	24	static
../Middlewares/ST/touchgfx/framework/include/touchgfx/widgets/TextArea.hpp:40:7:touchgfx::TextArea::~TextArea()	16	static
../Middlewares/ST/touchgfx/framework/include/touchgfx/widgets/TextArea.hpp:40:7:virtual touchgfx::TextArea::~TextArea()	16	static
../Middlewares/ST/touchgfx/framework/include/touchgfx/widgets/TextAreaWithWildcard.hpp:46:36:virtual touchgfx::TextArea::BoundingArea touchgfx::TextAreaWithWildcardBase::calculateBoundingArea() const	16	static
../Middlewares/ST/touchgfx/framework/include/touchgfx/widgets/TextAreaWithWildcard.hpp:33:7:touchgfx::TextAreaWithWildcardBase::~TextAreaWithWildcardBase()	16	static
../Middlewares/ST/touchgfx/framework/include/touchgfx/widgets/TextAreaWithWildcard.hpp:33:7:virtual touchgfx::TextAreaWithWildcardBase::~TextAreaWithWildcardBase()	16	static
../Middlewares/ST/touchgfx/framework/include/touchgfx/widgets/TextAreaWithWildcard.hpp:81:41:virtual const UnicodeChar* touchgfx::TextAreaWithOneWildcard::getWildcard1() const	16	static
../Middlewares/ST/touchgfx/framework/include/touchgfx/widgets/AbstractButton.hpp:32:7:touchgfx::AbstractButton::~AbstractButton()	16	static
../Middlewares/ST/touchgfx/framework/include/touchgfx/widgets/AbstractButton.hpp:32:7:virtual touchgfx::AbstractButton::~AbstractButton()	16	static
../Middlewares/ST/touchgfx/framework/include/mvp/View.hpp:36:7:touchgfx::View<KeyboardNBPresenter>::~View()	16	static
../Middlewares/ST/touchgfx/framework/include/mvp/View.hpp:36:7:virtual touchgfx::View<KeyboardNBPresenter>::~View()	16	static
../TouchGFX/generated/gui_generated/include/gui_generated/keyboardnb_screen/KeyboardNBViewBase.hpp:24:13:KeyboardNBViewBase::~KeyboardNBViewBase()	16	static
../TouchGFX/generated/gui_generated/include/gui_generated/keyboardnb_screen/KeyboardNBViewBase.hpp:24:13:virtual KeyboardNBViewBase::~KeyboardNBViewBase()	16	static
d:\stm32cubeide_1.6.1\stm32cubeide\plugins\com.st.stm32cube.ide.mcu.externaltools.gnu-tools-for-stm32.10.3-2021.10.win32_1.0.0.202111181127\tools\bin\../lib/gcc/arm-none-eabi/10.3.1/../../../../arm-none-eabi/include/c++/10.3.1/arm-none-eabi/thumb/v7e-m+dp/hard/bits/gthr-default.h:229:1:int __gthread_key_delete(__gthread_key_t)	16	static
../TouchGFX/gui/include/gui/keyboardnb_screen/KeyboardNBView.hpp:13:13:KeyboardNBView::~KeyboardNBView()	16	static
../TouchGFX/gui/include/gui/keyboardnb_screen/KeyboardNBView.hpp:13:13:virtual KeyboardNBView::~KeyboardNBView()	16	static
../TouchGFX/gui/src/keyboardnb_screen/KeyboardNbView.cpp:4:1:KeyboardNBView::KeyboardNBView()	16	static
../TouchGFX/gui/src/keyboardnb_screen/KeyboardNbView.cpp:10:6:virtual void KeyboardNBView::setupScreen()	16	static
../TouchGFX/gui/src/keyboardnb_screen/KeyboardNbView.cpp:20:6:virtual void KeyboardNBView::tearDownScreen()	16	static
../TouchGFX/gui/src/keyboardnb_screen/KeyboardNbView.cpp:25:6:virtual void KeyboardNBView::write0()	16	static
../TouchGFX/gui/src/keyboardnb_screen/KeyboardNbView.cpp:32:6:virtual void KeyboardNBView::write1()	16	static
../TouchGFX/gui/src/keyboardnb_screen/KeyboardNbView.cpp:37:6:virtual void KeyboardNBView::write2()	16	static
../TouchGFX/gui/src/keyboardnb_screen/KeyboardNbView.cpp:43:6:virtual void KeyboardNBView::write3()	16	static
../TouchGFX/gui/src/keyboardnb_screen/KeyboardNbView.cpp:48:6:virtual void KeyboardNBView::write4()	16	static
../TouchGFX/gui/src/keyboardnb_screen/KeyboardNbView.cpp:53:6:virtual void KeyboardNBView::write5()	16	static
../TouchGFX/gui/src/keyboardnb_screen/KeyboardNbView.cpp:58:6:virtual void KeyboardNBView::write6()	16	static
../TouchGFX/gui/src/keyboardnb_screen/KeyboardNbView.cpp:63:6:virtual void KeyboardNBView::write7()	16	static
../TouchGFX/gui/src/keyboardnb_screen/KeyboardNbView.cpp:68:6:virtual void KeyboardNBView::write8()	16	static
../TouchGFX/gui/src/keyboardnb_screen/KeyboardNbView.cpp:73:6:virtual void KeyboardNBView::write9()	16	static
../TouchGFX/gui/src/keyboardnb_screen/KeyboardNbView.cpp:78:6:virtual void KeyboardNBView::writecomma()	16	static
../TouchGFX/gui/src/keyboardnb_screen/KeyboardNbView.cpp:83:6:void KeyboardNBView::writetoscreen(char)	16	static
../TouchGFX/gui/src/keyboardnb_screen/KeyboardNbView.cpp:117:6:virtual void KeyboardNBView::IT_ERASE()	16	static
../TouchGFX/gui/src/keyboardnb_screen/KeyboardNbView.cpp:128:6:void KeyboardNBView::showpopup()	16	static
../TouchGFX/gui/src/keyboardnb_screen/KeyboardNbView.cpp:135:6:virtual void KeyboardNBView::closepopup()	16	static
../TouchGFX/gui/src/keyboardnb_screen/KeyboardNbView.cpp:143:6:virtual void KeyboardNBView::savedata()	56	static
../TouchGFX/gui/src/keyboardnb_screen/KeyboardNbView.cpp:228:6:void KeyboardNBView::SetupDisplayMode()	16	static
../TouchGFX/gui/src/keyboardnb_screen/KeyboardNbView.cpp:250:6:virtual void KeyboardNBView::AlarmOrEvent()	16	static
../Middlewares/ST/touchgfx/framework/include/touchgfx/widgets/TextAreaWithWildcard.hpp:59:7:touchgfx::TextAreaWithOneWildcard::~TextAreaWithOneWildcard()	16	static
../Middlewares/ST/touchgfx/framework/include/touchgfx/widgets/TextAreaWithWildcard.hpp:59:7:virtual touchgfx::TextAreaWithOneWildcard::~TextAreaWithOneWildcard()	16	static
../Middlewares/ST/touchgfx/framework/include/touchgfx/widgets/ScalableImage.hpp:35:7:touchgfx::ScalableImage::~ScalableImage()	16	static
../Middlewares/ST/touchgfx/framework/include/touchgfx/widgets/ScalableImage.hpp:35:7:virtual touchgfx::ScalableImage::~ScalableImage()	16	static
../Middlewares/ST/touchgfx/framework/include/touchgfx/containers/buttons/ClickButtonTrigger.hpp:35:7:touchgfx::ClickButtonTrigger::~ClickButtonTrigger()	16	static
../Middlewares/ST/touchgfx/framework/include/touchgfx/containers/buttons/ClickButtonTrigger.hpp:35:7:virtual touchgfx::ClickButtonTrigger::~ClickButtonTrigger()	16	static
../Middlewares/ST/touchgfx/framework/include/touchgfx/containers/buttons/IconButtonStyle.hpp:44:7:touchgfx::IconButtonStyle<touchgfx::ClickButtonTrigger>::~IconButtonStyle()	16	static
../Middlewares/ST/touchgfx/framework/include/touchgfx/containers/buttons/IconButtonStyle.hpp:44:7:virtual touchgfx::IconButtonStyle<touchgfx::ClickButtonTrigger>::~IconButtonStyle()	16	static
../Middlewares/ST/touchgfx/framework/include/touchgfx/containers/buttons/TextButtonStyle.hpp:43:7:touchgfx::TextButtonStyle<touchgfx::IconButtonStyle<touchgfx::ClickButtonTrigger> >::~TextButtonStyle()	16	static
../Middlewares/ST/touchgfx/framework/include/touchgfx/containers/buttons/TextButtonStyle.hpp:43:7:virtual touchgfx::TextButtonStyle<touchgfx::IconButtonStyle<touchgfx::ClickButtonTrigger> >::~TextButtonStyle()	16	static
../Middlewares/ST/touchgfx/framework/include/touchgfx/widgets/BoxWithBorder.hpp:31:7:touchgfx::BoxWithBorder::~BoxWithBorder()	16	static
../Middlewares/ST/touchgfx/framework/include/touchgfx/widgets/BoxWithBorder.hpp:31:7:virtual touchgfx::BoxWithBorder::~BoxWithBorder()	16	static
../Middlewares/ST/touchgfx/framework/include/touchgfx/containers/buttons/BoxWithBorderButtonStyle.hpp:41:7:touchgfx::BoxWithBorderButtonStyle<touchgfx::ClickButtonTrigger>::~BoxWithBorderButtonStyle()	16	static
../Middlewares/ST/touchgfx/framework/include/touchgfx/containers/buttons/BoxWithBorderButtonStyle.hpp:41:7:virtual touchgfx::BoxWithBorderButtonStyle<touchgfx::ClickButtonTrigger>::~BoxWithBorderButtonStyle()	16	static
../Middlewares/ST/touchgfx/framework/include/touchgfx/containers/buttons/TextButtonStyle.hpp:43:7:touchgfx::TextButtonStyle<touchgfx::BoxWithBorderButtonStyle<touchgfx::ClickButtonTrigger> >::~TextButtonStyle()	16	static
../Middlewares/ST/touchgfx/framework/include/touchgfx/containers/buttons/TextButtonStyle.hpp:43:7:virtual touchgfx::TextButtonStyle<touchgfx::BoxWithBorderButtonStyle<touchgfx::ClickButtonTrigger> >::~TextButtonStyle()	16	static
../Middlewares/ST/touchgfx/framework/include/touchgfx/containers/ModalWindow.hpp:47:7:touchgfx::ModalWindow::~ModalWindow()	16	static
../Middlewares/ST/touchgfx/framework/include/touchgfx/containers/ModalWindow.hpp:47:7:virtual touchgfx::ModalWindow::~ModalWindow()	16	static
../Middlewares/ST/touchgfx/framework/include/touchgfx/widgets/Button.hpp:31:7:touchgfx::Button::~Button()	16	static
../Middlewares/ST/touchgfx/framework/include/touchgfx/widgets/Button.hpp:31:7:virtual touchgfx::Button::~Button()	16	static
../Middlewares/ST/touchgfx/framework/include/touchgfx/widgets/ButtonWithIcon.hpp:35:7:touchgfx::ButtonWithIcon::~ButtonWithIcon()	16	static
../Middlewares/ST/touchgfx/framework/include/touchgfx/widgets/ButtonWithIcon.hpp:35:7:virtual touchgfx::ButtonWithIcon::~ButtonWithIcon()	16	static
../Middlewares/ST/touchgfx/framework/include/touchgfx/Callback.hpp:357:8:touchgfx::Callback<KeyboardNBViewBase, const touchgfx::AbstractButton&>::~Callback()	16	static
../Middlewares/ST/touchgfx/framework/include/touchgfx/Callback.hpp:357:8:virtual touchgfx::Callback<KeyboardNBViewBase, const touchgfx::AbstractButton&>::~Callback()	16	static
../Middlewares/ST/touchgfx/framework/include/touchgfx/Callback.hpp:357:8:touchgfx::Callback<KeyboardNBViewBase, const touchgfx::AbstractButtonContainer&>::~Callback()	16	static
../Middlewares/ST/touchgfx/framework/include/touchgfx/Callback.hpp:357:8:virtual touchgfx::Callback<KeyboardNBViewBase, const touchgfx::AbstractButtonContainer&>::~Callback()	16	static
../Middlewares/ST/touchgfx/framework/include/touchgfx/Callback.hpp:138:13:touchgfx::GenericCallback<T1, void, void>::~GenericCallback() [with T1 = const touchgfx::AbstractButton&]	16	static
../Middlewares/ST/touchgfx/framework/include/touchgfx/Callback.hpp:138:13:touchgfx::GenericCallback<T1, void, void>::~GenericCallback() [with T1 = const touchgfx::AbstractButton&]	16	static
../Middlewares/ST/touchgfx/framework/include/touchgfx/Callback.hpp:138:13:touchgfx::GenericCallback<T1, void, void>::~GenericCallback() [with T1 = const touchgfx::AbstractButtonContainer&]	16	static
../Middlewares/ST/touchgfx/framework/include/touchgfx/Callback.hpp:138:13:touchgfx::GenericCallback<T1, void, void>::~GenericCallback() [with T1 = const touchgfx::AbstractButtonContainer&]	16	static
../Middlewares/ST/touchgfx/framework/include/touchgfx/containers/buttons/TextButtonStyle.hpp:138:18:void touchgfx::TextButtonStyle<T>::handlePressedUpdated() [with T = touchgfx::IconButtonStyle<touchgfx::ClickButtonTrigger>]	32	static
../Middlewares/ST/touchgfx/framework/include/touchgfx/containers/buttons/TextButtonStyle.hpp:145:18:void touchgfx::TextButtonStyle<T>::handleAlphaUpdated() [with T = touchgfx::IconButtonStyle<touchgfx::ClickButtonTrigger>]	24	static
../Middlewares/ST/touchgfx/framework/include/touchgfx/containers/buttons/IconButtonStyle.hpp:59:18:void touchgfx::IconButtonStyle<T>::setIconBitmaps(const touchgfx::Bitmap&, const touchgfx::Bitmap&) [with T = touchgfx::ClickButtonTrigger]	40	static
../Middlewares/ST/touchgfx/framework/include/touchgfx/containers/buttons/IconButtonStyle.hpp:137:18:void touchgfx::IconButtonStyle<T>::handlePressedUpdated() [with T = touchgfx::ClickButtonTrigger]	24	static
../Middlewares/ST/touchgfx/framework/include/touchgfx/containers/buttons/IconButtonStyle.hpp:144:18:void touchgfx::IconButtonStyle<T>::handleAlphaUpdated() [with T = touchgfx::ClickButtonTrigger]	24	static
../Middlewares/ST/touchgfx/framework/include/touchgfx/Callback.hpp:386:18:void touchgfx::Callback<dest_type, T1, void, void>::execute(T1) [with dest_type = KeyboardNBViewBase; T1 = const touchgfx::AbstractButtonContainer&]	16	static
../Middlewares/ST/touchgfx/framework/include/touchgfx/Callback.hpp:396:18:bool touchgfx::Callback<dest_type, T1, void, void>::isValid() const [with dest_type = KeyboardNBViewBase; T1 = const touchgfx::AbstractButtonContainer&]	16	static
../Middlewares/ST/touchgfx/framework/include/touchgfx/Callback.hpp:386:18:void touchgfx::Callback<dest_type, T1, void, void>::execute(T1) [with dest_type = KeyboardNBViewBase; T1 = const touchgfx::AbstractButton&]	16	static
../Middlewares/ST/touchgfx/framework/include/touchgfx/Callback.hpp:396:18:bool touchgfx::Callback<dest_type, T1, void, void>::isValid() const [with dest_type = KeyboardNBViewBase; T1 = const touchgfx::AbstractButton&]	16	static
../Middlewares/ST/touchgfx/framework/include/touchgfx/containers/buttons/TextButtonStyle.hpp:138:18:void touchgfx::TextButtonStyle<T>::handlePressedUpdated() [with T = touchgfx::BoxWithBorderButtonStyle<touchgfx::ClickButtonTrigger>]	32	static
../Middlewares/ST/touchgfx/framework/include/touchgfx/containers/buttons/TextButtonStyle.hpp:145:18:void touchgfx::TextButtonStyle<T>::handleAlphaUpdated() [with T = touchgfx::BoxWithBorderButtonStyle<touchgfx::ClickButtonTrigger>]	24	static
../Middlewares/ST/touchgfx/framework/include/touchgfx/containers/buttons/BoxWithBorderButtonStyle.hpp:123:18:void touchgfx::BoxWithBorderButtonStyle<T>::handlePressedUpdated() [with T = touchgfx::ClickButtonTrigger]	24	static
../Middlewares/ST/touchgfx/framework/include/touchgfx/containers/buttons/BoxWithBorderButtonStyle.hpp:131:18:void touchgfx::BoxWithBorderButtonStyle<T>::handleAlphaUpdated() [with T = touchgfx::ClickButtonTrigger]	24	static
