../Middlewares/ST/touchgfx/framework/include/mvp/Presenter.hpp:37:18:virtual void touchgfx::Presenter::activate()	16	static
../Middlewares/ST/touchgfx/framework/include/mvp/Presenter.hpp:47:18:virtual void touchgfx::Presenter::deactivate()	16	static
../Middlewares/ST/touchgfx/framework/include/mvp/Presenter.hpp:52:13:touchgfx::Presenter::~Presenter()	16	static
../Middlewares/ST/touchgfx/framework/include/mvp/Presenter.hpp:52:13:virtual touchgfx::Presenter::~Presenter()	16	static
../Middlewares/ST/touchgfx/framework/include/mvp/Presenter.hpp:58:5:touchgfx::Presenter::Presenter()	16	static
d:\stm32cubeide_1.6.1\stm32cubeide\plugins\com.st.stm32cube.ide.mcu.externaltools.gnu-tools-for-stm32.10.3-2021.10.win32_1.0.0.202111181127\tools\bin\../lib/gcc/arm-none-eabi/10.3.1/../../../../arm-none-eabi/include/c++/10.3.1/arm-none-eabi/thumb/v7e-m+dp/hard/bits/gthr-default.h:229:1:int __gthread_key_delete(__gthread_key_t)	16	static
../TouchGFX/gui/include/gui/model/ModelListener.hpp:9:5:ModelListener::ModelListener()	16	static
../TouchGFX/gui/include/gui/model/ModelListener.hpp:11:13:ModelListener::~ModelListener()	16	static
../TouchGFX/gui/include/gui/model/ModelListener.hpp:11:13:virtual ModelListener::~ModelListener()	16	static
../TouchGFX/gui/include/gui/model/ModelListener.hpp:13:18:virtual void ModelListener::AlarmOrEvent()	16	static
../TouchGFX/gui/include/gui/model/ModelListener.hpp:15:18:virtual void ModelListener::batteryUpdated()	16	static
../TouchGFX/gui/include/gui/model/ModelListener.hpp:17:18:virtual void ModelListener::currentTimeUpdated()	16	static
../TouchGFX/gui/include/gui/model/ModelListener.hpp:19:18:virtual void ModelListener::syringeUpdated()	16	static
../TouchGFX/gui/include/gui/model/ModelListener.hpp:21:18:virtual void ModelListener::motorStatusUpdated()	16	static
../TouchGFX/gui/include/gui/keyboardnb_screen/KeyboardNbPresenter.hpp:28:13:KeyboardNbPresenter::~KeyboardNbPresenter()	16	static
../TouchGFX/gui/include/gui/keyboardnb_screen/KeyboardNbPresenter.hpp:28:13:virtual KeyboardNbPresenter::~KeyboardNbPresenter()	16	static
../TouchGFX/gui/src/keyboardnb_screen/KeyboardNbPresenter.cpp:4:1:KeyboardNbPresenter::KeyboardNbPresenter(KeyboardNbView&)	16	static
../TouchGFX/gui/src/keyboardnb_screen/KeyboardNbPresenter.cpp:10:6:virtual void KeyboardNbPresenter::activate()	16	static
../TouchGFX/gui/src/keyboardnb_screen/KeyboardNbPresenter.cpp:15:6:virtual void KeyboardNbPresenter::deactivate()	16	static
../TouchGFX/gui/src/keyboardnb_screen/KeyboardNbPresenter.cpp:20:9:uint8_t KeyboardNbPresenter::getDisplayMode()	16	static
../TouchGFX/gui/src/keyboardnb_screen/KeyboardNbPresenter.cpp:25:6:virtual void KeyboardNbPresenter::AlarmOrEvent()	16	static
../TouchGFX/gui/src/keyboardnb_screen/KeyboardNbPresenter.cpp:30:9:uint8_t KeyboardNbPresenter::getKeyboardUser()	16	static
../TouchGFX/gui/src/keyboardnb_screen/KeyboardNbPresenter.cpp:35:6:void KeyboardNbPresenter::savePatientWeight(uint16_t)	16	static
../TouchGFX/gui/src/keyboardnb_screen/KeyboardNbPresenter.cpp:39:6:void KeyboardNbPresenter::savePatientHeight(uint8_t)	16	static
../TouchGFX/gui/src/keyboardnb_screen/KeyboardNbPresenter.cpp:43:6:void KeyboardNbPresenter::savePatientAge(uint8_t)	16	static
../TouchGFX/gui/src/keyboardnb_screen/KeyboardNbPresenter.cpp:48:6:void KeyboardNbPresenter::saveBolusRate(SW_float)	16	static
../TouchGFX/gui/src/keyboardnb_screen/KeyboardNbPresenter.cpp:53:6:void KeyboardNbPresenter::saveKVORate(SW_float)	16	static
../TouchGFX/gui/src/keyboardnb_screen/KeyboardNbPresenter.cpp:58:6:void KeyboardNbPresenter::saveInfusionVolume(SW_float)	16	static
../TouchGFX/gui/src/keyboardnb_screen/KeyboardNbPresenter.cpp:63:6:void KeyboardNbPresenter::saveTotalVolume(SW_float)	16	static
../TouchGFX/gui/src/keyboardnb_screen/KeyboardNbPresenter.cpp:68:6:void KeyboardNbPresenter::saveFlowaRate(SW_float)	16	static
../TouchGFX/gui/src/keyboardnb_screen/KeyboardNbPresenter.cpp:73:6:void KeyboardNbPresenter::savePressureThresholdLow(uint16_t)	16	static
../TouchGFX/gui/src/keyboardnb_screen/KeyboardNbPresenter.cpp:78:6:void KeyboardNbPresenter::savePressureThresholdMedium(uint16_t)	16	static
../TouchGFX/gui/src/keyboardnb_screen/KeyboardNbPresenter.cpp:83:6:void KeyboardNbPresenter::savePressureThresholdHigh(uint16_t)	16	static
