../Middlewares/ST/touchgfx/framework/include/mvp/Presenter.hpp:37:18:virtual void touchgfx::Presenter::activate()	16	static
../Middlewares/ST/touchgfx/framework/include/mvp/Presenter.hpp:47:18:virtual void touchgfx::Presenter::deactivate()	16	static
../Middlewares/ST/touchgfx/framework/include/mvp/Presenter.hpp:52:13:touchgfx::Presenter::~Presenter()	16	static
../Middlewares/ST/touchgfx/framework/include/mvp/Presenter.hpp:52:13:virtual touchgfx::Presenter::~Presenter()	16	static
../Middlewares/ST/touchgfx/framework/include/mvp/Presenter.hpp:58:5:touchgfx::Presenter::Presenter()	16	static
../TouchGFX/gui/include/gui/model/ModelListener.hpp:10:5:ModelListener::ModelListener()	16	static
../TouchGFX/gui/include/gui/model/ModelListener.hpp:12:13:ModelListener::~ModelListener()	16	static
../TouchGFX/gui/include/gui/model/ModelListener.hpp:12:13:virtual ModelListener::~ModelListener()	16	static
../TouchGFX/gui/include/gui/model/ModelListener.hpp:14:18:virtual void ModelListener::batterystateready()	16	static
../TouchGFX/gui/include/gui/model/ModelListener.hpp:16:18:virtual void ModelListener::AlarmOrEvent()	16	static
../TouchGFX/gui/include/gui/startup_screen/startupPresenter.hpp:28:13:startupPresenter::~startupPresenter()	16	static
../TouchGFX/gui/include/gui/startup_screen/startupPresenter.hpp:28:13:virtual startupPresenter::~startupPresenter()	16	static
../TouchGFX/gui/src/startup_screen/StartUpPresenter.cpp:4:1:startupPresenter::startupPresenter(startupView&)	16	static
../TouchGFX/gui/src/startup_screen/StartUpPresenter.cpp:10:6:virtual void startupPresenter::activate()	16	static
../TouchGFX/gui/src/startup_screen/StartUpPresenter.cpp:15:6:virtual void startupPresenter::deactivate()	16	static
../TouchGFX/gui/src/startup_screen/StartUpPresenter.cpp:20:6:virtual void startupPresenter::AlarmOrEvent()	16	static
