Presenter.hpp:37:18:virtual void touchgfx::Presenter::activate()	16	static
Presenter.hpp:47:18:virtual void touchgfx::Presenter::deactivate()	16	static
Presenter.hpp:52:13:touchgfx::Presenter::~Presenter()	16	static
Presenter.hpp:52:13:virtual touchgfx::Presenter::~Presenter()	16	static
Presenter.hpp:58:5:touchgfx::Presenter::Presenter()	16	static
gthr-default.h:229:1:int __gthread_key_delete(__gthread_key_t)	16	static
ModelListener.hpp:9:5:ModelListener::ModelListener()	16	static
ModelListener.hpp:11:13:ModelListener::~ModelListener()	16	static
ModelListener.hpp:11:13:virtual ModelListener::~ModelListener()	16	static
ModelListener.hpp:13:18:virtual void ModelListener::AlarmOrEvent()	16	static
ModelListener.hpp:15:18:virtual void ModelListener::batteryUpdated()	16	static
ModelListener.hpp:17:18:virtual void ModelListener::currentTimeUpdated()	16	static
ModelListener.hpp:19:18:virtual void ModelListener::syringeUpdated()	16	static
ModelListener.hpp:21:18:virtual void ModelListener::motorStatusUpdated()	16	static
StartUpPresenter.hpp:28:13:StartUpPresenter::~StartUpPresenter()	16	static
StartUpPresenter.hpp:28:13:virtual StartUpPresenter::~StartUpPresenter()	16	static
StartUpPresenter.cpp:4:1:StartUpPresenter::StartUpPresenter(StartUpView&)	16	static
StartUpPresenter.cpp:10:6:virtual void StartUpPresenter::activate()	16	static
StartUpPresenter.cpp:15:6:virtual void StartUpPresenter::deactivate()	16	static
StartUpPresenter.cpp:20:9:uint8_t StartUpPresenter::getDisplayMode()	16	static
StartUpPresenter.cpp:25:9:uint8_t StartUpPresenter::getInitStatus()	16	static
