../Middlewares/ST/touchgfx/framework/include/mvp/Presenter.hpp:37:18:virtual void touchgfx::Presenter::activate()	16	static
../Middlewares/ST/touchgfx/framework/include/mvp/Presenter.hpp:47:18:virtual void touchgfx::Presenter::deactivate()	16	static
../Middlewares/ST/touchgfx/framework/include/mvp/Presenter.hpp:52:13:touchgfx::Presenter::~Presenter()	16	static
../Middlewares/ST/touchgfx/framework/include/mvp/Presenter.hpp:52:13:virtual touchgfx::Presenter::~Presenter()	16	static
../Middlewares/ST/touchgfx/framework/include/mvp/Presenter.hpp:58:5:touchgfx::Presenter::Presenter()	16	static
../TouchGFX/gui/include/gui/model/ModelListener.hpp:10:5:ModelListener::ModelListener()	16	static
../TouchGFX/gui/include/gui/model/ModelListener.hpp:12:13:ModelListener::~ModelListener()	16	static
../TouchGFX/gui/include/gui/model/ModelListener.hpp:12:13:virtual ModelListener::~ModelListener()	16	static
../TouchGFX/gui/include/gui/model/ModelListener.hpp:14:18:virtual void ModelListener::batterystateready()	16	static
../TouchGFX/gui/include/gui/model/ModelListener.hpp:16:18:virtual void ModelListener::AlarmOrEvent()	16	static
../TouchGFX/gui/include/gui/manual_screen/ManualPresenter.hpp:33:13:ManualPresenter::~ManualPresenter()	16	static
../TouchGFX/gui/include/gui/manual_screen/ManualPresenter.hpp:33:13:virtual ManualPresenter::~ManualPresenter()	16	static
../TouchGFX/gui/src/manual_screen/ManualPresenter.cpp:4:1:ManualPresenter::ManualPresenter(ManualView&)	16	static
../TouchGFX/gui/src/manual_screen/ManualPresenter.cpp:10:6:virtual void ManualPresenter::activate()	16	static
../TouchGFX/gui/src/manual_screen/ManualPresenter.cpp:15:6:virtual void ManualPresenter::deactivate()	16	static
../TouchGFX/gui/src/manual_screen/ManualPresenter.cpp:20:6:virtual void ManualPresenter::AlarmOrEvent()	16	static
